Archive member included to satisfy reference by file (symbol)

/usr/lib/gcc/arm-none-eabi/7.3.1/../../../arm-none-eabi/lib/thumb/v7e-m/fpv4-sp/hard/libc_nano.a(lib_a-atexit.o)
                              /usr/lib/gcc/arm-none-eabi/7.3.1/../../../arm-none-eabi/lib/thumb/v7e-m/fpv4-sp/hard/crt0.o (atexit)
/usr/lib/gcc/arm-none-eabi/7.3.1/../../../arm-none-eabi/lib/thumb/v7e-m/fpv4-sp/hard/libc_nano.a(lib_a-exit.o)
                              /usr/lib/gcc/arm-none-eabi/7.3.1/../../../arm-none-eabi/lib/thumb/v7e-m/fpv4-sp/hard/crt0.o (exit)
/usr/lib/gcc/arm-none-eabi/7.3.1/../../../arm-none-eabi/lib/thumb/v7e-m/fpv4-sp/hard/libc_nano.a(lib_a-fini.o)
                              /usr/lib/gcc/arm-none-eabi/7.3.1/../../../arm-none-eabi/lib/thumb/v7e-m/fpv4-sp/hard/crt0.o (__libc_fini_array)
/usr/lib/gcc/arm-none-eabi/7.3.1/../../../arm-none-eabi/lib/thumb/v7e-m/fpv4-sp/hard/libc_nano.a(lib_a-impure.o)
                              /usr/lib/gcc/arm-none-eabi/7.3.1/../../../arm-none-eabi/lib/thumb/v7e-m/fpv4-sp/hard/libc_nano.a(lib_a-exit.o) (_global_impure_ptr)
/usr/lib/gcc/arm-none-eabi/7.3.1/../../../arm-none-eabi/lib/thumb/v7e-m/fpv4-sp/hard/libc_nano.a(lib_a-init.o)
                              /usr/lib/gcc/arm-none-eabi/7.3.1/../../../arm-none-eabi/lib/thumb/v7e-m/fpv4-sp/hard/crt0.o (__libc_init_array)
/usr/lib/gcc/arm-none-eabi/7.3.1/../../../arm-none-eabi/lib/thumb/v7e-m/fpv4-sp/hard/libc_nano.a(lib_a-memset.o)
                              /usr/lib/gcc/arm-none-eabi/7.3.1/../../../arm-none-eabi/lib/thumb/v7e-m/fpv4-sp/hard/crt0.o (memset)
/usr/lib/gcc/arm-none-eabi/7.3.1/../../../arm-none-eabi/lib/thumb/v7e-m/fpv4-sp/hard/libc_nano.a(lib_a-__atexit.o)
                              /usr/lib/gcc/arm-none-eabi/7.3.1/../../../arm-none-eabi/lib/thumb/v7e-m/fpv4-sp/hard/libc_nano.a(lib_a-atexit.o) (__register_exitproc)
/usr/lib/gcc/arm-none-eabi/7.3.1/../../../arm-none-eabi/lib/thumb/v7e-m/fpv4-sp/hard/libc_nano.a(lib_a-__call_atexit.o)
                              /usr/lib/gcc/arm-none-eabi/7.3.1/../../../arm-none-eabi/lib/thumb/v7e-m/fpv4-sp/hard/libc_nano.a(lib_a-__atexit.o) (__call_exitprocs)
/usr/lib/gcc/arm-none-eabi/7.3.1/../../../arm-none-eabi/lib/thumb/v7e-m/fpv4-sp/hard/libnosys.a(_exit.o)
                              /usr/lib/gcc/arm-none-eabi/7.3.1/../../../arm-none-eabi/lib/thumb/v7e-m/fpv4-sp/hard/libc_nano.a(lib_a-exit.o) (_exit)
/usr/lib/gcc/arm-none-eabi/7.3.1/thumb/v7e-m/fpv4-sp/hard/libgcc.a(_aeabi_uldivmod.o)
                              build/stm32g4xx_hal_uart.o (__aeabi_uldivmod)
/usr/lib/gcc/arm-none-eabi/7.3.1/thumb/v7e-m/fpv4-sp/hard/libgcc.a(_udivmoddi4.o)
                              /usr/lib/gcc/arm-none-eabi/7.3.1/thumb/v7e-m/fpv4-sp/hard/libgcc.a(_aeabi_uldivmod.o) (__udivmoddi4)
/usr/lib/gcc/arm-none-eabi/7.3.1/thumb/v7e-m/fpv4-sp/hard/libgcc.a(_dvmd_tls.o)
                              /usr/lib/gcc/arm-none-eabi/7.3.1/thumb/v7e-m/fpv4-sp/hard/libgcc.a(_aeabi_uldivmod.o) (__aeabi_ldiv0)

Allocating common symbols
Common symbol       size              file

uwTick              0x4               build/stm32g4xx_hal.o
hlpuart1            0x8c              build/usart.o

Discarded input sections

 .text          0x0000000000000000        0x0 /usr/lib/gcc/arm-none-eabi/7.3.1/thumb/v7e-m/fpv4-sp/hard/crti.o
 .data          0x0000000000000000        0x0 /usr/lib/gcc/arm-none-eabi/7.3.1/thumb/v7e-m/fpv4-sp/hard/crti.o
 .bss           0x0000000000000000        0x0 /usr/lib/gcc/arm-none-eabi/7.3.1/thumb/v7e-m/fpv4-sp/hard/crti.o
 .data          0x0000000000000000        0x4 /usr/lib/gcc/arm-none-eabi/7.3.1/thumb/v7e-m/fpv4-sp/hard/crtbegin.o
 .text          0x0000000000000000       0x68 /usr/lib/gcc/arm-none-eabi/7.3.1/../../../arm-none-eabi/lib/thumb/v7e-m/fpv4-sp/hard/crt0.o
 .data          0x0000000000000000        0x0 /usr/lib/gcc/arm-none-eabi/7.3.1/../../../arm-none-eabi/lib/thumb/v7e-m/fpv4-sp/hard/crt0.o
 .bss           0x0000000000000000        0x0 /usr/lib/gcc/arm-none-eabi/7.3.1/../../../arm-none-eabi/lib/thumb/v7e-m/fpv4-sp/hard/crt0.o
 .ARM.extab     0x0000000000000000        0x0 /usr/lib/gcc/arm-none-eabi/7.3.1/../../../arm-none-eabi/lib/thumb/v7e-m/fpv4-sp/hard/crt0.o
 .ARM.exidx     0x0000000000000000        0x8 /usr/lib/gcc/arm-none-eabi/7.3.1/../../../arm-none-eabi/lib/thumb/v7e-m/fpv4-sp/hard/crt0.o
 .debug_line    0x0000000000000000       0x87 /usr/lib/gcc/arm-none-eabi/7.3.1/../../../arm-none-eabi/lib/thumb/v7e-m/fpv4-sp/hard/crt0.o
 .debug_info    0x0000000000000000       0x26 /usr/lib/gcc/arm-none-eabi/7.3.1/../../../arm-none-eabi/lib/thumb/v7e-m/fpv4-sp/hard/crt0.o
 .debug_abbrev  0x0000000000000000       0x14 /usr/lib/gcc/arm-none-eabi/7.3.1/../../../arm-none-eabi/lib/thumb/v7e-m/fpv4-sp/hard/crt0.o
 .debug_aranges
                0x0000000000000000       0x20 /usr/lib/gcc/arm-none-eabi/7.3.1/../../../arm-none-eabi/lib/thumb/v7e-m/fpv4-sp/hard/crt0.o
[...]
Memory Configuration

Name             Origin             Length             Attributes
RAM              0x0000000020000000 0x0000000000020000 xrw
FLASH            0x0000000008000000 0x0000000000080000 xr
*default*        0x0000000000000000 0xffffffffffffffff

Linker script and memory map

LOAD /usr/lib/gcc/arm-none-eabi/7.3.1/thumb/v7e-m/fpv4-sp/hard/crti.o
LOAD /usr/lib/gcc/arm-none-eabi/7.3.1/thumb/v7e-m/fpv4-sp/hard/crtbegin.o
LOAD /usr/lib/gcc/arm-none-eabi/7.3.1/../../../arm-none-eabi/lib/thumb/v7e-m/fpv4-sp/hard/crt0.o
LOAD build/main.o
LOAD build/gpio.o
LOAD build/usart.o
LOAD build/stm32g4xx_it.o
LOAD build/stm32g4xx_hal_msp.o
LOAD build/stm32g4xx_hal_gpio.o
LOAD build/stm32g4xx_hal_uart.o
LOAD build/stm32g4xx_hal_uart_ex.o
LOAD build/stm32g4xx_hal.o
LOAD build/stm32g4xx_hal_rcc.o
LOAD build/stm32g4xx_hal_rcc_ex.o
LOAD build/stm32g4xx_hal_flash.o
LOAD build/stm32g4xx_hal_flash_ex.o
LOAD build/stm32g4xx_hal_flash_ramfunc.o
LOAD build/stm32g4xx_hal_exti.o
LOAD build/stm32g4xx_hal_dma.o
LOAD build/stm32g4xx_hal_dma_ex.o
LOAD build/stm32g4xx_hal_pwr.o
LOAD build/stm32g4xx_hal_pwr_ex.o
LOAD build/stm32g4xx_hal_cortex.o
LOAD build/stm32g4xx_hal_tim.o
LOAD build/stm32g4xx_hal_tim_ex.o
LOAD build/system_stm32g4xx.o
LOAD build/startup_stm32g474xx.o
LOAD /usr/lib/gcc/arm-none-eabi/7.3.1/../../../arm-none-eabi/lib/thumb/v7e-m/fpv4-sp/hard/libc_nano.a
LOAD /usr/lib/gcc/arm-none-eabi/7.3.1/../../../arm-none-eabi/lib/thumb/v7e-m/fpv4-sp/hard/libm.a
LOAD /usr/lib/gcc/arm-none-eabi/7.3.1/../../../arm-none-eabi/lib/thumb/v7e-m/fpv4-sp/hard/libnosys.a
START GROUP
LOAD /usr/lib/gcc/arm-none-eabi/7.3.1/thumb/v7e-m/fpv4-sp/hard/libgcc.a
LOAD /usr/lib/gcc/arm-none-eabi/7.3.1/../../../arm-none-eabi/lib/thumb/v7e-m/fpv4-sp/hard/libc_nano.a
END GROUP
START GROUP
LOAD /usr/lib/gcc/arm-none-eabi/7.3.1/thumb/v7e-m/fpv4-sp/hard/libgcc.a
LOAD /usr/lib/gcc/arm-none-eabi/7.3.1/../../../arm-none-eabi/lib/thumb/v7e-m/fpv4-sp/hard/libc_nano.a
END GROUP
LOAD /usr/lib/gcc/arm-none-eabi/7.3.1/thumb/v7e-m/fpv4-sp/hard/crtend.o
LOAD /usr/lib/gcc/arm-none-eabi/7.3.1/thumb/v7e-m/fpv4-sp/hard/crtn.o
                0x0000000020020000                _estack = 0x20020000
                0x0000000000000200                _Min_Heap_Size = 0x200
                0x0000000000000400                _Min_Stack_Size = 0x400

.isr_vector     0x0000000008000000      0x1d8
                0x0000000008000000                . = ALIGN (0x4)
 *(.isr_vector)
 .isr_vector    0x0000000008000000      0x1d8 build/startup_stm32g474xx.o
                0x0000000008000000                g_pfnVectors
                0x00000000080001d8                . = ALIGN (0x4)

.text           0x00000000080001d8     0x2988
                0x00000000080001d8                . = ALIGN (0x4)
 *(.text)
 .text          0x00000000080001d8       0x88 /usr/lib/gcc/arm-none-eabi/7.3.1/thumb/v7e-m/fpv4-sp/hard/crtbegin.o
 .text          0x0000000008000260       0x48 /usr/lib/gcc/arm-none-eabi/7.3.1/../../../arm-none-eabi/lib/thumb/v7e-m/fpv4-sp/hard/libc_nano.a(lib_a-init.o)
                0x0000000008000260                __libc_init_array
 .text          0x00000000080002a8       0x94 /usr/lib/gcc/arm-none-eabi/7.3.1/../../../arm-none-eabi/lib/thumb/v7e-m/fpv4-sp/hard/libc_nano.a(lib_a-memset.o)
                0x00000000080002a8                memset
 .text          0x000000000800033c       0x30 /usr/lib/gcc/arm-none-eabi/7.3.1/thumb/v7e-m/fpv4-sp/hard/libgcc.a(_aeabi_uldivmod.o)
                0x000000000800033c                __aeabi_uldivmod
 .text          0x000000000800036c      0x2cc /usr/lib/gcc/arm-none-eabi/7.3.1/thumb/v7e-m/fpv4-sp/hard/libgcc.a(_udivmoddi4.o)
                0x000000000800036c                __udivmoddi4
 .text          0x0000000008000638        0x4 /usr/lib/gcc/arm-none-eabi/7.3.1/thumb/v7e-m/fpv4-sp/hard/libgcc.a(_dvmd_tls.o)
                0x0000000008000638                __aeabi_ldiv0
                0x0000000008000638                __aeabi_idiv0
 *(.text*)
 .text.SystemClock_Config
                0x000000000800063c       0x76 build/main.o
                0x000000000800063c                SystemClock_Config
 .text.main     0x00000000080006b2       0x3c build/main.o
                0x00000000080006b2                main
 .text.Error_Handler
                0x00000000080006ee        0x2 build/main.o
                0x00000000080006ee                Error_Handler
 .text.assert_failed
                0x00000000080006f0        0x2 build/main.o
                0x00000000080006f0                assert_failed
 *fill*         0x00000000080006f2        0x2 
 .text.MX_GPIO_Init
                0x00000000080006f4      0x140 build/gpio.o
                0x00000000080006f4                MX_GPIO_Init
 .text.MX_LPUART1_UART_Init
                0x0000000008000834       0x64 build/usart.o
                0x0000000008000834                MX_LPUART1_UART_Init
 .text.HAL_UART_MspInit
                0x0000000008000898       0x64 build/usart.o
                0x0000000008000898                HAL_UART_MspInit
 .text.NMI_Handler
                0x00000000080008fc        0x2 build/stm32g4xx_it.o
                0x00000000080008fc                NMI_Handler
 .text.HardFault_Handler
                0x00000000080008fe        0x2 build/stm32g4xx_it.o
                0x00000000080008fe                HardFault_Handler
 .text.MemManage_Handler
                0x0000000008000900        0x2 build/stm32g4xx_it.o
                0x0000000008000900                MemManage_Handler
 .text.BusFault_Handler
                0x0000000008000902        0x2 build/stm32g4xx_it.o
                0x0000000008000902                BusFault_Handler
 .text.UsageFault_Handler
                0x0000000008000904        0x2 build/stm32g4xx_it.o
                0x0000000008000904                UsageFault_Handler
 .text.SVC_Handler
                0x0000000008000906        0x2 build/stm32g4xx_it.o
                0x0000000008000906                SVC_Handler
 .text.DebugMon_Handler
                0x0000000008000908        0x2 build/stm32g4xx_it.o
                0x0000000008000908                DebugMon_Handler
 .text.PendSV_Handler
                0x000000000800090a        0x2 build/stm32g4xx_it.o
                0x000000000800090a                PendSV_Handler
 .text.SysTick_Handler
                0x000000000800090c        0x8 build/stm32g4xx_it.o
                0x000000000800090c                SysTick_Handler
 .text.EXTI15_10_IRQHandler
                0x0000000008000914        0xc build/stm32g4xx_it.o
                0x0000000008000914                EXTI15_10_IRQHandler
 .text.HAL_MspInit
                0x0000000008000920       0x38 build/stm32g4xx_hal_msp.o
                0x0000000008000920                HAL_MspInit
 .text.HAL_GPIO_Init
                0x0000000008000958      0x2d0 build/stm32g4xx_hal_gpio.o
                0x0000000008000958                HAL_GPIO_Init
 .text.HAL_GPIO_WritePin
                0x0000000008000c28       0x34 build/stm32g4xx_hal_gpio.o
                0x0000000008000c28                HAL_GPIO_WritePin
 .text.HAL_GPIO_EXTI_Callback
                0x0000000008000c5c        0x2 build/stm32g4xx_hal_gpio.o
                0x0000000008000c5c                HAL_GPIO_EXTI_Callback
 *fill*         0x0000000008000c5e        0x2 
 .text.HAL_GPIO_EXTI_IRQHandler
                0x0000000008000c60       0x1c build/stm32g4xx_hal_gpio.o
                0x0000000008000c60                HAL_GPIO_EXTI_IRQHandler
 .text.UART_SetConfig
                0x0000000008000c7c      0x4a4 build/stm32g4xx_hal_uart.o
                0x0000000008000c7c                UART_SetConfig
 .text.UART_AdvFeatureConfig
                0x0000000008001120      0x1f4 build/stm32g4xx_hal_uart.o
                0x0000000008001120                UART_AdvFeatureConfig
 .text.UART_WaitOnFlagUntilTimeout
                0x0000000008001314       0xa6 build/stm32g4xx_hal_uart.o
                0x0000000008001314                UART_WaitOnFlagUntilTimeout
 .text.UART_CheckIdleState
                0x00000000080013ba       0x72 build/stm32g4xx_hal_uart.o
                0x00000000080013ba                UART_CheckIdleState
 .text.HAL_UART_Init
                0x000000000800142c       0xf4 build/stm32g4xx_hal_uart.o
                0x000000000800142c                HAL_UART_Init
 .text.UARTEx_SetNbDataToProcess
                0x0000000008001520       0x74 build/stm32g4xx_hal_uart_ex.o
 .text.HAL_UARTEx_DisableFifoMode
                0x0000000008001594       0x84 build/stm32g4xx_hal_uart_ex.o
                0x0000000008001594                HAL_UARTEx_DisableFifoMode
 .text.HAL_UARTEx_SetTxFifoThreshold
                0x0000000008001618       0xbc build/stm32g4xx_hal_uart_ex.o
                0x0000000008001618                HAL_UARTEx_SetTxFifoThreshold
 .text.HAL_UARTEx_SetRxFifoThreshold
                0x00000000080016d4       0xbc build/stm32g4xx_hal_uart_ex.o
                0x00000000080016d4                HAL_UARTEx_SetRxFifoThreshold
 .text.HAL_InitTick
                0x0000000008001790       0x50 build/stm32g4xx_hal.o
                0x0000000008001790                HAL_InitTick
 .text.HAL_Init
                0x00000000080017e0       0x1e build/stm32g4xx_hal.o
                0x00000000080017e0                HAL_Init
 *fill*         0x00000000080017fe        0x2 
 .text.HAL_IncTick
                0x0000000008001800       0x18 build/stm32g4xx_hal.o
                0x0000000008001800                HAL_IncTick
 .text.HAL_GetTick
                0x0000000008001818        0xc build/stm32g4xx_hal.o
                0x0000000008001818                HAL_GetTick
 .text.HAL_Delay
                0x0000000008001824       0x28 build/stm32g4xx_hal.o
                0x0000000008001824                HAL_Delay
 .text.RCC_GetSysClockFreqFromPLLSource
                0x000000000800184c       0x58 build/stm32g4xx_hal_rcc.o
 .text.HAL_RCC_OscConfig
                0x00000000080018a4      0x638 build/stm32g4xx_hal_rcc.o
                0x00000000080018a4                HAL_RCC_OscConfig
 .text.HAL_RCC_GetSysClockFreq
                0x0000000008001edc       0x88 build/stm32g4xx_hal_rcc.o
                0x0000000008001edc                HAL_RCC_GetSysClockFreq
 .text.HAL_RCC_ClockConfig
                0x0000000008001f64      0x2bc build/stm32g4xx_hal_rcc.o
                0x0000000008001f64                HAL_RCC_ClockConfig
 .text.HAL_RCC_GetHCLKFreq
                0x0000000008002220        0xc build/stm32g4xx_hal_rcc.o
                0x0000000008002220                HAL_RCC_GetHCLKFreq
 .text.HAL_RCC_GetPCLK1Freq
                0x000000000800222c       0x24 build/stm32g4xx_hal_rcc.o
                0x000000000800222c                HAL_RCC_GetPCLK1Freq
 .text.HAL_RCC_GetPCLK2Freq
                0x0000000008002250       0x24 build/stm32g4xx_hal_rcc.o
                0x0000000008002250                HAL_RCC_GetPCLK2Freq
 .text.HAL_RCCEx_PeriphCLKConfig
                0x0000000008002274      0x604 build/stm32g4xx_hal_rcc_ex.o
                0x0000000008002274                HAL_RCCEx_PeriphCLKConfig
 .text.HAL_PWREx_ControlVoltageScaling
                0x0000000008002878      0x12c build/stm32g4xx_hal_pwr_ex.o
                0x0000000008002878                HAL_PWREx_ControlVoltageScaling
 .text.HAL_PWREx_DisableUCPDDeadBattery
                0x00000000080029a4       0x10 build/stm32g4xx_hal_pwr_ex.o
                0x00000000080029a4                HAL_PWREx_DisableUCPDDeadBattery
 .text.HAL_NVIC_SetPriorityGrouping
                0x00000000080029b4       0x3c build/stm32g4xx_hal_cortex.o
                0x00000000080029b4                HAL_NVIC_SetPriorityGrouping
 .text.HAL_NVIC_SetPriority
                0x00000000080029f0       0x8c build/stm32g4xx_hal_cortex.o
                0x00000000080029f0                HAL_NVIC_SetPriority
 .text.HAL_NVIC_EnableIRQ
                0x0000000008002a7c       0x30 build/stm32g4xx_hal_cortex.o
                0x0000000008002a7c                HAL_NVIC_EnableIRQ
 .text.HAL_SYSTICK_Config
                0x0000000008002aac       0x2c build/stm32g4xx_hal_cortex.o
                0x0000000008002aac                HAL_SYSTICK_Config
 .text.SystemInit
                0x0000000008002ad8       0x1c build/system_stm32g4xx.o
                0x0000000008002ad8                SystemInit
 .text.Reset_Handler
                0x0000000008002af4       0x50 build/startup_stm32g474xx.o
                0x0000000008002af4                Reset_Handler
 .text.Default_Handler
                0x0000000008002b44        0x2 build/startup_stm32g474xx.o
                0x0000000008002b44                RTC_Alarm_IRQHandler
                0x0000000008002b44                EXTI2_IRQHandler
                0x0000000008002b44                TIM8_TRG_COM_IRQHandler
                0x0000000008002b44                TIM8_CC_IRQHandler
                0x0000000008002b44                HRTIM1_Master_IRQHandler
                0x0000000008002b44                SPI4_IRQHandler
                0x0000000008002b44                FDCAN3_IT0_IRQHandler
                0x0000000008002b44                TIM1_CC_IRQHandler
                0x0000000008002b44                HRTIM1_FLT_IRQHandler
                0x0000000008002b44                HRTIM1_TIMF_IRQHandler
                0x0000000008002b44                USB_HP_IRQHandler
                0x0000000008002b44                CORDIC_IRQHandler
                0x0000000008002b44                HRTIM1_TIMD_IRQHandler
                0x0000000008002b44                DMA2_Channel8_IRQHandler
                0x0000000008002b44                EXTI3_IRQHandler
                0x0000000008002b44                I2C3_ER_IRQHandler
                0x0000000008002b44                EXTI0_IRQHandler
                0x0000000008002b44                I2C2_EV_IRQHandler
                0x0000000008002b44                FPU_IRQHandler
                0x0000000008002b44                FDCAN1_IT1_IRQHandler
                0x0000000008002b44                TIM1_UP_TIM16_IRQHandler
                0x0000000008002b44                ADC1_2_IRQHandler
                0x0000000008002b44                HRTIM1_TIME_IRQHandler
                0x0000000008002b44                SPI1_IRQHandler
                0x0000000008002b44                TIM6_DAC_IRQHandler
                0x0000000008002b44                HRTIM1_TIMC_IRQHandler
                0x0000000008002b44                TIM8_UP_IRQHandler
                0x0000000008002b44                DMA2_Channel2_IRQHandler
                0x0000000008002b44                DMA1_Channel4_IRQHandler
                0x0000000008002b44                TIM20_TRG_COM_IRQHandler
                0x0000000008002b44                USART3_IRQHandler
                0x0000000008002b44                DMA1_Channel7_IRQHandler
                0x0000000008002b44                UART5_IRQHandler
                0x0000000008002b44                ADC3_IRQHandler
                0x0000000008002b44                TIM4_IRQHandler
                0x0000000008002b44                DMA2_Channel1_IRQHandler
                0x0000000008002b44                QUADSPI_IRQHandler
                0x0000000008002b44                I2C1_EV_IRQHandler
                0x0000000008002b44                DMA1_Channel6_IRQHandler
                0x0000000008002b44                UART4_IRQHandler
                0x0000000008002b44                DMA2_Channel4_IRQHandler
                0x0000000008002b44                TIM3_IRQHandler
                0x0000000008002b44                RCC_IRQHandler
                0x0000000008002b44                TIM20_UP_IRQHandler
                0x0000000008002b44                DMA1_Channel1_IRQHandler
                0x0000000008002b44                Default_Handler
                0x0000000008002b44                DMA2_Channel7_IRQHandler
                0x0000000008002b44                RTC_TAMP_LSECSS_IRQHandler
                0x0000000008002b44                FMAC_IRQHandler
                0x0000000008002b44                DMA1_Channel8_IRQHandler
                0x0000000008002b44                HRTIM1_TIMA_IRQHandler
                0x0000000008002b44                TIM7_DAC_IRQHandler
                0x0000000008002b44                FDCAN3_IT1_IRQHandler
                0x0000000008002b44                TIM5_IRQHandler
                0x0000000008002b44                UCPD1_IRQHandler
                0x0000000008002b44                I2C3_EV_IRQHandler
                0x0000000008002b44                EXTI9_5_IRQHandler
                0x0000000008002b44                RTC_WKUP_IRQHandler
                0x0000000008002b44                PVD_PVM_IRQHandler
                0x0000000008002b44                SPI2_IRQHandler
                0x0000000008002b44                ADC5_IRQHandler
                0x0000000008002b44                DMA2_Channel5_IRQHandler
                0x0000000008002b44                CRS_IRQHandler
                0x0000000008002b44                DMA1_Channel5_IRQHandler
                0x0000000008002b44                USB_LP_IRQHandler
                0x0000000008002b44                EXTI4_IRQHandler
                0x0000000008002b44                RNG_IRQHandler
                0x0000000008002b44                HRTIM1_TIMB_IRQHandler
                0x0000000008002b44                TIM1_TRG_COM_TIM17_IRQHandler
                0x0000000008002b44                FDCAN2_IT1_IRQHandler
                0x0000000008002b44                DMA1_Channel3_IRQHandler
                0x0000000008002b44                ADC4_IRQHandler
                0x0000000008002b44                WWDG_IRQHandler
                0x0000000008002b44                I2C4_EV_IRQHandler
                0x0000000008002b44                FDCAN2_IT0_IRQHandler
                0x0000000008002b44                LPUART1_IRQHandler
                0x0000000008002b44                DMA2_Channel6_IRQHandler
                0x0000000008002b44                FDCAN1_IT0_IRQHandler
                0x0000000008002b44                TIM2_IRQHandler
                0x0000000008002b44                COMP7_IRQHandler
                0x0000000008002b44                COMP1_2_3_IRQHandler
                0x0000000008002b44                EXTI1_IRQHandler
                0x0000000008002b44                USART2_IRQHandler
                0x0000000008002b44                COMP4_5_6_IRQHandler
                0x0000000008002b44                TIM20_BRK_IRQHandler
                0x0000000008002b44                I2C2_ER_IRQHandler
                0x0000000008002b44                DMA1_Channel2_IRQHandler
                0x0000000008002b44                TIM8_BRK_IRQHandler
                0x0000000008002b44                FLASH_IRQHandler
                0x0000000008002b44                TIM20_CC_IRQHandler
                0x0000000008002b44                USART1_IRQHandler
                0x0000000008002b44                SPI3_IRQHandler
                0x0000000008002b44                I2C1_ER_IRQHandler
                0x0000000008002b44                FMC_IRQHandler
                0x0000000008002b44                LPTIM1_IRQHandler
                0x0000000008002b44                DMAMUX_OVR_IRQHandler
                0x0000000008002b44                I2C4_ER_IRQHandler
                0x0000000008002b44                USBWakeUp_IRQHandler
                0x0000000008002b44                SAI1_IRQHandler
                0x0000000008002b44                DMA2_Channel3_IRQHandler
                0x0000000008002b44                TIM1_BRK_TIM15_IRQHandler
 *(.glue_7)
 .glue_7        0x0000000008002b46        0x0 linker stubs
 *(.glue_7t)
 .glue_7t       0x0000000008002b46        0x0 linker stubs
 *(.eh_frame)
 *fill*         0x0000000008002b46        0x2 
 .eh_frame      0x0000000008002b48        0x0 /usr/lib/gcc/arm-none-eabi/7.3.1/thumb/v7e-m/fpv4-sp/hard/crtbegin.o
 *(.init)
 .init          0x0000000008002b48        0x4 /usr/lib/gcc/arm-none-eabi/7.3.1/thumb/v7e-m/fpv4-sp/hard/crti.o
                0x0000000008002b48                _init
 .init          0x0000000008002b4c        0x8 /usr/lib/gcc/arm-none-eabi/7.3.1/thumb/v7e-m/fpv4-sp/hard/crtn.o
 *(.fini)
 .fini          0x0000000008002b54        0x4 /usr/lib/gcc/arm-none-eabi/7.3.1/thumb/v7e-m/fpv4-sp/hard/crti.o
                0x0000000008002b54                _fini
 .fini          0x0000000008002b58        0x8 /usr/lib/gcc/arm-none-eabi/7.3.1/thumb/v7e-m/fpv4-sp/hard/crtn.o
                0x0000000008002b60                . = ALIGN (0x4)
                0x0000000008002b60                _etext = .

.vfp11_veneer   0x0000000008002b60        0x0
 .vfp11_veneer  0x0000000008002b60        0x0 linker stubs

.v4_bx          0x0000000008002b60        0x0
 .v4_bx         0x0000000008002b60        0x0 linker stubs

.iplt           0x0000000008002b60        0x0
 .iplt          0x0000000008002b60        0x0 /usr/lib/gcc/arm-none-eabi/7.3.1/thumb/v7e-m/fpv4-sp/hard/crtbegin.o

.rodata         0x0000000008002b60      0x1cc
                0x0000000008002b60                . = ALIGN (0x4)
 *(.rodata)
 .rodata        0x0000000008002b60       0x10 build/stm32g4xx_hal_uart_ex.o
 *(.rodata*)
 .rodata.HAL_GPIO_Init.str1.4
                0x0000000008002b70       0x36 build/stm32g4xx_hal_gpio.o
 *fill*         0x0000000008002ba6        0x2 
 .rodata.HAL_UART_DeInit.str1.4
                0x0000000008002ba8       0x36 build/stm32g4xx_hal_uart.o
 *fill*         0x0000000008002bde        0x2 
 .rodata.UARTPrescTable
                0x0000000008002be0       0x18 build/stm32g4xx_hal_uart.o
                0x0000000008002be0                UARTPrescTable
 .rodata.UARTEx_Wakeup_AddressConfig.str1.4
                0x0000000008002bf8       0x39 build/stm32g4xx_hal_uart_ex.o
 *fill*         0x0000000008002c31        0x3 
 .rodata.HAL_RCC_OscConfig.str1.4
                0x0000000008002c34       0x35 build/stm32g4xx_hal_rcc.o
 *fill*         0x0000000008002c69        0x3 
 .rodata.HAL_RCCEx_PeriphCLKConfig.str1.4
                0x0000000008002c6c       0x38 build/stm32g4xx_hal_rcc_ex.o
 .rodata.HAL_PWREx_ControlVoltageScaling.str1.4
                0x0000000008002ca4       0x38 build/stm32g4xx_hal_pwr_ex.o
 .rodata.HAL_NVIC_SetPriorityGrouping.str1.4
                0x0000000008002cdc       0x38 build/stm32g4xx_hal_cortex.o
 .rodata.AHBPrescTable
                0x0000000008002d14       0x10 build/system_stm32g4xx.o
                0x0000000008002d14                AHBPrescTable
 .rodata.APBPrescTable
                0x0000000008002d24        0x8 build/system_stm32g4xx.o
                0x0000000008002d24                APBPrescTable
                0x0000000008002d2c                . = ALIGN (0x4)

.ARM.extab
 *(.ARM.extab* .gnu.linkonce.armextab.*)

.ARM            0x0000000008002d2c        0x8
                0x0000000008002d2c                __exidx_start = .
 *(.ARM.exidx*)
 .ARM.exidx     0x0000000008002d2c        0x8 /usr/lib/gcc/arm-none-eabi/7.3.1/thumb/v7e-m/fpv4-sp/hard/libgcc.a(_udivmoddi4.o)
                0x0000000008002d34                __exidx_end = .

.rel.dyn        0x0000000008002d34        0x0
 .rel.iplt      0x0000000008002d34        0x0 /usr/lib/gcc/arm-none-eabi/7.3.1/thumb/v7e-m/fpv4-sp/hard/crtbegin.o

.preinit_array  0x0000000008002d34        0x0
                0x0000000008002d34                PROVIDE (__preinit_array_start = .)
 *(.preinit_array*)
                0x0000000008002d34                PROVIDE (__preinit_array_end = .)

.init_array     0x0000000008002d34        0x4
                0x0000000008002d34                PROVIDE (__init_array_start = .)
 *(SORT_BY_NAME(.init_array.*))
 *(.init_array*)
 .init_array    0x0000000008002d34        0x4 /usr/lib/gcc/arm-none-eabi/7.3.1/thumb/v7e-m/fpv4-sp/hard/crtbegin.o
                0x0000000008002d38                PROVIDE (__init_array_end = .)

.fini_array     0x0000000008002d38        0x4
                0x0000000008002d38                PROVIDE (__fini_array_start = .)
 *(SORT_BY_NAME(.fini_array.*))
 *(.fini_array*)
 .fini_array    0x0000000008002d38        0x4 /usr/lib/gcc/arm-none-eabi/7.3.1/thumb/v7e-m/fpv4-sp/hard/crtbegin.o
                0x0000000008002d3c                PROVIDE (__fini_array_end = .)
                0x0000000008002d3c                _sidata = LOADADDR (.data)

.data           0x0000000020000000        0xc load address 0x0000000008002d3c
                0x0000000020000000                . = ALIGN (0x4)
                0x0000000020000000                _sdata = .
 *(.data)
 *(.data*)
 .data.uwTickFreq
                0x0000000020000000        0x4 build/stm32g4xx_hal.o
                0x0000000020000000                uwTickFreq
 .data.uwTickPrio
                0x0000000020000004        0x4 build/stm32g4xx_hal.o
                0x0000000020000004                uwTickPrio
 .data.SystemCoreClock
                0x0000000020000008        0x4 build/system_stm32g4xx.o
                0x0000000020000008                SystemCoreClock
                0x000000002000000c                . = ALIGN (0x4)
                0x000000002000000c                _edata = .

.tm_clone_table
                0x000000002000000c        0x0 load address 0x0000000008002d48
 .tm_clone_table
                0x000000002000000c        0x0 /usr/lib/gcc/arm-none-eabi/7.3.1/thumb/v7e-m/fpv4-sp/hard/crtbegin.o
 .tm_clone_table
                0x000000002000000c        0x0 /usr/lib/gcc/arm-none-eabi/7.3.1/thumb/v7e-m/fpv4-sp/hard/crtend.o

.igot.plt       0x000000002000000c        0x0 load address 0x0000000008002d48
 .igot.plt      0x000000002000000c        0x0 /usr/lib/gcc/arm-none-eabi/7.3.1/thumb/v7e-m/fpv4-sp/hard/crtbegin.o
                0x000000002000000c                . = ALIGN (0x4)

.bss            0x000000002000000c       0xac load address 0x0000000008002d48
                0x000000002000000c                _sbss = .
                0x000000002000000c                __bss_start__ = _sbss
 *(.bss)
 .bss           0x000000002000000c       0x1c /usr/lib/gcc/arm-none-eabi/7.3.1/thumb/v7e-m/fpv4-sp/hard/crtbegin.o
 *(.bss*)
 *(COMMON)
 COMMON         0x0000000020000028       0x8c build/usart.o
                0x0000000020000028                hlpuart1
 COMMON         0x00000000200000b4        0x4 build/stm32g4xx_hal.o
                0x00000000200000b4                uwTick
                0x00000000200000b8                . = ALIGN (0x4)
                0x00000000200000b8                _ebss = .
                0x00000000200000b8                __bss_end__ = _ebss

._user_heap_stack
                0x00000000200000b8      0x600 load address 0x0000000008002d48
                0x00000000200000b8                . = ALIGN (0x8)
                [!provide]                        PROVIDE (end = .)
                [!provide]                        PROVIDE (_end = .)
                0x00000000200002b8                . = (. + _Min_Heap_Size)
 *fill*         0x00000000200000b8      0x200 
                0x00000000200006b8                . = (. + _Min_Stack_Size)
 *fill*         0x00000000200002b8      0x400 
                0x00000000200006b8                . = ALIGN (0x8)

/DISCARD/
 libc.a(*)
 libm.a(*)
 libgcc.a(*)

.ARM.attributes
                0x0000000000000000       0x30
 *(.ARM.attributes)
 .ARM.attributes
                0x0000000000000000       0x22 /usr/lib/gcc/arm-none-eabi/7.3.1/thumb/v7e-m/fpv4-sp/hard/crti.o
 .ARM.attributes
                0x0000000000000022       0x34 /usr/lib/gcc/arm-none-eabi/7.3.1/thumb/v7e-m/fpv4-sp/hard/crtbegin.o
 .ARM.attributes
                0x0000000000000056       0x39 build/main.o
 .ARM.attributes
                0x000000000000008f       0x39 build/gpio.o
 .ARM.attributes
                0x00000000000000c8       0x39 build/usart.o
 .ARM.attributes
                0x0000000000000101       0x39 build/stm32g4xx_it.o
 .ARM.attributes
                0x000000000000013a       0x39 build/stm32g4xx_hal_msp.o
 .ARM.attributes
                0x0000000000000173       0x39 build/stm32g4xx_hal_gpio.o
 .ARM.attributes
                0x00000000000001ac       0x39 build/stm32g4xx_hal_uart.o
 .ARM.attributes
                0x00000000000001e5       0x39 build/stm32g4xx_hal_uart_ex.o
 .ARM.attributes
                0x000000000000021e       0x39 build/stm32g4xx_hal.o
 .ARM.attributes
                0x0000000000000257       0x39 build/stm32g4xx_hal_rcc.o
 .ARM.attributes
                0x0000000000000290       0x39 build/stm32g4xx_hal_rcc_ex.o
 .ARM.attributes
                0x00000000000002c9       0x39 build/stm32g4xx_hal_pwr_ex.o
 .ARM.attributes
                0x0000000000000302       0x39 build/stm32g4xx_hal_cortex.o
 .ARM.attributes
                0x000000000000033b       0x39 build/system_stm32g4xx.o
 .ARM.attributes
                0x0000000000000374       0x21 build/startup_stm32g474xx.o
 .ARM.attributes
                0x0000000000000395       0x34 /usr/lib/gcc/arm-none-eabi/7.3.1/../../../arm-none-eabi/lib/thumb/v7e-m/fpv4-sp/hard/libc_nano.a(lib_a-init.o)
 .ARM.attributes
                0x00000000000003c9       0x34 /usr/lib/gcc/arm-none-eabi/7.3.1/../../../arm-none-eabi/lib/thumb/v7e-m/fpv4-sp/hard/libc_nano.a(lib_a-memset.o)
 .ARM.attributes
                0x00000000000003fd       0x22 /usr/lib/gcc/arm-none-eabi/7.3.1/thumb/v7e-m/fpv4-sp/hard/libgcc.a(_aeabi_uldivmod.o)
 .ARM.attributes
                0x000000000000041f       0x34 /usr/lib/gcc/arm-none-eabi/7.3.1/thumb/v7e-m/fpv4-sp/hard/libgcc.a(_udivmoddi4.o)
 .ARM.attributes
                0x0000000000000453       0x22 /usr/lib/gcc/arm-none-eabi/7.3.1/thumb/v7e-m/fpv4-sp/hard/libgcc.a(_dvmd_tls.o)
 .ARM.attributes
                0x0000000000000475       0x34 /usr/lib/gcc/arm-none-eabi/7.3.1/thumb/v7e-m/fpv4-sp/hard/crtend.o
 .ARM.attributes
                0x00000000000004a9       0x22 /usr/lib/gcc/arm-none-eabi/7.3.1/thumb/v7e-m/fpv4-sp/hard/crtn.o
OUTPUT(build/stm32g474_blinky.elf elf32-littlearm)

.comment        0x0000000000000000       0xae
 .comment       0x0000000000000000       0x57 /usr/lib/gcc/arm-none-eabi/7.3.1/thumb/v7e-m/fpv4-sp/hard/crtbegin.o
                                         0x58 (size before relaxing)
 .comment       0x0000000000000057       0x58 build/main.o
 .comment       0x0000000000000057       0x58 build/gpio.o
 .comment       0x0000000000000057       0x58 build/usart.o
 .comment       0x0000000000000057       0x58 build/stm32g4xx_it.o
 .comment       0x0000000000000057       0x58 build/stm32g4xx_hal_msp.o
 .comment       0x0000000000000057       0x58 build/stm32g4xx_hal_gpio.o
 .comment       0x0000000000000057       0x58 build/stm32g4xx_hal_uart.o
 .comment       0x0000000000000057       0x58 build/stm32g4xx_hal_uart_ex.o
 .comment       0x0000000000000057       0x58 build/stm32g4xx_hal.o
 .comment       0x0000000000000057       0x58 build/stm32g4xx_hal_rcc.o
 .comment       0x0000000000000057       0x58 build/stm32g4xx_hal_rcc_ex.o
 .comment       0x0000000000000057       0x58 build/stm32g4xx_hal_pwr_ex.o
 .comment       0x0000000000000057       0x58 build/stm32g4xx_hal_cortex.o
 .comment       0x0000000000000057       0x58 build/system_stm32g4xx.o
 .comment       0x0000000000000057       0x57 /usr/lib/gcc/arm-none-eabi/7.3.1/../../../arm-none-eabi/lib/thumb/v7e-m/fpv4-sp/hard/libc_nano.a(lib_a-init.o)
                                         0x58 (size before relaxing)
 .comment       0x00000000000000ae       0x58 /usr/lib/gcc/arm-none-eabi/7.3.1/../../../arm-none-eabi/lib/thumb/v7e-m/fpv4-sp/hard/libc_nano.a(lib_a-memset.o)
 .comment       0x00000000000000ae       0x58 /usr/lib/gcc/arm-none-eabi/7.3.1/thumb/v7e-m/fpv4-sp/hard/libgcc.a(_udivmoddi4.o)
 .comment       0x00000000000000ae       0x58 /usr/lib/gcc/arm-none-eabi/7.3.1/thumb/v7e-m/fpv4-sp/hard/crtend.o

.debug_info     0x0000000000000000     0xf581
 .debug_info    0x0000000000000000      0xf70 build/main.o
 .debug_info    0x0000000000000f70      0xb1f build/gpio.o
 .debug_info    0x0000000000001a8f      0xf19 build/usart.o
 .debug_info    0x00000000000029a8      0x3cc build/stm32g4xx_it.o
 .debug_info    0x0000000000002d74      0x597 build/stm32g4xx_hal_msp.o
 .debug_info    0x000000000000330b      0xc5a build/stm32g4xx_hal_gpio.o
 .debug_info    0x0000000000003f65     0x26dd build/stm32g4xx_hal_uart.o
 .debug_info    0x0000000000006642     0x10a6 build/stm32g4xx_hal_uart_ex.o
 .debug_info    0x00000000000076e8      0xf2e build/stm32g4xx_hal.o
 .debug_info    0x0000000000008616     0x13b8 build/stm32g4xx_hal_rcc.o
 .debug_info    0x00000000000099ce     0x150d build/stm32g4xx_hal_rcc_ex.o
 .debug_info    0x000000000000aedb      0xdf4 build/stm32g4xx_hal_pwr_ex.o
 .debug_info    0x000000000000bccf     0x1476 build/stm32g4xx_hal_cortex.o
 .debug_info    0x000000000000d145      0x79d build/system_stm32g4xx.o
 .debug_info    0x000000000000d8e2       0x22 build/startup_stm32g474xx.o
 .debug_info    0x000000000000d904      0x109 /usr/lib/gcc/arm-none-eabi/7.3.1/../../../arm-none-eabi/lib/thumb/v7e-m/fpv4-sp/hard/libc_nano.a(lib_a-init.o)
 .debug_info    0x000000000000da0d      0xe1d /usr/lib/gcc/arm-none-eabi/7.3.1/../../../arm-none-eabi/lib/thumb/v7e-m/fpv4-sp/hard/libc_nano.a(lib_a-memset.o)
 .debug_info    0x000000000000e82a       0x26 /usr/lib/gcc/arm-none-eabi/7.3.1/thumb/v7e-m/fpv4-sp/hard/libgcc.a(_aeabi_uldivmod.o)
 .debug_info    0x000000000000e850      0xd0b /usr/lib/gcc/arm-none-eabi/7.3.1/thumb/v7e-m/fpv4-sp/hard/libgcc.a(_udivmoddi4.o)
 .debug_info    0x000000000000f55b       0x26 /usr/lib/gcc/arm-none-eabi/7.3.1/thumb/v7e-m/fpv4-sp/hard/libgcc.a(_dvmd_tls.o)

.debug_abbrev   0x0000000000000000     0x2094
 .debug_abbrev  0x0000000000000000      0x215 build/main.o
 .debug_abbrev  0x0000000000000215      0x16b build/gpio.o
 .debug_abbrev  0x0000000000000380      0x1ca build/usart.o
 .debug_abbrev  0x000000000000054a      0x117 build/stm32g4xx_it.o
 .debug_abbrev  0x0000000000000661      0x13a build/stm32g4xx_hal_msp.o
 .debug_abbrev  0x000000000000079b      0x22f build/stm32g4xx_hal_gpio.o
 .debug_abbrev  0x00000000000009ca      0x2a9 build/stm32g4xx_hal_uart.o
 .debug_abbrev  0x0000000000000c73      0x242 build/stm32g4xx_hal_uart_ex.o
 .debug_abbrev  0x0000000000000eb5      0x209 build/stm32g4xx_hal.o
 .debug_abbrev  0x00000000000010be      0x255 build/stm32g4xx_hal_rcc.o
 .debug_abbrev  0x0000000000001313      0x25b build/stm32g4xx_hal_rcc_ex.o
 .debug_abbrev  0x000000000000156e      0x241 build/stm32g4xx_hal_pwr_ex.o
 .debug_abbrev  0x00000000000017af      0x36a build/stm32g4xx_hal_cortex.o
 .debug_abbrev  0x0000000000001b19      0x146 build/system_stm32g4xx.o
 .debug_abbrev  0x0000000000001c5f       0x12 build/startup_stm32g474xx.o
 .debug_abbrev  0x0000000000001c71       0xba /usr/lib/gcc/arm-none-eabi/7.3.1/../../../arm-none-eabi/lib/thumb/v7e-m/fpv4-sp/hard/libc_nano.a(lib_a-init.o)
 .debug_abbrev  0x0000000000001d2b      0x1a8 /usr/lib/gcc/arm-none-eabi/7.3.1/../../../arm-none-eabi/lib/thumb/v7e-m/fpv4-sp/hard/libc_nano.a(lib_a-memset.o)
 .debug_abbrev  0x0000000000001ed3       0x14 /usr/lib/gcc/arm-none-eabi/7.3.1/thumb/v7e-m/fpv4-sp/hard/libgcc.a(_aeabi_uldivmod.o)
 .debug_abbrev  0x0000000000001ee7      0x199 /usr/lib/gcc/arm-none-eabi/7.3.1/thumb/v7e-m/fpv4-sp/hard/libgcc.a(_udivmoddi4.o)
 .debug_abbrev  0x0000000000002080       0x14 /usr/lib/gcc/arm-none-eabi/7.3.1/thumb/v7e-m/fpv4-sp/hard/libgcc.a(_dvmd_tls.o)

.debug_loc      0x0000000000000000     0x6a02
 .debug_loc     0x0000000000000000       0x59 build/main.o
 .debug_loc     0x0000000000000059       0x39 build/gpio.o
 .debug_loc     0x0000000000000092       0xf8 build/usart.o
 .debug_loc     0x000000000000018a       0x40 build/stm32g4xx_it.o
 .debug_loc     0x00000000000001ca       0x38 build/stm32g4xx_hal_msp.o
 .debug_loc     0x0000000000000202      0x5b4 build/stm32g4xx_hal_gpio.o
 .debug_loc     0x00000000000007b6     0x20fe build/stm32g4xx_hal_uart.o
 .debug_loc     0x00000000000028b4      0x5a5 build/stm32g4xx_hal_uart_ex.o
 .debug_loc     0x0000000000002e59      0x3a1 build/stm32g4xx_hal.o
 .debug_loc     0x00000000000031fa      0x7de build/stm32g4xx_hal_rcc.o
 .debug_loc     0x00000000000039d8      0xf64 build/stm32g4xx_hal_rcc_ex.o
 .debug_loc     0x000000000000493c      0x748 build/stm32g4xx_hal_pwr_ex.o
 .debug_loc     0x0000000000005084      0x89c build/stm32g4xx_hal_cortex.o
 .debug_loc     0x0000000000005920       0x80 build/system_stm32g4xx.o
 .debug_loc     0x00000000000059a0       0xa2 /usr/lib/gcc/arm-none-eabi/7.3.1/../../../arm-none-eabi/lib/thumb/v7e-m/fpv4-sp/hard/libc_nano.a(lib_a-init.o)
 .debug_loc     0x0000000000005a42      0x175 /usr/lib/gcc/arm-none-eabi/7.3.1/../../../arm-none-eabi/lib/thumb/v7e-m/fpv4-sp/hard/libc_nano.a(lib_a-memset.o)
 .debug_loc     0x0000000000005bb7      0xe4b /usr/lib/gcc/arm-none-eabi/7.3.1/thumb/v7e-m/fpv4-sp/hard/libgcc.a(_udivmoddi4.o)

.debug_aranges  0x0000000000000000      0x970
 .debug_aranges
                0x0000000000000000       0x38 build/main.o
 .debug_aranges
                0x0000000000000038       0x20 build/gpio.o
 .debug_aranges
                0x0000000000000058       0x30 build/usart.o
 .debug_aranges
                0x0000000000000088       0x68 build/stm32g4xx_it.o
 .debug_aranges
                0x00000000000000f0       0x20 build/stm32g4xx_hal_msp.o
 .debug_aranges
                0x0000000000000110       0x58 build/stm32g4xx_hal_gpio.o
 .debug_aranges
                0x0000000000000168      0x230 build/stm32g4xx_hal_uart.o
 .debug_aranges
                0x0000000000000398       0x88 build/stm32g4xx_hal_uart_ex.o
 .debug_aranges
                0x0000000000000420      0x130 build/stm32g4xx_hal.o
 .debug_aranges
                0x0000000000000550       0x98 build/stm32g4xx_hal_rcc.o
 .debug_aranges
                0x00000000000005e8       0xb0 build/stm32g4xx_hal_rcc_ex.o
 .debug_aranges
                0x0000000000000698      0x140 build/stm32g4xx_hal_pwr_ex.o
 .debug_aranges
                0x00000000000007d8       0xa8 build/stm32g4xx_hal_cortex.o
 .debug_aranges
                0x0000000000000880       0x28 build/system_stm32g4xx.o
 .debug_aranges
                0x00000000000008a8       0x28 build/startup_stm32g474xx.o
 .debug_aranges
                0x00000000000008d0       0x20 /usr/lib/gcc/arm-none-eabi/7.3.1/../../../arm-none-eabi/lib/thumb/v7e-m/fpv4-sp/hard/libc_nano.a(lib_a-init.o)
 .debug_aranges
                0x00000000000008f0       0x20 /usr/lib/gcc/arm-none-eabi/7.3.1/../../../arm-none-eabi/lib/thumb/v7e-m/fpv4-sp/hard/libc_nano.a(lib_a-memset.o)
 .debug_aranges
                0x0000000000000910       0x20 /usr/lib/gcc/arm-none-eabi/7.3.1/thumb/v7e-m/fpv4-sp/hard/libgcc.a(_aeabi_uldivmod.o)
 .debug_aranges
                0x0000000000000930       0x20 /usr/lib/gcc/arm-none-eabi/7.3.1/thumb/v7e-m/fpv4-sp/hard/libgcc.a(_udivmoddi4.o)
 .debug_aranges
                0x0000000000000950       0x20 /usr/lib/gcc/arm-none-eabi/7.3.1/thumb/v7e-m/fpv4-sp/hard/libgcc.a(_dvmd_tls.o)

.debug_ranges   0x0000000000000000      0x978
 .debug_ranges  0x0000000000000000       0x28 build/main.o
 .debug_ranges  0x0000000000000028       0x10 build/gpio.o
 .debug_ranges  0x0000000000000038       0x20 build/usart.o
 .debug_ranges  0x0000000000000058       0x58 build/stm32g4xx_it.o
 .debug_ranges  0x00000000000000b0       0x10 build/stm32g4xx_hal_msp.o
 .debug_ranges  0x00000000000000c0       0x48 build/stm32g4xx_hal_gpio.o
 .debug_ranges  0x0000000000000108      0x220 build/stm32g4xx_hal_uart.o
 .debug_ranges  0x0000000000000328       0x78 build/stm32g4xx_hal_uart_ex.o
 .debug_ranges  0x00000000000003a0      0x120 build/stm32g4xx_hal.o
 .debug_ranges  0x00000000000004c0       0xa0 build/stm32g4xx_hal_rcc.o
 .debug_ranges  0x0000000000000560       0xc0 build/stm32g4xx_hal_rcc_ex.o
 .debug_ranges  0x0000000000000620      0x130 build/stm32g4xx_hal_pwr_ex.o
 .debug_ranges  0x0000000000000750      0x110 build/stm32g4xx_hal_cortex.o
 .debug_ranges  0x0000000000000860       0x18 build/system_stm32g4xx.o
 .debug_ranges  0x0000000000000878       0x20 build/startup_stm32g474xx.o
 .debug_ranges  0x0000000000000898       0xe0 /usr/lib/gcc/arm-none-eabi/7.3.1/thumb/v7e-m/fpv4-sp/hard/libgcc.a(_udivmoddi4.o)

.debug_line     0x0000000000000000     0x4e93
 .debug_line    0x0000000000000000      0x291 build/main.o
 .debug_line    0x0000000000000291      0x1df build/gpio.o
 .debug_line    0x0000000000000470      0x239 build/usart.o
 .debug_line    0x00000000000006a9      0x22d build/stm32g4xx_it.o
 .debug_line    0x00000000000008d6      0x1b1 build/stm32g4xx_hal_msp.o
 .debug_line    0x0000000000000a87      0x45e build/stm32g4xx_hal_gpio.o
 .debug_line    0x0000000000000ee5     0x113a build/stm32g4xx_hal_uart.o
 .debug_line    0x000000000000201f      0x5b4 build/stm32g4xx_hal_uart_ex.o
 .debug_line    0x00000000000025d3      0x4be build/stm32g4xx_hal.o
 .debug_line    0x0000000000002a91      0x6ac build/stm32g4xx_hal_rcc.o
 .debug_line    0x000000000000313d      0x9ca build/stm32g4xx_hal_rcc_ex.o
 .debug_line    0x0000000000003b07      0x6d0 build/stm32g4xx_hal_pwr_ex.o
 .debug_line    0x00000000000041d7      0x4dc build/stm32g4xx_hal_cortex.o
 .debug_line    0x00000000000046b3      0x1bc build/system_stm32g4xx.o
 .debug_line    0x000000000000486f       0x77 build/startup_stm32g474xx.o
 .debug_line    0x00000000000048e6       0xbf /usr/lib/gcc/arm-none-eabi/7.3.1/../../../arm-none-eabi/lib/thumb/v7e-m/fpv4-sp/hard/libc_nano.a(lib_a-init.o)
 .debug_line    0x00000000000049a5      0x1c4 /usr/lib/gcc/arm-none-eabi/7.3.1/../../../arm-none-eabi/lib/thumb/v7e-m/fpv4-sp/hard/libc_nano.a(lib_a-memset.o)
 .debug_line    0x0000000000004b69       0x63 /usr/lib/gcc/arm-none-eabi/7.3.1/thumb/v7e-m/fpv4-sp/hard/libgcc.a(_aeabi_uldivmod.o)
 .debug_line    0x0000000000004bcc      0x264 /usr/lib/gcc/arm-none-eabi/7.3.1/thumb/v7e-m/fpv4-sp/hard/libgcc.a(_udivmoddi4.o)
 .debug_line    0x0000000000004e30       0x63 /usr/lib/gcc/arm-none-eabi/7.3.1/thumb/v7e-m/fpv4-sp/hard/libgcc.a(_dvmd_tls.o)

.debug_str      0x0000000000000000     0x51a8
 .debug_str     0x0000000000000000      0xc1a build/main.o
                                        0xce9 (size before relaxing)
 .debug_str     0x0000000000000c1a      0x7f8 build/gpio.o
                                        0xc2a (size before relaxing)
 .debug_str     0x0000000000001412       0xb5 build/usart.o
                                        0xb52 (size before relaxing)
 .debug_str     0x00000000000014c7       0xe2 build/stm32g4xx_it.o
                                        0x49d (size before relaxing)
 .debug_str     0x00000000000015a9       0x4a build/stm32g4xx_hal_msp.o
                                        0x55e (size before relaxing)
 .debug_str     0x00000000000015f3      0x148 build/stm32g4xx_hal_gpio.o
                                        0x76a (size before relaxing)
 .debug_str     0x000000000000173b      0x8a5 build/stm32g4xx_hal_uart.o
                                       0x1315 (size before relaxing)
 .debug_str     0x0000000000001fe0      0x1dd build/stm32g4xx_hal_uart_ex.o
                                        0xbeb (size before relaxing)
 .debug_str     0x00000000000021bd      0x3f0 build/stm32g4xx_hal.o
                                       0x101a (size before relaxing)
 .debug_str     0x00000000000025ad      0x287 build/stm32g4xx_hal_rcc.o
                                        0xa24 (size before relaxing)
 .debug_str     0x0000000000002834      0x372 build/stm32g4xx_hal_rcc_ex.o
                                        0xc8f (size before relaxing)
 .debug_str     0x0000000000002ba6      0x4d3 build/stm32g4xx_hal_pwr_ex.o
                                        0x9fe (size before relaxing)
 .debug_str     0x0000000000003079      0x42e build/stm32g4xx_hal_cortex.o
                                        0xf77 (size before relaxing)
 .debug_str     0x00000000000034a7       0x3d build/system_stm32g4xx.o
                                        0x5b9 (size before relaxing)
 .debug_str     0x00000000000034e4       0x24 build/startup_stm32g474xx.o
                                         0x50 (size before relaxing)
 .debug_str     0x0000000000003508      0x1cc /usr/lib/gcc/arm-none-eabi/7.3.1/../../../arm-none-eabi/lib/thumb/v7e-m/fpv4-sp/hard/libc_nano.a(lib_a-init.o)
                                        0x267 (size before relaxing)
 .debug_str     0x00000000000036d4      0x6eb /usr/lib/gcc/arm-none-eabi/7.3.1/../../../arm-none-eabi/lib/thumb/v7e-m/fpv4-sp/hard/libc_nano.a(lib_a-memset.o)
                                        0x94d (size before relaxing)
 .debug_str     0x0000000000003dbf       0x79 /usr/lib/gcc/arm-none-eabi/7.3.1/thumb/v7e-m/fpv4-sp/hard/libgcc.a(_aeabi_uldivmod.o)
                                         0x87 (size before relaxing)
 .debug_str     0x0000000000003e38     0x133d /usr/lib/gcc/arm-none-eabi/7.3.1/thumb/v7e-m/fpv4-sp/hard/libgcc.a(_udivmoddi4.o)
                                       0x1421 (size before relaxing)
 .debug_str     0x0000000000005175       0x33 /usr/lib/gcc/arm-none-eabi/7.3.1/thumb/v7e-m/fpv4-sp/hard/libgcc.a(_dvmd_tls.o)
                                         0x8b (size before relaxing)

.debug_frame    0x0000000000000000     0x17e4
 .debug_frame   0x0000000000000000       0x70 build/main.o
 .debug_frame   0x0000000000000070       0x38 build/gpio.o
 .debug_frame   0x00000000000000a8       0x68 build/usart.o
 .debug_frame   0x0000000000000110       0xc8 build/stm32g4xx_it.o
 .debug_frame   0x00000000000001d8       0x2c build/stm32g4xx_hal_msp.o
 .debug_frame   0x0000000000000204      0x11c build/stm32g4xx_hal_gpio.o
 .debug_frame   0x0000000000000320      0x6ec build/stm32g4xx_hal_uart.o
 .debug_frame   0x0000000000000a0c      0x1b0 build/stm32g4xx_hal_uart_ex.o
 .debug_frame   0x0000000000000bbc      0x2c0 build/stm32g4xx_hal.o
 .debug_frame   0x0000000000000e7c      0x1f0 build/stm32g4xx_hal_rcc.o
 .debug_frame   0x000000000000106c      0x1d8 build/stm32g4xx_hal_rcc_ex.o
 .debug_frame   0x0000000000001244      0x2e8 build/stm32g4xx_hal_pwr_ex.o
 .debug_frame   0x000000000000152c      0x1c4 build/stm32g4xx_hal_cortex.o
 .debug_frame   0x00000000000016f0       0x30 build/system_stm32g4xx.o
 .debug_frame   0x0000000000001720       0x2c /usr/lib/gcc/arm-none-eabi/7.3.1/../../../arm-none-eabi/lib/thumb/v7e-m/fpv4-sp/hard/libc_nano.a(lib_a-init.o)
 .debug_frame   0x000000000000174c       0x38 /usr/lib/gcc/arm-none-eabi/7.3.1/../../../arm-none-eabi/lib/thumb/v7e-m/fpv4-sp/hard/libc_nano.a(lib_a-memset.o)
 .debug_frame   0x0000000000001784       0x2c /usr/lib/gcc/arm-none-eabi/7.3.1/thumb/v7e-m/fpv4-sp/hard/libgcc.a(_aeabi_uldivmod.o)
 .debug_frame   0x00000000000017b0       0x34 /usr/lib/gcc/arm-none-eabi/7.3.1/thumb/v7e-m/fpv4-sp/hard/libgcc.a(_udivmoddi4.o)

Cross Reference Table

Symbol                                            File
ADC1_2_IRQHandler                                 build/startup_stm32g474xx.o
ADC3_IRQHandler                                   build/startup_stm32g474xx.o
ADC4_IRQHandler                                   build/startup_stm32g474xx.o
ADC5_IRQHandler                                   build/startup_stm32g474xx.o
AHBPrescTable                                     build/system_stm32g4xx.o
                                                  build/stm32g4xx_hal_rcc.o
APBPrescTable                                     build/system_stm32g4xx.o
                                                  build/stm32g4xx_hal_rcc.o
BusFault_Handler                                  build/stm32g4xx_it.o
COMP1_2_3_IRQHandler                              build/startup_stm32g474xx.o
COMP4_5_6_IRQHandler                              build/startup_stm32g474xx.o
COMP7_IRQHandler                                  build/startup_stm32g474xx.o
CORDIC_IRQHandler                                 build/startup_stm32g474xx.o
CRS_IRQHandler                                    build/startup_stm32g474xx.o
DMA1_Channel1_IRQHandler                          build/startup_stm32g474xx.o
DMA1_Channel2_IRQHandler                          build/startup_stm32g474xx.o
DMA1_Channel3_IRQHandler                          build/startup_stm32g474xx.o
DMA1_Channel4_IRQHandler                          build/startup_stm32g474xx.o
DMA1_Channel5_IRQHandler                          build/startup_stm32g474xx.o
DMA1_Channel6_IRQHandler                          build/startup_stm32g474xx.o
DMA1_Channel7_IRQHandler                          build/startup_stm32g474xx.o
DMA1_Channel8_IRQHandler                          build/startup_stm32g474xx.o
DMA2_Channel1_IRQHandler                          build/startup_stm32g474xx.o
DMA2_Channel2_IRQHandler                          build/startup_stm32g474xx.o
DMA2_Channel3_IRQHandler                          build/startup_stm32g474xx.o
DMA2_Channel4_IRQHandler                          build/startup_stm32g474xx.o
DMA2_Channel5_IRQHandler                          build/startup_stm32g474xx.o
DMA2_Channel6_IRQHandler                          build/startup_stm32g474xx.o
DMA2_Channel7_IRQHandler                          build/startup_stm32g474xx.o
DMA2_Channel8_IRQHandler                          build/startup_stm32g474xx.o
DMAMUX_OVR_IRQHandler                             build/startup_stm32g474xx.o
DebugMon_Handler                                  build/stm32g4xx_it.o
Default_Handler                                   build/startup_stm32g474xx.o
EXTI0_IRQHandler                                  build/startup_stm32g474xx.o
EXTI15_10_IRQHandler                              build/stm32g4xx_it.o
EXTI1_IRQHandler                                  build/startup_stm32g474xx.o
EXTI2_IRQHandler                                  build/startup_stm32g474xx.o
EXTI3_IRQHandler                                  build/startup_stm32g474xx.o
EXTI4_IRQHandler                                  build/startup_stm32g474xx.o
EXTI9_5_IRQHandler                                build/startup_stm32g474xx.o
Error_Handler                                     build/main.o
                                                  build/usart.o
FDCAN1_IT0_IRQHandler                             build/startup_stm32g474xx.o
FDCAN1_IT1_IRQHandler                             build/startup_stm32g474xx.o
FDCAN2_IT0_IRQHandler                             build/startup_stm32g474xx.o
FDCAN2_IT1_IRQHandler                             build/startup_stm32g474xx.o
FDCAN3_IT0_IRQHandler                             build/startup_stm32g474xx.o
FDCAN3_IT1_IRQHandler                             build/startup_stm32g474xx.o
FLASH_FlushCaches                                 build/stm32g4xx_hal_flash_ex.o
                                                  build/stm32g4xx_hal_flash.o
FLASH_IRQHandler                                  build/startup_stm32g474xx.o
FLASH_PageErase                                   build/stm32g4xx_hal_flash_ex.o
                                                  build/stm32g4xx_hal_flash.o
FLASH_WaitForLastOperation                        build/stm32g4xx_hal_flash.o
                                                  build/stm32g4xx_hal_flash_ex.o
FMAC_IRQHandler                                   build/startup_stm32g474xx.o
FMC_IRQHandler                                    build/startup_stm32g474xx.o
FPU_IRQHandler                                    build/startup_stm32g474xx.o
HAL_DBGMCU_DisableDBGSleepMode                    build/stm32g4xx_hal.o
HAL_DBGMCU_DisableDBGStandbyMode                  build/stm32g4xx_hal.o
HAL_DBGMCU_DisableDBGStopMode                     build/stm32g4xx_hal.o
HAL_DBGMCU_EnableDBGSleepMode                     build/stm32g4xx_hal.o
HAL_DBGMCU_EnableDBGStandbyMode                   build/stm32g4xx_hal.o
HAL_DBGMCU_EnableDBGStopMode                      build/stm32g4xx_hal.o
HAL_DMAEx_ConfigMuxRequestGenerator               build/stm32g4xx_hal_dma_ex.o
HAL_DMAEx_ConfigMuxSync                           build/stm32g4xx_hal_dma_ex.o
HAL_DMAEx_DisableMuxRequestGenerator              build/stm32g4xx_hal_dma_ex.o
HAL_DMAEx_EnableMuxRequestGenerator               build/stm32g4xx_hal_dma_ex.o
HAL_DMAEx_MUX_IRQHandler                          build/stm32g4xx_hal_dma_ex.o
HAL_DMA_Abort                                     build/stm32g4xx_hal_dma.o
                                                  build/stm32g4xx_hal_uart.o
HAL_DMA_Abort_IT                                  build/stm32g4xx_hal_dma.o
                                                  build/stm32g4xx_hal_uart.o
HAL_DMA_DeInit                                    build/stm32g4xx_hal_dma.o
HAL_DMA_GetError                                  build/stm32g4xx_hal_dma.o
                                                  build/stm32g4xx_hal_uart.o
HAL_DMA_GetState                                  build/stm32g4xx_hal_dma.o
HAL_DMA_IRQHandler                                build/stm32g4xx_hal_dma.o
HAL_DMA_Init                                      build/stm32g4xx_hal_dma.o
HAL_DMA_PollForTransfer                           build/stm32g4xx_hal_dma.o
HAL_DMA_RegisterCallback                          build/stm32g4xx_hal_dma.o
HAL_DMA_Start                                     build/stm32g4xx_hal_dma.o
HAL_DMA_Start_IT                                  build/stm32g4xx_hal_dma.o
                                                  build/stm32g4xx_hal_uart.o
HAL_DMA_UnRegisterCallback                        build/stm32g4xx_hal_dma.o
HAL_DeInit                                        build/stm32g4xx_hal.o
HAL_Delay                                         build/stm32g4xx_hal.o
                                                  build/main.o
HAL_EXTI_ClearConfigLine                          build/stm32g4xx_hal_exti.o
HAL_EXTI_ClearPending                             build/stm32g4xx_hal_exti.o
HAL_EXTI_GenerateSWI                              build/stm32g4xx_hal_exti.o
HAL_EXTI_GetConfigLine                            build/stm32g4xx_hal_exti.o
HAL_EXTI_GetHandle                                build/stm32g4xx_hal_exti.o
HAL_EXTI_GetPending                               build/stm32g4xx_hal_exti.o
HAL_EXTI_IRQHandler                               build/stm32g4xx_hal_exti.o
HAL_EXTI_RegisterCallback                         build/stm32g4xx_hal_exti.o
HAL_EXTI_SetConfigLine                            build/stm32g4xx_hal_exti.o
HAL_FLASHEx_DisableDebugger                       build/stm32g4xx_hal_flash_ex.o
HAL_FLASHEx_DisableRunPowerDown                   build/stm32g4xx_hal_flash_ramfunc.o
HAL_FLASHEx_EnableDebugger                        build/stm32g4xx_hal_flash_ex.o
HAL_FLASHEx_EnableRunPowerDown                    build/stm32g4xx_hal_flash_ramfunc.o
HAL_FLASHEx_EnableSecMemProtection                build/stm32g4xx_hal_flash_ex.o
HAL_FLASHEx_Erase                                 build/stm32g4xx_hal_flash_ex.o
HAL_FLASHEx_Erase_IT                              build/stm32g4xx_hal_flash_ex.o
HAL_FLASHEx_OBGetConfig                           build/stm32g4xx_hal_flash_ex.o
HAL_FLASHEx_OBProgram                             build/stm32g4xx_hal_flash_ex.o
HAL_FLASHEx_OB_DBankConfig                        build/stm32g4xx_hal_flash_ramfunc.o
HAL_FLASH_EndOfOperationCallback                  build/stm32g4xx_hal_flash.o
HAL_FLASH_GetError                                build/stm32g4xx_hal_flash.o
HAL_FLASH_IRQHandler                              build/stm32g4xx_hal_flash.o
HAL_FLASH_Lock                                    build/stm32g4xx_hal_flash.o
HAL_FLASH_OB_Launch                               build/stm32g4xx_hal_flash.o
HAL_FLASH_OB_Lock                                 build/stm32g4xx_hal_flash.o
HAL_FLASH_OB_Unlock                               build/stm32g4xx_hal_flash.o
HAL_FLASH_OperationErrorCallback                  build/stm32g4xx_hal_flash.o
HAL_FLASH_Program                                 build/stm32g4xx_hal_flash.o
HAL_FLASH_Program_IT                              build/stm32g4xx_hal_flash.o
HAL_FLASH_Unlock                                  build/stm32g4xx_hal_flash.o
HAL_GPIO_DeInit                                   build/stm32g4xx_hal_gpio.o
                                                  build/usart.o
HAL_GPIO_EXTI_Callback                            build/stm32g4xx_hal_gpio.o
HAL_GPIO_EXTI_IRQHandler                          build/stm32g4xx_hal_gpio.o
                                                  build/stm32g4xx_it.o
HAL_GPIO_Init                                     build/stm32g4xx_hal_gpio.o
                                                  build/stm32g4xx_hal_rcc_ex.o
                                                  build/stm32g4xx_hal_rcc.o
                                                  build/usart.o
                                                  build/gpio.o
HAL_GPIO_LockPin                                  build/stm32g4xx_hal_gpio.o
HAL_GPIO_ReadPin                                  build/stm32g4xx_hal_gpio.o
HAL_GPIO_TogglePin                                build/stm32g4xx_hal_gpio.o
HAL_GPIO_WritePin                                 build/stm32g4xx_hal_gpio.o
                                                  build/gpio.o
                                                  build/main.o
HAL_GetDEVID                                      build/stm32g4xx_hal.o
HAL_GetHalVersion                                 build/stm32g4xx_hal.o
HAL_GetREVID                                      build/stm32g4xx_hal.o
HAL_GetTick                                       build/stm32g4xx_hal.o
                                                  build/stm32g4xx_hal_dma.o
                                                  build/stm32g4xx_hal_flash.o
                                                  build/stm32g4xx_hal_rcc_ex.o
                                                  build/stm32g4xx_hal_rcc.o
                                                  build/stm32g4xx_hal_uart_ex.o
                                                  build/stm32g4xx_hal_uart.o
HAL_GetTickFreq                                   build/stm32g4xx_hal.o
HAL_GetTickPrio                                   build/stm32g4xx_hal.o
HAL_HalfDuplex_EnableReceiver                     build/stm32g4xx_hal_uart.o
HAL_HalfDuplex_EnableTransmitter                  build/stm32g4xx_hal_uart.o
HAL_HalfDuplex_Init                               build/stm32g4xx_hal_uart.o
HAL_IncTick                                       build/stm32g4xx_hal.o
                                                  build/stm32g4xx_it.o
HAL_Init                                          build/stm32g4xx_hal.o
                                                  build/main.o
HAL_InitTick                                      build/stm32g4xx_hal.o
                                                  build/stm32g4xx_hal_rcc.o
HAL_LIN_Init                                      build/stm32g4xx_hal_uart.o
HAL_LIN_SendBreak                                 build/stm32g4xx_hal_uart.o
HAL_MPU_ConfigRegion                              build/stm32g4xx_hal_cortex.o
HAL_MPU_Disable                                   build/stm32g4xx_hal_cortex.o
HAL_MPU_Enable                                    build/stm32g4xx_hal_cortex.o
HAL_MspDeInit                                     build/stm32g4xx_hal.o
HAL_MspInit                                       build/stm32g4xx_hal_msp.o
HAL_MultiProcessorEx_AddressLength_Set            build/stm32g4xx_hal_uart_ex.o
HAL_MultiProcessor_DisableMuteMode                build/stm32g4xx_hal_uart.o
HAL_MultiProcessor_EnableMuteMode                 build/stm32g4xx_hal_uart.o
HAL_MultiProcessor_EnterMuteMode                  build/stm32g4xx_hal_uart.o
HAL_MultiProcessor_Init                           build/stm32g4xx_hal_uart.o
HAL_NVIC_ClearPendingIRQ                          build/stm32g4xx_hal_cortex.o
HAL_NVIC_DisableIRQ                               build/stm32g4xx_hal_cortex.o
HAL_NVIC_EnableIRQ                                build/stm32g4xx_hal_cortex.o
                                                  build/gpio.o
HAL_NVIC_GetActive                                build/stm32g4xx_hal_cortex.o
HAL_NVIC_GetPendingIRQ                            build/stm32g4xx_hal_cortex.o
HAL_NVIC_GetPriority                              build/stm32g4xx_hal_cortex.o
HAL_NVIC_GetPriorityGrouping                      build/stm32g4xx_hal_cortex.o
HAL_NVIC_SetPendingIRQ                            build/stm32g4xx_hal_cortex.o
HAL_NVIC_SetPriority                              build/stm32g4xx_hal_cortex.o
                                                  build/stm32g4xx_hal.o
                                                  build/gpio.o
HAL_NVIC_SetPriorityGrouping                      build/stm32g4xx_hal_cortex.o
                                                  build/stm32g4xx_hal.o
HAL_NVIC_SystemReset                              build/stm32g4xx_hal_cortex.o
HAL_PWREx_ConfigPVM                               build/stm32g4xx_hal_pwr_ex.o
HAL_PWREx_ControlVoltageScaling                   build/stm32g4xx_hal_pwr_ex.o
                                                  build/main.o
HAL_PWREx_DisableBatteryCharging                  build/stm32g4xx_hal_pwr_ex.o
HAL_PWREx_DisableGPIOPullDown                     build/stm32g4xx_hal_pwr_ex.o
HAL_PWREx_DisableGPIOPullUp                       build/stm32g4xx_hal_pwr_ex.o
HAL_PWREx_DisableInternalWakeUpLine               build/stm32g4xx_hal_pwr_ex.o
HAL_PWREx_DisableLowPowerRunMode                  build/stm32g4xx_hal_pwr_ex.o
                                                  build/stm32g4xx_hal_pwr.o
HAL_PWREx_DisablePVM1                             build/stm32g4xx_hal_pwr_ex.o
HAL_PWREx_DisablePVM2                             build/stm32g4xx_hal_pwr_ex.o
HAL_PWREx_DisablePVM3                             build/stm32g4xx_hal_pwr_ex.o
HAL_PWREx_DisablePVM4                             build/stm32g4xx_hal_pwr_ex.o
HAL_PWREx_DisablePullUpPullDownConfig             build/stm32g4xx_hal_pwr_ex.o
HAL_PWREx_DisableSRAM2ContentRetention            build/stm32g4xx_hal_pwr_ex.o
HAL_PWREx_DisableUCPDDeadBattery                  build/stm32g4xx_hal_pwr_ex.o
                                                  build/stm32g4xx_hal_msp.o
HAL_PWREx_DisableUCPDStandbyMode                  build/stm32g4xx_hal_pwr_ex.o
HAL_PWREx_EnableBatteryCharging                   build/stm32g4xx_hal_pwr_ex.o
HAL_PWREx_EnableGPIOPullDown                      build/stm32g4xx_hal_pwr_ex.o
HAL_PWREx_EnableGPIOPullUp                        build/stm32g4xx_hal_pwr_ex.o
HAL_PWREx_EnableInternalWakeUpLine                build/stm32g4xx_hal_pwr_ex.o
HAL_PWREx_EnableLowPowerRunMode                   build/stm32g4xx_hal_pwr_ex.o
                                                  build/stm32g4xx_hal_pwr.o
HAL_PWREx_EnablePVM1                              build/stm32g4xx_hal_pwr_ex.o
HAL_PWREx_EnablePVM2                              build/stm32g4xx_hal_pwr_ex.o
HAL_PWREx_EnablePVM3                              build/stm32g4xx_hal_pwr_ex.o
HAL_PWREx_EnablePVM4                              build/stm32g4xx_hal_pwr_ex.o
HAL_PWREx_EnablePullUpPullDownConfig              build/stm32g4xx_hal_pwr_ex.o
HAL_PWREx_EnableSRAM2ContentRetention             build/stm32g4xx_hal_pwr_ex.o
HAL_PWREx_EnableUCPDDeadBattery                   build/stm32g4xx_hal_pwr_ex.o
HAL_PWREx_EnableUCPDStandbyMode                   build/stm32g4xx_hal_pwr_ex.o
HAL_PWREx_EnterSHUTDOWNMode                       build/stm32g4xx_hal_pwr_ex.o
HAL_PWREx_EnterSTOP0Mode                          build/stm32g4xx_hal_pwr_ex.o
                                                  build/stm32g4xx_hal_pwr.o
HAL_PWREx_EnterSTOP1Mode                          build/stm32g4xx_hal_pwr_ex.o
                                                  build/stm32g4xx_hal_pwr.o
HAL_PWREx_GetVoltageRange                         build/stm32g4xx_hal_pwr_ex.o
HAL_PWREx_PVD_PVM_IRQHandler                      build/stm32g4xx_hal_pwr_ex.o
HAL_PWREx_PVM1Callback                            build/stm32g4xx_hal_pwr_ex.o
HAL_PWREx_PVM2Callback                            build/stm32g4xx_hal_pwr_ex.o
HAL_PWREx_PVM3Callback                            build/stm32g4xx_hal_pwr_ex.o
HAL_PWREx_PVM4Callback                            build/stm32g4xx_hal_pwr_ex.o
HAL_PWR_ConfigPVD                                 build/stm32g4xx_hal_pwr.o
HAL_PWR_DeInit                                    build/stm32g4xx_hal_pwr.o
HAL_PWR_DisableBkUpAccess                         build/stm32g4xx_hal_pwr.o
                                                  build/stm32g4xx_hal_rcc_ex.o
HAL_PWR_DisablePVD                                build/stm32g4xx_hal_pwr.o
HAL_PWR_DisableSEVOnPend                          build/stm32g4xx_hal_pwr.o
HAL_PWR_DisableSleepOnExit                        build/stm32g4xx_hal_pwr.o
HAL_PWR_DisableWakeUpPin                          build/stm32g4xx_hal_pwr.o
HAL_PWR_EnableBkUpAccess                          build/stm32g4xx_hal_pwr.o
                                                  build/stm32g4xx_hal_rcc_ex.o
HAL_PWR_EnablePVD                                 build/stm32g4xx_hal_pwr.o
HAL_PWR_EnableSEVOnPend                           build/stm32g4xx_hal_pwr.o
HAL_PWR_EnableSleepOnExit                         build/stm32g4xx_hal_pwr.o
HAL_PWR_EnableWakeUpPin                           build/stm32g4xx_hal_pwr.o
HAL_PWR_EnterSLEEPMode                            build/stm32g4xx_hal_pwr.o
HAL_PWR_EnterSTANDBYMode                          build/stm32g4xx_hal_pwr.o
HAL_PWR_EnterSTOPMode                             build/stm32g4xx_hal_pwr.o
HAL_PWR_PVDCallback                               build/stm32g4xx_hal_pwr.o
                                                  build/stm32g4xx_hal_pwr_ex.o
HAL_RCCEx_CRSConfig                               build/stm32g4xx_hal_rcc_ex.o
HAL_RCCEx_CRSGetSynchronizationInfo               build/stm32g4xx_hal_rcc_ex.o
HAL_RCCEx_CRSSoftwareSynchronizationGenerate      build/stm32g4xx_hal_rcc_ex.o
HAL_RCCEx_CRSWaitSynchronization                  build/stm32g4xx_hal_rcc_ex.o
HAL_RCCEx_CRS_ErrorCallback                       build/stm32g4xx_hal_rcc_ex.o
HAL_RCCEx_CRS_ExpectedSyncCallback                build/stm32g4xx_hal_rcc_ex.o
HAL_RCCEx_CRS_IRQHandler                          build/stm32g4xx_hal_rcc_ex.o
HAL_RCCEx_CRS_SyncOkCallback                      build/stm32g4xx_hal_rcc_ex.o
HAL_RCCEx_CRS_SyncWarnCallback                    build/stm32g4xx_hal_rcc_ex.o
HAL_RCCEx_DisableLSCO                             build/stm32g4xx_hal_rcc_ex.o
HAL_RCCEx_DisableLSECSS                           build/stm32g4xx_hal_rcc_ex.o
HAL_RCCEx_EnableLSCO                              build/stm32g4xx_hal_rcc_ex.o
HAL_RCCEx_EnableLSECSS                            build/stm32g4xx_hal_rcc_ex.o
HAL_RCCEx_EnableLSECSS_IT                         build/stm32g4xx_hal_rcc_ex.o
HAL_RCCEx_GetPeriphCLKConfig                      build/stm32g4xx_hal_rcc_ex.o
HAL_RCCEx_GetPeriphCLKFreq                        build/stm32g4xx_hal_rcc_ex.o
HAL_RCCEx_LSECSS_Callback                         build/stm32g4xx_hal_rcc_ex.o
HAL_RCCEx_LSECSS_IRQHandler                       build/stm32g4xx_hal_rcc_ex.o
HAL_RCCEx_PeriphCLKConfig                         build/stm32g4xx_hal_rcc_ex.o
                                                  build/main.o
HAL_RCC_CSSCallback                               build/stm32g4xx_hal_rcc.o
HAL_RCC_ClockConfig                               build/stm32g4xx_hal_rcc.o
                                                  build/main.o
HAL_RCC_DeInit                                    build/stm32g4xx_hal_rcc.o
HAL_RCC_DisableLSECSS                             build/stm32g4xx_hal_rcc.o
HAL_RCC_EnableCSS                                 build/stm32g4xx_hal_rcc.o
HAL_RCC_EnableLSECSS                              build/stm32g4xx_hal_rcc.o
HAL_RCC_GetClockConfig                            build/stm32g4xx_hal_rcc.o
HAL_RCC_GetHCLKFreq                               build/stm32g4xx_hal_rcc.o
HAL_RCC_GetOscConfig                              build/stm32g4xx_hal_rcc.o
HAL_RCC_GetPCLK1Freq                              build/stm32g4xx_hal_rcc.o
                                                  build/stm32g4xx_hal_rcc_ex.o
                                                  build/stm32g4xx_hal_uart.o
HAL_RCC_GetPCLK2Freq                              build/stm32g4xx_hal_rcc.o
                                                  build/stm32g4xx_hal_rcc_ex.o
                                                  build/stm32g4xx_hal_uart.o
HAL_RCC_GetSysClockFreq                           build/stm32g4xx_hal_rcc.o
                                                  build/stm32g4xx_hal_rcc_ex.o
                                                  build/stm32g4xx_hal_uart.o
HAL_RCC_MCOConfig                                 build/stm32g4xx_hal_rcc.o
HAL_RCC_NMI_IRQHandler                            build/stm32g4xx_hal_rcc.o
HAL_RCC_OscConfig                                 build/stm32g4xx_hal_rcc.o
                                                  build/main.o
HAL_RS485Ex_Init                                  build/stm32g4xx_hal_uart_ex.o
HAL_ResumeTick                                    build/stm32g4xx_hal.o
HAL_SYSCFG_CCMSRAMErase                           build/stm32g4xx_hal.o
HAL_SYSCFG_CCMSRAM_WriteProtectionEnable          build/stm32g4xx_hal.o
HAL_SYSCFG_DisableIOSwitchBooster                 build/stm32g4xx_hal.o
HAL_SYSCFG_DisableIOSwitchVDD                     build/stm32g4xx_hal.o
HAL_SYSCFG_DisableMemorySwappingBank              build/stm32g4xx_hal.o
HAL_SYSCFG_DisableVREFBUF                         build/stm32g4xx_hal.o
HAL_SYSCFG_EnableIOSwitchBooster                  build/stm32g4xx_hal.o
HAL_SYSCFG_EnableIOSwitchVDD                      build/stm32g4xx_hal.o
HAL_SYSCFG_EnableMemorySwappingBank               build/stm32g4xx_hal.o
HAL_SYSCFG_EnableVREFBUF                          build/stm32g4xx_hal.o
HAL_SYSCFG_VREFBUF_HighImpedanceConfig            build/stm32g4xx_hal.o
HAL_SYSCFG_VREFBUF_TrimmingConfig                 build/stm32g4xx_hal.o
HAL_SYSCFG_VREFBUF_VoltageScalingConfig           build/stm32g4xx_hal.o
HAL_SYSTICK_CLKSourceConfig                       build/stm32g4xx_hal_cortex.o
HAL_SYSTICK_Callback                              build/stm32g4xx_hal_cortex.o
HAL_SYSTICK_Config                                build/stm32g4xx_hal_cortex.o
                                                  build/stm32g4xx_hal.o
HAL_SYSTICK_IRQHandler                            build/stm32g4xx_hal_cortex.o
HAL_SetTickFreq                                   build/stm32g4xx_hal.o
HAL_SuspendTick                                   build/stm32g4xx_hal.o
HAL_UARTEx_DisableFifoMode                        build/stm32g4xx_hal_uart_ex.o
                                                  build/usart.o
HAL_UARTEx_DisableStopMode                        build/stm32g4xx_hal_uart_ex.o
HAL_UARTEx_EnableFifoMode                         build/stm32g4xx_hal_uart_ex.o
HAL_UARTEx_EnableStopMode                         build/stm32g4xx_hal_uart_ex.o
HAL_UARTEx_RxFifoFullCallback                     build/stm32g4xx_hal_uart_ex.o
                                                  build/stm32g4xx_hal_uart.o
HAL_UARTEx_SetRxFifoThreshold                     build/stm32g4xx_hal_uart_ex.o
                                                  build/usart.o
HAL_UARTEx_SetTxFifoThreshold                     build/stm32g4xx_hal_uart_ex.o
                                                  build/usart.o
HAL_UARTEx_StopModeWakeUpSourceConfig             build/stm32g4xx_hal_uart_ex.o
HAL_UARTEx_TxFifoEmptyCallback                    build/stm32g4xx_hal_uart_ex.o
                                                  build/stm32g4xx_hal_uart.o
HAL_UARTEx_WakeupCallback                         build/stm32g4xx_hal_uart_ex.o
                                                  build/stm32g4xx_hal_uart.o
HAL_UART_Abort                                    build/stm32g4xx_hal_uart.o
HAL_UART_AbortCpltCallback                        build/stm32g4xx_hal_uart.o
HAL_UART_AbortReceive                             build/stm32g4xx_hal_uart.o
HAL_UART_AbortReceiveCpltCallback                 build/stm32g4xx_hal_uart.o
HAL_UART_AbortReceive_IT                          build/stm32g4xx_hal_uart.o
HAL_UART_AbortTransmit                            build/stm32g4xx_hal_uart.o
HAL_UART_AbortTransmitCpltCallback                build/stm32g4xx_hal_uart.o
HAL_UART_AbortTransmit_IT                         build/stm32g4xx_hal_uart.o
HAL_UART_Abort_IT                                 build/stm32g4xx_hal_uart.o
HAL_UART_DMAPause                                 build/stm32g4xx_hal_uart.o
HAL_UART_DMAResume                                build/stm32g4xx_hal_uart.o
HAL_UART_DMAStop                                  build/stm32g4xx_hal_uart.o
HAL_UART_DeInit                                   build/stm32g4xx_hal_uart.o
HAL_UART_DisableReceiverTimeout                   build/stm32g4xx_hal_uart.o
HAL_UART_EnableReceiverTimeout                    build/stm32g4xx_hal_uart.o
HAL_UART_ErrorCallback                            build/stm32g4xx_hal_uart.o
HAL_UART_GetError                                 build/stm32g4xx_hal_uart.o
HAL_UART_GetState                                 build/stm32g4xx_hal_uart.o
HAL_UART_IRQHandler                               build/stm32g4xx_hal_uart.o
HAL_UART_Init                                     build/stm32g4xx_hal_uart.o
                                                  build/usart.o
HAL_UART_MspDeInit                                build/usart.o
HAL_UART_MspInit                                  build/usart.o
                                                  build/stm32g4xx_hal_uart_ex.o
HAL_UART_Receive                                  build/stm32g4xx_hal_uart.o
HAL_UART_Receive_DMA                              build/stm32g4xx_hal_uart.o
HAL_UART_Receive_IT                               build/stm32g4xx_hal_uart.o
HAL_UART_ReceiverTimeout_Config                   build/stm32g4xx_hal_uart.o
HAL_UART_RxCpltCallback                           build/stm32g4xx_hal_uart.o
HAL_UART_RxHalfCpltCallback                       build/stm32g4xx_hal_uart.o
HAL_UART_Transmit                                 build/stm32g4xx_hal_uart.o
HAL_UART_Transmit_DMA                             build/stm32g4xx_hal_uart.o
HAL_UART_Transmit_IT                              build/stm32g4xx_hal_uart.o
HAL_UART_TxCpltCallback                           build/stm32g4xx_hal_uart.o
HAL_UART_TxHalfCpltCallback                       build/stm32g4xx_hal_uart.o
HRTIM1_FLT_IRQHandler                             build/startup_stm32g474xx.o
HRTIM1_Master_IRQHandler                          build/startup_stm32g474xx.o
HRTIM1_TIMA_IRQHandler                            build/startup_stm32g474xx.o
HRTIM1_TIMB_IRQHandler                            build/startup_stm32g474xx.o
HRTIM1_TIMC_IRQHandler                            build/startup_stm32g474xx.o
HRTIM1_TIMD_IRQHandler                            build/startup_stm32g474xx.o
HRTIM1_TIME_IRQHandler                            build/startup_stm32g474xx.o
HRTIM1_TIMF_IRQHandler                            build/startup_stm32g474xx.o
HardFault_Handler                                 build/stm32g4xx_it.o
I2C1_ER_IRQHandler                                build/startup_stm32g474xx.o
I2C1_EV_IRQHandler                                build/startup_stm32g474xx.o
I2C2_ER_IRQHandler                                build/startup_stm32g474xx.o
I2C2_EV_IRQHandler                                build/startup_stm32g474xx.o
I2C3_ER_IRQHandler                                build/startup_stm32g474xx.o
I2C3_EV_IRQHandler                                build/startup_stm32g474xx.o
I2C4_ER_IRQHandler                                build/startup_stm32g474xx.o
I2C4_EV_IRQHandler                                build/startup_stm32g474xx.o
LPTIM1_IRQHandler                                 build/startup_stm32g474xx.o
LPUART1_IRQHandler                                build/startup_stm32g474xx.o
MX_GPIO_Init                                      build/gpio.o
                                                  build/main.o
MX_LPUART1_UART_Init                              build/usart.o
                                                  build/main.o
MemManage_Handler                                 build/stm32g4xx_it.o
NMI_Handler                                       build/stm32g4xx_it.o
PVD_PVM_IRQHandler                                build/startup_stm32g474xx.o
PendSV_Handler                                    build/stm32g4xx_it.o
QUADSPI_IRQHandler                                build/startup_stm32g474xx.o
RCC_IRQHandler                                    build/startup_stm32g474xx.o
RNG_IRQHandler                                    build/startup_stm32g474xx.o
RTC_Alarm_IRQHandler                              build/startup_stm32g474xx.o
RTC_TAMP_LSECSS_IRQHandler                        build/startup_stm32g474xx.o
RTC_WKUP_IRQHandler                               build/startup_stm32g474xx.o
Reset_Handler                                     build/startup_stm32g474xx.o
SAI1_IRQHandler                                   build/startup_stm32g474xx.o
SPI1_IRQHandler                                   build/startup_stm32g474xx.o
SPI2_IRQHandler                                   build/startup_stm32g474xx.o
SPI3_IRQHandler                                   build/startup_stm32g474xx.o
SPI4_IRQHandler                                   build/startup_stm32g474xx.o
SVC_Handler                                       build/stm32g4xx_it.o
SysTick_Handler                                   build/stm32g4xx_it.o
SystemClock_Config                                build/main.o
SystemCoreClock                                   build/system_stm32g4xx.o
                                                  build/stm32g4xx_hal_pwr_ex.o
                                                  build/stm32g4xx_hal_flash_ramfunc.o
                                                  build/stm32g4xx_hal_rcc.o
                                                  build/stm32g4xx_hal.o
SystemCoreClockUpdate                             build/system_stm32g4xx.o
SystemInit                                        build/system_stm32g4xx.o
                                                  build/startup_stm32g474xx.o
TIM1_BRK_TIM15_IRQHandler                         build/startup_stm32g474xx.o
TIM1_CC_IRQHandler                                build/startup_stm32g474xx.o
TIM1_TRG_COM_TIM17_IRQHandler                     build/startup_stm32g474xx.o
TIM1_UP_TIM16_IRQHandler                          build/startup_stm32g474xx.o
TIM20_BRK_IRQHandler                              build/startup_stm32g474xx.o
TIM20_CC_IRQHandler                               build/startup_stm32g474xx.o
TIM20_TRG_COM_IRQHandler                          build/startup_stm32g474xx.o
TIM20_UP_IRQHandler                               build/startup_stm32g474xx.o
TIM2_IRQHandler                                   build/startup_stm32g474xx.o
TIM3_IRQHandler                                   build/startup_stm32g474xx.o
TIM4_IRQHandler                                   build/startup_stm32g474xx.o
TIM5_IRQHandler                                   build/startup_stm32g474xx.o
TIM6_DAC_IRQHandler                               build/startup_stm32g474xx.o
TIM7_DAC_IRQHandler                               build/startup_stm32g474xx.o
TIM8_BRK_IRQHandler                               build/startup_stm32g474xx.o
TIM8_CC_IRQHandler                                build/startup_stm32g474xx.o
TIM8_TRG_COM_IRQHandler                           build/startup_stm32g474xx.o
TIM8_UP_IRQHandler                                build/startup_stm32g474xx.o
UART4_IRQHandler                                  build/startup_stm32g474xx.o
UART5_IRQHandler                                  build/startup_stm32g474xx.o
UARTPrescTable                                    build/stm32g4xx_hal_uart.o
UART_AdvFeatureConfig                             build/stm32g4xx_hal_uart.o
                                                  build/stm32g4xx_hal_uart_ex.o
UART_CheckIdleState                               build/stm32g4xx_hal_uart.o
                                                  build/stm32g4xx_hal_uart_ex.o
UART_SetConfig                                    build/stm32g4xx_hal_uart.o
                                                  build/stm32g4xx_hal_uart_ex.o
UART_WaitOnFlagUntilTimeout                       build/stm32g4xx_hal_uart.o
                                                  build/stm32g4xx_hal_uart_ex.o
UCPD1_IRQHandler                                  build/startup_stm32g474xx.o
USART1_IRQHandler                                 build/startup_stm32g474xx.o
USART2_IRQHandler                                 build/startup_stm32g474xx.o
USART3_IRQHandler                                 build/startup_stm32g474xx.o
USBWakeUp_IRQHandler                              build/startup_stm32g474xx.o
USB_HP_IRQHandler                                 build/startup_stm32g474xx.o
USB_LP_IRQHandler                                 build/startup_stm32g474xx.o
UsageFault_Handler                                build/stm32g4xx_it.o
WWDG_IRQHandler                                   build/startup_stm32g474xx.o
_ITM_deregisterTMCloneTable                       /usr/lib/gcc/arm-none-eabi/7.3.1/thumb/v7e-m/fpv4-sp/hard/crtbegin.o
_ITM_registerTMCloneTable                         /usr/lib/gcc/arm-none-eabi/7.3.1/thumb/v7e-m/fpv4-sp/hard/crtbegin.o
__TMC_END__                                       /usr/lib/gcc/arm-none-eabi/7.3.1/thumb/v7e-m/fpv4-sp/hard/crtend.o
                                                  /usr/lib/gcc/arm-none-eabi/7.3.1/thumb/v7e-m/fpv4-sp/hard/crtbegin.o
__aeabi_idiv0                                     /usr/lib/gcc/arm-none-eabi/7.3.1/thumb/v7e-m/fpv4-sp/hard/libgcc.a(_dvmd_tls.o)
__aeabi_ldiv0                                     /usr/lib/gcc/arm-none-eabi/7.3.1/thumb/v7e-m/fpv4-sp/hard/libgcc.a(_dvmd_tls.o)
                                                  /usr/lib/gcc/arm-none-eabi/7.3.1/thumb/v7e-m/fpv4-sp/hard/libgcc.a(_aeabi_uldivmod.o)
__aeabi_uldivmod                                  /usr/lib/gcc/arm-none-eabi/7.3.1/thumb/v7e-m/fpv4-sp/hard/libgcc.a(_aeabi_uldivmod.o)
                                                  build/stm32g4xx_hal_uart.o
__atexit_dummy                                    /usr/lib/gcc/arm-none-eabi/7.3.1/../../../arm-none-eabi/lib/thumb/v7e-m/fpv4-sp/hard/libc_nano.a(lib_a-__atexit.o)
__bss_end__                                       /usr/lib/gcc/arm-none-eabi/7.3.1/../../../arm-none-eabi/lib/thumb/v7e-m/fpv4-sp/hard/crt0.o
__bss_start__                                     /usr/lib/gcc/arm-none-eabi/7.3.1/../../../arm-none-eabi/lib/thumb/v7e-m/fpv4-sp/hard/crt0.o
__call_exitprocs                                  /usr/lib/gcc/arm-none-eabi/7.3.1/../../../arm-none-eabi/lib/thumb/v7e-m/fpv4-sp/hard/libc_nano.a(lib_a-__call_atexit.o)
                                                  /usr/lib/gcc/arm-none-eabi/7.3.1/../../../arm-none-eabi/lib/thumb/v7e-m/fpv4-sp/hard/libc_nano.a(lib_a-__atexit.o)
                                                  /usr/lib/gcc/arm-none-eabi/7.3.1/../../../arm-none-eabi/lib/thumb/v7e-m/fpv4-sp/hard/libc_nano.a(lib_a-exit.o)
__deregister_frame_info                           /usr/lib/gcc/arm-none-eabi/7.3.1/thumb/v7e-m/fpv4-sp/hard/crtbegin.o
__dso_handle                                      /usr/lib/gcc/arm-none-eabi/7.3.1/thumb/v7e-m/fpv4-sp/hard/crtbegin.o
__fini_array_end                                  /usr/lib/gcc/arm-none-eabi/7.3.1/../../../arm-none-eabi/lib/thumb/v7e-m/fpv4-sp/hard/libc_nano.a(lib_a-fini.o)
__fini_array_start                                /usr/lib/gcc/arm-none-eabi/7.3.1/../../../arm-none-eabi/lib/thumb/v7e-m/fpv4-sp/hard/libc_nano.a(lib_a-fini.o)
__init_array_end                                  /usr/lib/gcc/arm-none-eabi/7.3.1/../../../arm-none-eabi/lib/thumb/v7e-m/fpv4-sp/hard/libc_nano.a(lib_a-init.o)
__init_array_start                                /usr/lib/gcc/arm-none-eabi/7.3.1/../../../arm-none-eabi/lib/thumb/v7e-m/fpv4-sp/hard/libc_nano.a(lib_a-init.o)
__libc_fini_array                                 /usr/lib/gcc/arm-none-eabi/7.3.1/../../../arm-none-eabi/lib/thumb/v7e-m/fpv4-sp/hard/libc_nano.a(lib_a-fini.o)
                                                  /usr/lib/gcc/arm-none-eabi/7.3.1/../../../arm-none-eabi/lib/thumb/v7e-m/fpv4-sp/hard/crt0.o
__libc_init_array                                 /usr/lib/gcc/arm-none-eabi/7.3.1/../../../arm-none-eabi/lib/thumb/v7e-m/fpv4-sp/hard/libc_nano.a(lib_a-init.o)
                                                  build/startup_stm32g474xx.o
                                                  /usr/lib/gcc/arm-none-eabi/7.3.1/../../../arm-none-eabi/lib/thumb/v7e-m/fpv4-sp/hard/crt0.o
__on_exit_args                                    /usr/lib/gcc/arm-none-eabi/7.3.1/../../../arm-none-eabi/lib/thumb/v7e-m/fpv4-sp/hard/libc_nano.a(lib_a-__atexit.o)
__preinit_array_end                               /usr/lib/gcc/arm-none-eabi/7.3.1/../../../arm-none-eabi/lib/thumb/v7e-m/fpv4-sp/hard/libc_nano.a(lib_a-init.o)
__preinit_array_start                             /usr/lib/gcc/arm-none-eabi/7.3.1/../../../arm-none-eabi/lib/thumb/v7e-m/fpv4-sp/hard/libc_nano.a(lib_a-init.o)
__register_exitproc                               /usr/lib/gcc/arm-none-eabi/7.3.1/../../../arm-none-eabi/lib/thumb/v7e-m/fpv4-sp/hard/libc_nano.a(lib_a-__atexit.o)
                                                  /usr/lib/gcc/arm-none-eabi/7.3.1/../../../arm-none-eabi/lib/thumb/v7e-m/fpv4-sp/hard/libc_nano.a(lib_a-atexit.o)
__register_frame_info                             /usr/lib/gcc/arm-none-eabi/7.3.1/thumb/v7e-m/fpv4-sp/hard/crtbegin.o
__sf_fake_stderr                                  /usr/lib/gcc/arm-none-eabi/7.3.1/../../../arm-none-eabi/lib/thumb/v7e-m/fpv4-sp/hard/libc_nano.a(lib_a-impure.o)
__sf_fake_stdin                                   /usr/lib/gcc/arm-none-eabi/7.3.1/../../../arm-none-eabi/lib/thumb/v7e-m/fpv4-sp/hard/libc_nano.a(lib_a-impure.o)
__sf_fake_stdout                                  /usr/lib/gcc/arm-none-eabi/7.3.1/../../../arm-none-eabi/lib/thumb/v7e-m/fpv4-sp/hard/libc_nano.a(lib_a-impure.o)
__stack                                           /usr/lib/gcc/arm-none-eabi/7.3.1/../../../arm-none-eabi/lib/thumb/v7e-m/fpv4-sp/hard/crt0.o
__udivmoddi4                                      /usr/lib/gcc/arm-none-eabi/7.3.1/thumb/v7e-m/fpv4-sp/hard/libgcc.a(_udivmoddi4.o)
                                                  /usr/lib/gcc/arm-none-eabi/7.3.1/thumb/v7e-m/fpv4-sp/hard/libgcc.a(_aeabi_uldivmod.o)
_ebss                                             build/startup_stm32g474xx.o
_edata                                            build/startup_stm32g474xx.o
_estack                                           build/startup_stm32g474xx.o
_exit                                             /usr/lib/gcc/arm-none-eabi/7.3.1/../../../arm-none-eabi/lib/thumb/v7e-m/fpv4-sp/hard/libnosys.a(_exit.o)
                                                  /usr/lib/gcc/arm-none-eabi/7.3.1/../../../arm-none-eabi/lib/thumb/v7e-m/fpv4-sp/hard/libc_nano.a(lib_a-exit.o)
_fini                                             /usr/lib/gcc/arm-none-eabi/7.3.1/thumb/v7e-m/fpv4-sp/hard/crti.o
                                                  /usr/lib/gcc/arm-none-eabi/7.3.1/../../../arm-none-eabi/lib/thumb/v7e-m/fpv4-sp/hard/libc_nano.a(lib_a-fini.o)
_global_atexit                                    /usr/lib/gcc/arm-none-eabi/7.3.1/../../../arm-none-eabi/lib/thumb/v7e-m/fpv4-sp/hard/libc_nano.a(lib_a-__call_atexit.o)
                                                  /usr/lib/gcc/arm-none-eabi/7.3.1/../../../arm-none-eabi/lib/thumb/v7e-m/fpv4-sp/hard/libc_nano.a(lib_a-__atexit.o)
_global_impure_ptr                                /usr/lib/gcc/arm-none-eabi/7.3.1/../../../arm-none-eabi/lib/thumb/v7e-m/fpv4-sp/hard/libc_nano.a(lib_a-impure.o)
                                                  /usr/lib/gcc/arm-none-eabi/7.3.1/../../../arm-none-eabi/lib/thumb/v7e-m/fpv4-sp/hard/libc_nano.a(lib_a-exit.o)
_impure_ptr                                       /usr/lib/gcc/arm-none-eabi/7.3.1/../../../arm-none-eabi/lib/thumb/v7e-m/fpv4-sp/hard/libc_nano.a(lib_a-impure.o)
_init                                             /usr/lib/gcc/arm-none-eabi/7.3.1/thumb/v7e-m/fpv4-sp/hard/crti.o
                                                  /usr/lib/gcc/arm-none-eabi/7.3.1/../../../arm-none-eabi/lib/thumb/v7e-m/fpv4-sp/hard/libc_nano.a(lib_a-init.o)
_mainCRTStartup                                   /usr/lib/gcc/arm-none-eabi/7.3.1/../../../arm-none-eabi/lib/thumb/v7e-m/fpv4-sp/hard/crt0.o
_sbss                                             build/startup_stm32g474xx.o
_sdata                                            build/startup_stm32g474xx.o
_sidata                                           build/startup_stm32g474xx.o
_start                                            /usr/lib/gcc/arm-none-eabi/7.3.1/../../../arm-none-eabi/lib/thumb/v7e-m/fpv4-sp/hard/crt0.o
assert_failed                                     build/main.o
                                                  build/stm32g4xx_hal_cortex.o
                                                  build/stm32g4xx_hal_pwr_ex.o
                                                  build/stm32g4xx_hal_pwr.o
                                                  build/stm32g4xx_hal_dma_ex.o
                                                  build/stm32g4xx_hal_dma.o
                                                  build/stm32g4xx_hal_exti.o
                                                  build/stm32g4xx_hal_flash_ex.o
                                                  build/stm32g4xx_hal_flash.o
                                                  build/stm32g4xx_hal_rcc_ex.o
                                                  build/stm32g4xx_hal_rcc.o
                                                  build/stm32g4xx_hal.o
                                                  build/stm32g4xx_hal_uart_ex.o
                                                  build/stm32g4xx_hal_uart.o
                                                  build/stm32g4xx_hal_gpio.o
atexit                                            /usr/lib/gcc/arm-none-eabi/7.3.1/../../../arm-none-eabi/lib/thumb/v7e-m/fpv4-sp/hard/libc_nano.a(lib_a-atexit.o)
                                                  /usr/lib/gcc/arm-none-eabi/7.3.1/../../../arm-none-eabi/lib/thumb/v7e-m/fpv4-sp/hard/crt0.o
exit                                              /usr/lib/gcc/arm-none-eabi/7.3.1/../../../arm-none-eabi/lib/thumb/v7e-m/fpv4-sp/hard/libc_nano.a(lib_a-exit.o)
                                                  /usr/lib/gcc/arm-none-eabi/7.3.1/../../../arm-none-eabi/lib/thumb/v7e-m/fpv4-sp/hard/crt0.o
g_pfnVectors                                      build/startup_stm32g474xx.o
hardware_init_hook                                /usr/lib/gcc/arm-none-eabi/7.3.1/../../../arm-none-eabi/lib/thumb/v7e-m/fpv4-sp/hard/crt0.o
hlpuart1                                          build/usart.o
main                                              build/main.o
                                                  build/startup_stm32g474xx.o
                                                  /usr/lib/gcc/arm-none-eabi/7.3.1/../../../arm-none-eabi/lib/thumb/v7e-m/fpv4-sp/hard/crt0.o
malloc                                            /usr/lib/gcc/arm-none-eabi/7.3.1/../../../arm-none-eabi/lib/thumb/v7e-m/fpv4-sp/hard/libc_nano.a(lib_a-__atexit.o)
memset                                            /usr/lib/gcc/arm-none-eabi/7.3.1/../../../arm-none-eabi/lib/thumb/v7e-m/fpv4-sp/hard/libc_nano.a(lib_a-memset.o)
                                                  build/main.o
                                                  /usr/lib/gcc/arm-none-eabi/7.3.1/../../../arm-none-eabi/lib/thumb/v7e-m/fpv4-sp/hard/crt0.o
pFlash                                            build/stm32g4xx_hal_flash.o
                                                  build/stm32g4xx_hal_flash_ramfunc.o
                                                  build/stm32g4xx_hal_flash_ex.o
software_init_hook                                /usr/lib/gcc/arm-none-eabi/7.3.1/../../../arm-none-eabi/lib/thumb/v7e-m/fpv4-sp/hard/crt0.o
uwTick                                            build/stm32g4xx_hal.o
uwTickFreq                                        build/stm32g4xx_hal.o
uwTickPrio                                        build/stm32g4xx_hal.o
                                                  build/stm32g4xx_hal_rcc.o
