Archive member included to satisfy reference by file (symbol)

/usr/lib/gcc/arm-none-eabi/7.3.1/../../../arm-none-eabi/lib/thumb/v7e-m/fpv4-sp/hard/libc_nano.a(lib_a-atexit.o)
                              /usr/lib/gcc/arm-none-eabi/7.3.1/../../../arm-none-eabi/lib/thumb/v7e-m/fpv4-sp/hard/crt0.o (atexit)
/usr/lib/gcc/arm-none-eabi/7.3.1/../../../arm-none-eabi/lib/thumb/v7e-m/fpv4-sp/hard/libc_nano.a(lib_a-exit.o)
                              /usr/lib/gcc/arm-none-eabi/7.3.1/../../../arm-none-eabi/lib/thumb/v7e-m/fpv4-sp/hard/crt0.o (exit)
/usr/lib/gcc/arm-none-eabi/7.3.1/../../../arm-none-eabi/lib/thumb/v7e-m/fpv4-sp/hard/libc_nano.a(lib_a-fini.o)
                              /usr/lib/gcc/arm-none-eabi/7.3.1/../../../arm-none-eabi/lib/thumb/v7e-m/fpv4-sp/hard/crt0.o (__libc_fini_array)
/usr/lib/gcc/arm-none-eabi/7.3.1/../../../arm-none-eabi/lib/thumb/v7e-m/fpv4-sp/hard/libc_nano.a(lib_a-impure.o)
                              /usr/lib/gcc/arm-none-eabi/7.3.1/../../../arm-none-eabi/lib/thumb/v7e-m/fpv4-sp/hard/libc_nano.a(lib_a-exit.o) (_global_impure_ptr)
/usr/lib/gcc/arm-none-eabi/7.3.1/../../../arm-none-eabi/lib/thumb/v7e-m/fpv4-sp/hard/libc_nano.a(lib_a-init.o)
                              /usr/lib/gcc/arm-none-eabi/7.3.1/../../../arm-none-eabi/lib/thumb/v7e-m/fpv4-sp/hard/crt0.o (__libc_init_array)
/usr/lib/gcc/arm-none-eabi/7.3.1/../../../arm-none-eabi/lib/thumb/v7e-m/fpv4-sp/hard/libc_nano.a(lib_a-memset.o)
                              /usr/lib/gcc/arm-none-eabi/7.3.1/../../../arm-none-eabi/lib/thumb/v7e-m/fpv4-sp/hard/crt0.o (memset)
/usr/lib/gcc/arm-none-eabi/7.3.1/../../../arm-none-eabi/lib/thumb/v7e-m/fpv4-sp/hard/libc_nano.a(lib_a-__atexit.o)
                              /usr/lib/gcc/arm-none-eabi/7.3.1/../../../arm-none-eabi/lib/thumb/v7e-m/fpv4-sp/hard/libc_nano.a(lib_a-atexit.o) (__register_exitproc)
/usr/lib/gcc/arm-none-eabi/7.3.1/../../../arm-none-eabi/lib/thumb/v7e-m/fpv4-sp/hard/libc_nano.a(lib_a-__call_atexit.o)
                              /usr/lib/gcc/arm-none-eabi/7.3.1/../../../arm-none-eabi/lib/thumb/v7e-m/fpv4-sp/hard/libc_nano.a(lib_a-__atexit.o) (__call_exitprocs)
/usr/lib/gcc/arm-none-eabi/7.3.1/../../../arm-none-eabi/lib/thumb/v7e-m/fpv4-sp/hard/libnosys.a(_exit.o)
                              /usr/lib/gcc/arm-none-eabi/7.3.1/../../../arm-none-eabi/lib/thumb/v7e-m/fpv4-sp/hard/libc_nano.a(lib_a-exit.o) (_exit)
/usr/lib/gcc/arm-none-eabi/7.3.1/thumb/v7e-m/fpv4-sp/hard/libgcc.a(_aeabi_uldivmod.o)
                              build/stm32g4xx_hal_uart.o (__aeabi_uldivmod)
/usr/lib/gcc/arm-none-eabi/7.3.1/thumb/v7e-m/fpv4-sp/hard/libgcc.a(_udivmoddi4.o)
                              /usr/lib/gcc/arm-none-eabi/7.3.1/thumb/v7e-m/fpv4-sp/hard/libgcc.a(_aeabi_uldivmod.o) (__udivmoddi4)
/usr/lib/gcc/arm-none-eabi/7.3.1/thumb/v7e-m/fpv4-sp/hard/libgcc.a(_dvmd_tls.o)
                              /usr/lib/gcc/arm-none-eabi/7.3.1/thumb/v7e-m/fpv4-sp/hard/libgcc.a(_aeabi_uldivmod.o) (__aeabi_ldiv0)

Allocating common symbols
Common symbol       size              file

uwTick              0x4               build/stm32g4xx_hal.o
hlpuart1            0x8c              build/main.o

Discarded input sections

 .text          0x0000000000000000        0x0 /usr/lib/gcc/arm-none-eabi/7.3.1/thumb/v7e-m/fpv4-sp/hard/crti.o
 .data          0x0000000000000000        0x0 /usr/lib/gcc/arm-none-eabi/7.3.1/thumb/v7e-m/fpv4-sp/hard/crti.o
 .bss           0x0000000000000000        0x0 /usr/lib/gcc/arm-none-eabi/7.3.1/thumb/v7e-m/fpv4-sp/hard/crti.o
 .data          0x0000000000000000        0x4 /usr/lib/gcc/arm-none-eabi/7.3.1/thumb/v7e-m/fpv4-sp/hard/crtbegin.o
 .text          0x0000000000000000       0x68 /usr/lib/gcc/arm-none-eabi/7.3.1/../../../arm-none-eabi/lib/thumb/v7e-m/fpv4-sp/hard/crt0.o
 .data          0x0000000000000000        0x0 /usr/lib/gcc/arm-none-eabi/7.3.1/../../../arm-none-eabi/lib/thumb/v7e-m/fpv4-sp/hard/crt0.o
 .bss           0x0000000000000000        0x0 /usr/lib/gcc/arm-none-eabi/7.3.1/../../../arm-none-eabi/lib/thumb/v7e-m/fpv4-sp/hard/crt0.o
 .ARM.extab     0x0000000000000000        0x0 /usr/lib/gcc/arm-none-eabi/7.3.1/../../../arm-none-eabi/lib/thumb/v7e-m/fpv4-sp/hard/crt0.o
 .ARM.exidx     0x0000000000000000        0x8 /usr/lib/gcc/arm-none-eabi/7.3.1/../../../arm-none-eabi/lib/thumb/v7e-m/fpv4-sp/hard/crt0.o
 .debug_line    0x0000000000000000       0x87 /usr/lib/gcc/arm-none-eabi/7.3.1/../../../arm-none-eabi/lib/thumb/v7e-m/fpv4-sp/hard/crt0.o
 .debug_info    0x0000000000000000       0x26 /usr/lib/gcc/arm-none-eabi/7.3.1/../../../arm-none-eabi/lib/thumb/v7e-m/fpv4-sp/hard/crt0.o
 .debug_abbrev  0x0000000000000000       0x14 /usr/lib/gcc/arm-none-eabi/7.3.1/../../../arm-none-eabi/lib/thumb/v7e-m/fpv4-sp/hard/crt0.o
 .debug_aranges
                0x0000000000000000       0x20 /usr/lib/gcc/arm-none-eabi/7.3.1/../../../arm-none-eabi/lib/thumb/v7e-m/fpv4-sp/hard/crt0.o
[...]
Memory Configuration

Name             Origin             Length             Attributes
RAM              0x0000000020000000 0x0000000000008000 xrw
FLASH            0x0000000008000000 0x0000000000020000 xr
*default*        0x0000000000000000 0xffffffffffffffff

Linker script and memory map

LOAD /usr/lib/gcc/arm-none-eabi/7.3.1/thumb/v7e-m/fpv4-sp/hard/crti.o
LOAD /usr/lib/gcc/arm-none-eabi/7.3.1/thumb/v7e-m/fpv4-sp/hard/crtbegin.o
LOAD /usr/lib/gcc/arm-none-eabi/7.3.1/../../../arm-none-eabi/lib/thumb/v7e-m/fpv4-sp/hard/crt0.o
LOAD build/main.o
LOAD build/stm32g4xx_it.o
LOAD build/stm32g4xx_hal_msp.o
LOAD build/stm32g4xx_hal_gpio.o
LOAD build/stm32g4xx_hal_uart.o
LOAD build/stm32g4xx_hal_uart_ex.o
LOAD build/stm32g4xx_hal.o
LOAD build/stm32g4xx_hal_rcc.o
LOAD build/stm32g4xx_hal_rcc_ex.o
LOAD build/stm32g4xx_hal_flash.o
LOAD build/stm32g4xx_hal_flash_ex.o
LOAD build/stm32g4xx_hal_flash_ramfunc.o
LOAD build/stm32g4xx_hal_exti.o
LOAD build/stm32g4xx_hal_dma.o
LOAD build/stm32g4xx_hal_dma_ex.o
LOAD build/stm32g4xx_hal_pwr.o
LOAD build/stm32g4xx_hal_pwr_ex.o
LOAD build/stm32g4xx_hal_cortex.o
LOAD build/stm32g4xx_hal_tim.o
LOAD build/stm32g4xx_hal_tim_ex.o
LOAD build/system_stm32g4xx.o
LOAD build/startup_stm32g431xx.o
LOAD /usr/lib/gcc/arm-none-eabi/7.3.1/../../../arm-none-eabi/lib/thumb/v7e-m/fpv4-sp/hard/libc_nano.a
LOAD /usr/lib/gcc/arm-none-eabi/7.3.1/../../../arm-none-eabi/lib/thumb/v7e-m/fpv4-sp/hard/libm.a
LOAD /usr/lib/gcc/arm-none-eabi/7.3.1/../../../arm-none-eabi/lib/thumb/v7e-m/fpv4-sp/hard/libnosys.a
START GROUP
LOAD /usr/lib/gcc/arm-none-eabi/7.3.1/thumb/v7e-m/fpv4-sp/hard/libgcc.a
LOAD /usr/lib/gcc/arm-none-eabi/7.3.1/../../../arm-none-eabi/lib/thumb/v7e-m/fpv4-sp/hard/libc_nano.a
END GROUP
START GROUP
LOAD /usr/lib/gcc/arm-none-eabi/7.3.1/thumb/v7e-m/fpv4-sp/hard/libgcc.a
LOAD /usr/lib/gcc/arm-none-eabi/7.3.1/../../../arm-none-eabi/lib/thumb/v7e-m/fpv4-sp/hard/libc_nano.a
END GROUP
LOAD /usr/lib/gcc/arm-none-eabi/7.3.1/thumb/v7e-m/fpv4-sp/hard/crtend.o
LOAD /usr/lib/gcc/arm-none-eabi/7.3.1/thumb/v7e-m/fpv4-sp/hard/crtn.o
                0x0000000020008000                _estack = 0x20008000
                0x0000000000000200                _Min_Heap_Size = 0x200
                0x0000000000000400                _Min_Stack_Size = 0x400

.isr_vector     0x0000000008000000      0x1d8
                0x0000000008000000                . = ALIGN (0x4)
 *(.isr_vector)
 .isr_vector    0x0000000008000000      0x1d8 build/startup_stm32g431xx.o
                0x0000000008000000                g_pfnVectors
                0x00000000080001d8                . = ALIGN (0x4)

.text           0x00000000080001d8     0x279c
                0x00000000080001d8                . = ALIGN (0x4)
 *(.text)
 .text          0x00000000080001d8       0x88 /usr/lib/gcc/arm-none-eabi/7.3.1/thumb/v7e-m/fpv4-sp/hard/crtbegin.o
 .text          0x0000000008000260       0x48 /usr/lib/gcc/arm-none-eabi/7.3.1/../../../arm-none-eabi/lib/thumb/v7e-m/fpv4-sp/hard/libc_nano.a(lib_a-init.o)
                0x0000000008000260                __libc_init_array
 .text          0x00000000080002a8       0x94 /usr/lib/gcc/arm-none-eabi/7.3.1/../../../arm-none-eabi/lib/thumb/v7e-m/fpv4-sp/hard/libc_nano.a(lib_a-memset.o)
                0x00000000080002a8                memset
 .text          0x000000000800033c       0x30 /usr/lib/gcc/arm-none-eabi/7.3.1/thumb/v7e-m/fpv4-sp/hard/libgcc.a(_aeabi_uldivmod.o)
                0x000000000800033c                __aeabi_uldivmod
 .text          0x000000000800036c      0x2cc /usr/lib/gcc/arm-none-eabi/7.3.1/thumb/v7e-m/fpv4-sp/hard/libgcc.a(_udivmoddi4.o)
                0x000000000800036c                __udivmoddi4
 .text          0x0000000008000638        0x4 /usr/lib/gcc/arm-none-eabi/7.3.1/thumb/v7e-m/fpv4-sp/hard/libgcc.a(_dvmd_tls.o)
                0x0000000008000638                __aeabi_ldiv0
                0x0000000008000638                __aeabi_idiv0
 *(.text*)
 .text.MX_GPIO_Init
                0x000000000800063c      0x130 build/main.o
 .text.MX_LPUART1_UART_Init
                0x000000000800076c       0x48 build/main.o
 .text.SystemClock_Config
                0x00000000080007b4       0x76 build/main.o
                0x00000000080007b4                SystemClock_Config
 *fill*         0x000000000800082a        0x2 
 .text.main     0x000000000800082c       0x7c build/main.o
                0x000000000800082c                main
 .text.assert_failed
                0x00000000080008a8        0x2 build/main.o
                0x00000000080008a8                assert_failed
 .text.NMI_Handler
                0x00000000080008aa        0x2 build/stm32g4xx_it.o
                0x00000000080008aa                NMI_Handler
 .text.HardFault_Handler
                0x00000000080008ac        0x2 build/stm32g4xx_it.o
                0x00000000080008ac                HardFault_Handler
 .text.MemManage_Handler
                0x00000000080008ae        0x2 build/stm32g4xx_it.o
                0x00000000080008ae                MemManage_Handler
 .text.BusFault_Handler
                0x00000000080008b0        0x2 build/stm32g4xx_it.o
                0x00000000080008b0                BusFault_Handler
 .text.UsageFault_Handler
                0x00000000080008b2        0x2 build/stm32g4xx_it.o
                0x00000000080008b2                UsageFault_Handler
 .text.SVC_Handler
                0x00000000080008b4        0x2 build/stm32g4xx_it.o
                0x00000000080008b4                SVC_Handler
 .text.DebugMon_Handler
                0x00000000080008b6        0x2 build/stm32g4xx_it.o
                0x00000000080008b6                DebugMon_Handler
 .text.PendSV_Handler
                0x00000000080008b8        0x2 build/stm32g4xx_it.o
                0x00000000080008b8                PendSV_Handler
 .text.SysTick_Handler
                0x00000000080008ba        0x8 build/stm32g4xx_it.o
                0x00000000080008ba                SysTick_Handler
 *fill*         0x00000000080008c2        0x2 
 .text.HAL_MspInit
                0x00000000080008c4       0x38 build/stm32g4xx_hal_msp.o
                0x00000000080008c4                HAL_MspInit
 .text.HAL_UART_MspInit
                0x00000000080008fc       0x64 build/stm32g4xx_hal_msp.o
                0x00000000080008fc                HAL_UART_MspInit
 .text.HAL_GPIO_Init
                0x0000000008000960      0x2d0 build/stm32g4xx_hal_gpio.o
                0x0000000008000960                HAL_GPIO_Init
 .text.HAL_GPIO_WritePin
                0x0000000008000c30       0x34 build/stm32g4xx_hal_gpio.o
                0x0000000008000c30                HAL_GPIO_WritePin
 .text.UART_SetConfig
                0x0000000008000c64      0x464 build/stm32g4xx_hal_uart.o
                0x0000000008000c64                UART_SetConfig
 .text.UART_AdvFeatureConfig
                0x00000000080010c8      0x1ec build/stm32g4xx_hal_uart.o
                0x00000000080010c8                UART_AdvFeatureConfig
 .text.UART_WaitOnFlagUntilTimeout
                0x00000000080012b4       0xa6 build/stm32g4xx_hal_uart.o
                0x00000000080012b4                UART_WaitOnFlagUntilTimeout
 .text.UART_CheckIdleState
                0x000000000800135a       0x72 build/stm32g4xx_hal_uart.o
                0x000000000800135a                UART_CheckIdleState
 .text.HAL_UART_Init
                0x00000000080013cc       0xe0 build/stm32g4xx_hal_uart.o
                0x00000000080013cc                HAL_UART_Init
 .text.UARTEx_SetNbDataToProcess
                0x00000000080014ac       0x74 build/stm32g4xx_hal_uart_ex.o
 .text.HAL_UARTEx_DisableFifoMode
                0x0000000008001520       0x7c build/stm32g4xx_hal_uart_ex.o
                0x0000000008001520                HAL_UARTEx_DisableFifoMode
 .text.HAL_UARTEx_SetTxFifoThreshold
                0x000000000800159c       0xb4 build/stm32g4xx_hal_uart_ex.o
                0x000000000800159c                HAL_UARTEx_SetTxFifoThreshold
 .text.HAL_UARTEx_SetRxFifoThreshold
                0x0000000008001650       0xb4 build/stm32g4xx_hal_uart_ex.o
                0x0000000008001650                HAL_UARTEx_SetRxFifoThreshold
 .text.HAL_InitTick
                0x0000000008001704       0x50 build/stm32g4xx_hal.o
                0x0000000008001704                HAL_InitTick
 .text.HAL_Init
                0x0000000008001754       0x1e build/stm32g4xx_hal.o
                0x0000000008001754                HAL_Init
 *fill*         0x0000000008001772        0x2 
 .text.HAL_IncTick
                0x0000000008001774       0x18 build/stm32g4xx_hal.o
                0x0000000008001774                HAL_IncTick
 .text.HAL_GetTick
                0x000000000800178c        0xc build/stm32g4xx_hal.o
                0x000000000800178c                HAL_GetTick
 .text.RCC_GetSysClockFreqFromPLLSource
                0x0000000008001798       0x58 build/stm32g4xx_hal_rcc.o
 .text.HAL_RCC_OscConfig
                0x00000000080017f0      0x638 build/stm32g4xx_hal_rcc.o
                0x00000000080017f0                HAL_RCC_OscConfig
 .text.HAL_RCC_GetSysClockFreq
                0x0000000008001e28       0x88 build/stm32g4xx_hal_rcc.o
                0x0000000008001e28                HAL_RCC_GetSysClockFreq
 .text.HAL_RCC_ClockConfig
                0x0000000008001eb0      0x2bc build/stm32g4xx_hal_rcc.o
                0x0000000008001eb0                HAL_RCC_ClockConfig
 .text.HAL_RCC_GetHCLKFreq
                0x000000000800216c        0xc build/stm32g4xx_hal_rcc.o
                0x000000000800216c                HAL_RCC_GetHCLKFreq
 .text.HAL_RCC_GetPCLK1Freq
                0x0000000008002178       0x24 build/stm32g4xx_hal_rcc.o
                0x0000000008002178                HAL_RCC_GetPCLK1Freq
 .text.HAL_RCC_GetPCLK2Freq
                0x000000000800219c       0x24 build/stm32g4xx_hal_rcc.o
                0x000000000800219c                HAL_RCC_GetPCLK2Freq
 .text.HAL_RCCEx_PeriphCLKConfig
                0x00000000080021c0      0x4fc build/stm32g4xx_hal_rcc_ex.o
                0x00000000080021c0                HAL_RCCEx_PeriphCLKConfig
 .text.HAL_PWREx_ControlVoltageScaling
                0x00000000080026bc      0x12c build/stm32g4xx_hal_pwr_ex.o
                0x00000000080026bc                HAL_PWREx_ControlVoltageScaling
 .text.HAL_PWREx_DisableUCPDDeadBattery
                0x00000000080027e8       0x10 build/stm32g4xx_hal_pwr_ex.o
                0x00000000080027e8                HAL_PWREx_DisableUCPDDeadBattery
 .text.HAL_NVIC_SetPriorityGrouping
                0x00000000080027f8       0x3c build/stm32g4xx_hal_cortex.o
                0x00000000080027f8                HAL_NVIC_SetPriorityGrouping
 .text.HAL_NVIC_SetPriority
                0x0000000008002834       0x8c build/stm32g4xx_hal_cortex.o
                0x0000000008002834                HAL_NVIC_SetPriority
 .text.HAL_SYSTICK_Config
                0x00000000080028c0       0x2c build/stm32g4xx_hal_cortex.o
                0x00000000080028c0                HAL_SYSTICK_Config
 .text.SystemInit
                0x00000000080028ec       0x1c build/system_stm32g4xx.o
                0x00000000080028ec                SystemInit
 .text.Reset_Handler
                0x0000000008002908       0x50 build/startup_stm32g431xx.o
                0x0000000008002908                Reset_Handler
 .text.Default_Handler
                0x0000000008002958        0x2 build/startup_stm32g431xx.o
                0x0000000008002958                RTC_Alarm_IRQHandler
                0x0000000008002958                EXTI2_IRQHandler
                0x0000000008002958                TIM8_TRG_COM_IRQHandler
                0x0000000008002958                TIM8_CC_IRQHandler
                0x0000000008002958                TIM1_CC_IRQHandler
                0x0000000008002958                USB_HP_IRQHandler
                0x0000000008002958                CORDIC_IRQHandler
                0x0000000008002958                EXTI3_IRQHandler
                0x0000000008002958                I2C3_ER_IRQHandler
                0x0000000008002958                EXTI0_IRQHandler
                0x0000000008002958                I2C2_EV_IRQHandler
                0x0000000008002958                FPU_IRQHandler
                0x0000000008002958                FDCAN1_IT1_IRQHandler
                0x0000000008002958                TIM1_UP_TIM16_IRQHandler
                0x0000000008002958                ADC1_2_IRQHandler
                0x0000000008002958                SPI1_IRQHandler
                0x0000000008002958                TIM6_DAC_IRQHandler
                0x0000000008002958                TIM8_UP_IRQHandler
                0x0000000008002958                DMA2_Channel2_IRQHandler
                0x0000000008002958                DMA1_Channel4_IRQHandler
                0x0000000008002958                USART3_IRQHandler
                0x0000000008002958                TIM4_IRQHandler
                0x0000000008002958                DMA2_Channel1_IRQHandler
                0x0000000008002958                I2C1_EV_IRQHandler
                0x0000000008002958                DMA1_Channel6_IRQHandler
                0x0000000008002958                UART4_IRQHandler
                0x0000000008002958                DMA2_Channel4_IRQHandler
                0x0000000008002958                TIM3_IRQHandler
                0x0000000008002958                RCC_IRQHandler
                0x0000000008002958                DMA1_Channel1_IRQHandler
                0x0000000008002958                Default_Handler
                0x0000000008002958                RTC_TAMP_LSECSS_IRQHandler
                0x0000000008002958                FMAC_IRQHandler
                0x0000000008002958                EXTI15_10_IRQHandler
                0x0000000008002958                TIM7_IRQHandler
                0x0000000008002958                UCPD1_IRQHandler
                0x0000000008002958                I2C3_EV_IRQHandler
                0x0000000008002958                EXTI9_5_IRQHandler
                0x0000000008002958                RTC_WKUP_IRQHandler
                0x0000000008002958                PVD_PVM_IRQHandler
                0x0000000008002958                SPI2_IRQHandler
                0x0000000008002958                DMA2_Channel5_IRQHandler
                0x0000000008002958                CRS_IRQHandler
                0x0000000008002958                DMA1_Channel5_IRQHandler
                0x0000000008002958                USB_LP_IRQHandler
                0x0000000008002958                EXTI4_IRQHandler
                0x0000000008002958                RNG_IRQHandler
                0x0000000008002958                TIM1_TRG_COM_TIM17_IRQHandler
                0x0000000008002958                DMA1_Channel3_IRQHandler
                0x0000000008002958                WWDG_IRQHandler
                0x0000000008002958                LPUART1_IRQHandler
                0x0000000008002958                DMA2_Channel6_IRQHandler
                0x0000000008002958                FDCAN1_IT0_IRQHandler
                0x0000000008002958                TIM2_IRQHandler
                0x0000000008002958                COMP1_2_3_IRQHandler
                0x0000000008002958                EXTI1_IRQHandler
                0x0000000008002958                USART2_IRQHandler
                0x0000000008002958                I2C2_ER_IRQHandler
                0x0000000008002958                DMA1_Channel2_IRQHandler
                0x0000000008002958                TIM8_BRK_IRQHandler
                0x0000000008002958                FLASH_IRQHandler
                0x0000000008002958                USART1_IRQHandler
                0x0000000008002958                SPI3_IRQHandler
                0x0000000008002958                I2C1_ER_IRQHandler
                0x0000000008002958                LPTIM1_IRQHandler
                0x0000000008002958                DMAMUX_OVR_IRQHandler
                0x0000000008002958                USBWakeUp_IRQHandler
                0x0000000008002958                SAI1_IRQHandler
                0x0000000008002958                DMA2_Channel3_IRQHandler
                0x0000000008002958                COMP4_IRQHandler
                0x0000000008002958                TIM1_BRK_TIM15_IRQHandler
 *(.glue_7)
 .glue_7        0x000000000800295a        0x0 linker stubs
 *(.glue_7t)
 .glue_7t       0x000000000800295a        0x0 linker stubs
 *(.eh_frame)
 *fill*         0x000000000800295a        0x2 
 .eh_frame      0x000000000800295c        0x0 /usr/lib/gcc/arm-none-eabi/7.3.1/thumb/v7e-m/fpv4-sp/hard/crtbegin.o
 *(.init)
 .init          0x000000000800295c        0x4 /usr/lib/gcc/arm-none-eabi/7.3.1/thumb/v7e-m/fpv4-sp/hard/crti.o
                0x000000000800295c                _init
 .init          0x0000000008002960        0x8 /usr/lib/gcc/arm-none-eabi/7.3.1/thumb/v7e-m/fpv4-sp/hard/crtn.o
 *(.fini)
 .fini          0x0000000008002968        0x4 /usr/lib/gcc/arm-none-eabi/7.3.1/thumb/v7e-m/fpv4-sp/hard/crti.o
                0x0000000008002968                _fini
 .fini          0x000000000800296c        0x8 /usr/lib/gcc/arm-none-eabi/7.3.1/thumb/v7e-m/fpv4-sp/hard/crtn.o
                0x0000000008002974                . = ALIGN (0x4)
                0x0000000008002974                _etext = .

.vfp11_veneer   0x0000000008002974        0x0
 .vfp11_veneer  0x0000000008002974        0x0 linker stubs

.v4_bx          0x0000000008002974        0x0
 .v4_bx         0x0000000008002974        0x0 linker stubs

.iplt           0x0000000008002974        0x0
 .iplt          0x0000000008002974        0x0 /usr/lib/gcc/arm-none-eabi/7.3.1/thumb/v7e-m/fpv4-sp/hard/crtbegin.o

.rodata         0x0000000008002974      0x1cc
                0x0000000008002974                . = ALIGN (0x4)
 *(.rodata)
 .rodata        0x0000000008002974       0x10 build/stm32g4xx_hal_uart_ex.o
 *(.rodata*)
 .rodata.HAL_GPIO_Init.str1.4
                0x0000000008002984       0x36 build/stm32g4xx_hal_gpio.o
 *fill*         0x00000000080029ba        0x2 
 .rodata.HAL_UART_DeInit.str1.4
                0x00000000080029bc       0x36 build/stm32g4xx_hal_uart.o
 *fill*         0x00000000080029f2        0x2 
 .rodata.UARTPrescTable
                0x00000000080029f4       0x18 build/stm32g4xx_hal_uart.o
                0x00000000080029f4                UARTPrescTable
 .rodata.UARTEx_Wakeup_AddressConfig.str1.4
                0x0000000008002a0c       0x39 build/stm32g4xx_hal_uart_ex.o
 *fill*         0x0000000008002a45        0x3 
 .rodata.HAL_RCC_OscConfig.str1.4
                0x0000000008002a48       0x35 build/stm32g4xx_hal_rcc.o
 *fill*         0x0000000008002a7d        0x3 
 .rodata.HAL_RCCEx_PeriphCLKConfig.str1.4
                0x0000000008002a80       0x38 build/stm32g4xx_hal_rcc_ex.o
 .rodata.HAL_PWREx_ControlVoltageScaling.str1.4
                0x0000000008002ab8       0x38 build/stm32g4xx_hal_pwr_ex.o
 .rodata.HAL_NVIC_SetPriorityGrouping.str1.4
                0x0000000008002af0       0x38 build/stm32g4xx_hal_cortex.o
 .rodata.AHBPrescTable
                0x0000000008002b28       0x10 build/system_stm32g4xx.o
                0x0000000008002b28                AHBPrescTable
 .rodata.APBPrescTable
                0x0000000008002b38        0x8 build/system_stm32g4xx.o
                0x0000000008002b38                APBPrescTable
                0x0000000008002b40                . = ALIGN (0x4)

.ARM.extab
 *(.ARM.extab* .gnu.linkonce.armextab.*)

.ARM            0x0000000008002b40        0x8
                0x0000000008002b40                __exidx_start = .
 *(.ARM.exidx*)
 .ARM.exidx     0x0000000008002b40        0x8 /usr/lib/gcc/arm-none-eabi/7.3.1/thumb/v7e-m/fpv4-sp/hard/libgcc.a(_udivmoddi4.o)
                0x0000000008002b48                __exidx_end = .

.rel.dyn        0x0000000008002b48        0x0
 .rel.iplt      0x0000000008002b48        0x0 /usr/lib/gcc/arm-none-eabi/7.3.1/thumb/v7e-m/fpv4-sp/hard/crtbegin.o

.preinit_array  0x0000000008002b48        0x0
                0x0000000008002b48                PROVIDE (__preinit_array_start = .)
 *(.preinit_array*)
                0x0000000008002b48                PROVIDE (__preinit_array_end = .)

.init_array     0x0000000008002b48        0x4
                0x0000000008002b48                PROVIDE (__init_array_start = .)
 *(SORT_BY_NAME(.init_array.*))
 *(.init_array*)
 .init_array    0x0000000008002b48        0x4 /usr/lib/gcc/arm-none-eabi/7.3.1/thumb/v7e-m/fpv4-sp/hard/crtbegin.o
                0x0000000008002b4c                PROVIDE (__init_array_end = .)

.fini_array     0x0000000008002b4c        0x4
                0x0000000008002b4c                PROVIDE (__fini_array_start = .)
 *(SORT_BY_NAME(.fini_array.*))
 *(.fini_array*)
 .fini_array    0x0000000008002b4c        0x4 /usr/lib/gcc/arm-none-eabi/7.3.1/thumb/v7e-m/fpv4-sp/hard/crtbegin.o
                0x0000000008002b50                PROVIDE (__fini_array_end = .)
                0x0000000008002b50                _sidata = LOADADDR (.data)

.data           0x0000000020000000        0xc load address 0x0000000008002b50
                0x0000000020000000                . = ALIGN (0x4)
                0x0000000020000000                _sdata = .
 *(.data)
 *(.data*)
 .data.uwTickFreq
                0x0000000020000000        0x4 build/stm32g4xx_hal.o
                0x0000000020000000                uwTickFreq
 .data.uwTickPrio
                0x0000000020000004        0x4 build/stm32g4xx_hal.o
                0x0000000020000004                uwTickPrio
 .data.SystemCoreClock
                0x0000000020000008        0x4 build/system_stm32g4xx.o
                0x0000000020000008                SystemCoreClock
                0x000000002000000c                . = ALIGN (0x4)
                0x000000002000000c                _edata = .

.tm_clone_table
                0x000000002000000c        0x0 load address 0x0000000008002b5c
 .tm_clone_table
                0x000000002000000c        0x0 /usr/lib/gcc/arm-none-eabi/7.3.1/thumb/v7e-m/fpv4-sp/hard/crtbegin.o
 .tm_clone_table
                0x000000002000000c        0x0 /usr/lib/gcc/arm-none-eabi/7.3.1/thumb/v7e-m/fpv4-sp/hard/crtend.o

.igot.plt       0x000000002000000c        0x0 load address 0x0000000008002b5c
 .igot.plt      0x000000002000000c        0x0 /usr/lib/gcc/arm-none-eabi/7.3.1/thumb/v7e-m/fpv4-sp/hard/crtbegin.o
                0x000000002000000c                . = ALIGN (0x4)

.bss            0x000000002000000c       0xac load address 0x0000000008002b5c
                0x000000002000000c                _sbss = .
                0x000000002000000c                __bss_start__ = _sbss
 *(.bss)
 .bss           0x000000002000000c       0x1c /usr/lib/gcc/arm-none-eabi/7.3.1/thumb/v7e-m/fpv4-sp/hard/crtbegin.o
 *(.bss*)
 *(COMMON)
 COMMON         0x0000000020000028       0x8c build/main.o
                0x0000000020000028                hlpuart1
 COMMON         0x00000000200000b4        0x4 build/stm32g4xx_hal.o
                0x00000000200000b4                uwTick
                0x00000000200000b8                . = ALIGN (0x4)
                0x00000000200000b8                _ebss = .
                0x00000000200000b8                __bss_end__ = _ebss

._user_heap_stack
                0x00000000200000b8      0x600 load address 0x0000000008002b5c
                0x00000000200000b8                . = ALIGN (0x8)
                [!provide]                        PROVIDE (end = .)
                [!provide]                        PROVIDE (_end = .)
                0x00000000200002b8                . = (. + _Min_Heap_Size)
 *fill*         0x00000000200000b8      0x200 
                0x00000000200006b8                . = (. + _Min_Stack_Size)
 *fill*         0x00000000200002b8      0x400 
                0x00000000200006b8                . = ALIGN (0x8)

/DISCARD/
 libc.a(*)
 libm.a(*)
 libgcc.a(*)

.ARM.attributes
                0x0000000000000000       0x30
 *(.ARM.attributes)
 .ARM.attributes
                0x0000000000000000       0x22 /usr/lib/gcc/arm-none-eabi/7.3.1/thumb/v7e-m/fpv4-sp/hard/crti.o
 .ARM.attributes
                0x0000000000000022       0x34 /usr/lib/gcc/arm-none-eabi/7.3.1/thumb/v7e-m/fpv4-sp/hard/crtbegin.o
 .ARM.attributes
                0x0000000000000056       0x39 build/main.o
 .ARM.attributes
                0x000000000000008f       0x39 build/stm32g4xx_it.o
 .ARM.attributes
                0x00000000000000c8       0x39 build/stm32g4xx_hal_msp.o
 .ARM.attributes
                0x0000000000000101       0x39 build/stm32g4xx_hal_gpio.o
 .ARM.attributes
                0x000000000000013a       0x39 build/stm32g4xx_hal_uart.o
 .ARM.attributes
                0x0000000000000173       0x39 build/stm32g4xx_hal_uart_ex.o
 .ARM.attributes
                0x00000000000001ac       0x39 build/stm32g4xx_hal.o
 .ARM.attributes
                0x00000000000001e5       0x39 build/stm32g4xx_hal_rcc.o
 .ARM.attributes
                0x000000000000021e       0x39 build/stm32g4xx_hal_rcc_ex.o
 .ARM.attributes
                0x0000000000000257       0x39 build/stm32g4xx_hal_pwr_ex.o
 .ARM.attributes
                0x0000000000000290       0x39 build/stm32g4xx_hal_cortex.o
 .ARM.attributes
                0x00000000000002c9       0x39 build/system_stm32g4xx.o
 .ARM.attributes
                0x0000000000000302       0x21 build/startup_stm32g431xx.o
 .ARM.attributes
                0x0000000000000323       0x34 /usr/lib/gcc/arm-none-eabi/7.3.1/../../../arm-none-eabi/lib/thumb/v7e-m/fpv4-sp/hard/libc_nano.a(lib_a-init.o)
 .ARM.attributes
                0x0000000000000357       0x34 /usr/lib/gcc/arm-none-eabi/7.3.1/../../../arm-none-eabi/lib/thumb/v7e-m/fpv4-sp/hard/libc_nano.a(lib_a-memset.o)
 .ARM.attributes
                0x000000000000038b       0x22 /usr/lib/gcc/arm-none-eabi/7.3.1/thumb/v7e-m/fpv4-sp/hard/libgcc.a(_aeabi_uldivmod.o)
 .ARM.attributes
                0x00000000000003ad       0x34 /usr/lib/gcc/arm-none-eabi/7.3.1/thumb/v7e-m/fpv4-sp/hard/libgcc.a(_udivmoddi4.o)
 .ARM.attributes
                0x00000000000003e1       0x22 /usr/lib/gcc/arm-none-eabi/7.3.1/thumb/v7e-m/fpv4-sp/hard/libgcc.a(_dvmd_tls.o)
 .ARM.attributes
                0x0000000000000403       0x34 /usr/lib/gcc/arm-none-eabi/7.3.1/thumb/v7e-m/fpv4-sp/hard/crtend.o
 .ARM.attributes
                0x0000000000000437       0x22 /usr/lib/gcc/arm-none-eabi/7.3.1/thumb/v7e-m/fpv4-sp/hard/crtn.o
OUTPUT(build/G431_blinki.elf elf32-littlearm)

.comment        0x0000000000000000       0xae
 .comment       0x0000000000000000       0x57 /usr/lib/gcc/arm-none-eabi/7.3.1/thumb/v7e-m/fpv4-sp/hard/crtbegin.o
                                         0x58 (size before relaxing)
 .comment       0x0000000000000057       0x58 build/main.o
 .comment       0x0000000000000057       0x58 build/stm32g4xx_it.o
 .comment       0x0000000000000057       0x58 build/stm32g4xx_hal_msp.o
 .comment       0x0000000000000057       0x58 build/stm32g4xx_hal_gpio.o
 .comment       0x0000000000000057       0x58 build/stm32g4xx_hal_uart.o
 .comment       0x0000000000000057       0x58 build/stm32g4xx_hal_uart_ex.o
 .comment       0x0000000000000057       0x58 build/stm32g4xx_hal.o
 .comment       0x0000000000000057       0x58 build/stm32g4xx_hal_rcc.o
 .comment       0x0000000000000057       0x58 build/stm32g4xx_hal_rcc_ex.o
 .comment       0x0000000000000057       0x58 build/stm32g4xx_hal_pwr_ex.o
 .comment       0x0000000000000057       0x58 build/stm32g4xx_hal_cortex.o
 .comment       0x0000000000000057       0x58 build/system_stm32g4xx.o
 .comment       0x0000000000000057       0x57 /usr/lib/gcc/arm-none-eabi/7.3.1/../../../arm-none-eabi/lib/thumb/v7e-m/fpv4-sp/hard/libc_nano.a(lib_a-init.o)
                                         0x58 (size before relaxing)
 .comment       0x00000000000000ae       0x58 /usr/lib/gcc/arm-none-eabi/7.3.1/../../../arm-none-eabi/lib/thumb/v7e-m/fpv4-sp/hard/libc_nano.a(lib_a-memset.o)
 .comment       0x00000000000000ae       0x58 /usr/lib/gcc/arm-none-eabi/7.3.1/thumb/v7e-m/fpv4-sp/hard/libgcc.a(_udivmoddi4.o)
 .comment       0x00000000000000ae       0x58 /usr/lib/gcc/arm-none-eabi/7.3.1/thumb/v7e-m/fpv4-sp/hard/crtend.o

.debug_info     0x0000000000000000     0xe60e
 .debug_info    0x0000000000000000     0x146e build/main.o
 .debug_info    0x000000000000146e      0x392 build/stm32g4xx_it.o
 .debug_info    0x0000000000001800      0xe5c build/stm32g4xx_hal_msp.o
 .debug_info    0x000000000000265c      0xc5a build/stm32g4xx_hal_gpio.o
 .debug_info    0x00000000000032b6     0x26dd build/stm32g4xx_hal_uart.o
 .debug_info    0x0000000000005993     0x10a6 build/stm32g4xx_hal_uart_ex.o
 .debug_info    0x0000000000006a39      0xe74 build/stm32g4xx_hal.o
 .debug_info    0x00000000000078ad     0x134e build/stm32g4xx_hal_rcc.o
 .debug_info    0x0000000000008bfb     0x1427 build/stm32g4xx_hal_rcc_ex.o
 .debug_info    0x000000000000a022      0xdf4 build/stm32g4xx_hal_pwr_ex.o
 .debug_info    0x000000000000ae16     0x13bc build/stm32g4xx_hal_cortex.o
 .debug_info    0x000000000000c1d2      0x79d build/system_stm32g4xx.o
 .debug_info    0x000000000000c96f       0x22 build/startup_stm32g431xx.o
 .debug_info    0x000000000000c991      0x109 /usr/lib/gcc/arm-none-eabi/7.3.1/../../../arm-none-eabi/lib/thumb/v7e-m/fpv4-sp/hard/libc_nano.a(lib_a-init.o)
 .debug_info    0x000000000000ca9a      0xe1d /usr/lib/gcc/arm-none-eabi/7.3.1/../../../arm-none-eabi/lib/thumb/v7e-m/fpv4-sp/hard/libc_nano.a(lib_a-memset.o)
 .debug_info    0x000000000000d8b7       0x26 /usr/lib/gcc/arm-none-eabi/7.3.1/thumb/v7e-m/fpv4-sp/hard/libgcc.a(_aeabi_uldivmod.o)
 .debug_info    0x000000000000d8dd      0xd0b /usr/lib/gcc/arm-none-eabi/7.3.1/thumb/v7e-m/fpv4-sp/hard/libgcc.a(_udivmoddi4.o)
 .debug_info    0x000000000000e5e8       0x26 /usr/lib/gcc/arm-none-eabi/7.3.1/thumb/v7e-m/fpv4-sp/hard/libgcc.a(_dvmd_tls.o)

.debug_abbrev   0x0000000000000000     0x1def
 .debug_abbrev  0x0000000000000000      0x258 build/main.o
 .debug_abbrev  0x0000000000000258      0x100 build/stm32g4xx_it.o
 .debug_abbrev  0x0000000000000358      0x19e build/stm32g4xx_hal_msp.o
 .debug_abbrev  0x00000000000004f6      0x22f build/stm32g4xx_hal_gpio.o
 .debug_abbrev  0x0000000000000725      0x2a9 build/stm32g4xx_hal_uart.o
 .debug_abbrev  0x00000000000009ce      0x242 build/stm32g4xx_hal_uart_ex.o
 .debug_abbrev  0x0000000000000c10      0x209 build/stm32g4xx_hal.o
 .debug_abbrev  0x0000000000000e19      0x255 build/stm32g4xx_hal_rcc.o
 .debug_abbrev  0x000000000000106e      0x25b build/stm32g4xx_hal_rcc_ex.o
 .debug_abbrev  0x00000000000012c9      0x241 build/stm32g4xx_hal_pwr_ex.o
 .debug_abbrev  0x000000000000150a      0x36a build/stm32g4xx_hal_cortex.o
 .debug_abbrev  0x0000000000001874      0x146 build/system_stm32g4xx.o
 .debug_abbrev  0x00000000000019ba       0x12 build/startup_stm32g431xx.o
 .debug_abbrev  0x00000000000019cc       0xba /usr/lib/gcc/arm-none-eabi/7.3.1/../../../arm-none-eabi/lib/thumb/v7e-m/fpv4-sp/hard/libc_nano.a(lib_a-init.o)
 .debug_abbrev  0x0000000000001a86      0x1a8 /usr/lib/gcc/arm-none-eabi/7.3.1/../../../arm-none-eabi/lib/thumb/v7e-m/fpv4-sp/hard/libc_nano.a(lib_a-memset.o)
 .debug_abbrev  0x0000000000001c2e       0x14 /usr/lib/gcc/arm-none-eabi/7.3.1/thumb/v7e-m/fpv4-sp/hard/libgcc.a(_aeabi_uldivmod.o)
 .debug_abbrev  0x0000000000001c42      0x199 /usr/lib/gcc/arm-none-eabi/7.3.1/thumb/v7e-m/fpv4-sp/hard/libgcc.a(_udivmoddi4.o)
 .debug_abbrev  0x0000000000001ddb       0x14 /usr/lib/gcc/arm-none-eabi/7.3.1/thumb/v7e-m/fpv4-sp/hard/libgcc.a(_dvmd_tls.o)

.debug_loc      0x0000000000000000     0x687b
 .debug_loc     0x0000000000000000      0x122 build/main.o
 .debug_loc     0x0000000000000122       0x20 build/stm32g4xx_it.o
 .debug_loc     0x0000000000000142      0x110 build/stm32g4xx_hal_msp.o
 .debug_loc     0x0000000000000252      0x5b4 build/stm32g4xx_hal_gpio.o
 .debug_loc     0x0000000000000806     0x20da build/stm32g4xx_hal_uart.o
 .debug_loc     0x00000000000028e0      0x5a5 build/stm32g4xx_hal_uart_ex.o
 .debug_loc     0x0000000000002e85      0x3a1 build/stm32g4xx_hal.o
 .debug_loc     0x0000000000003226      0x7de build/stm32g4xx_hal_rcc.o
 .debug_loc     0x0000000000003a04      0xd66 build/stm32g4xx_hal_rcc_ex.o
 .debug_loc     0x000000000000476a      0x793 build/stm32g4xx_hal_pwr_ex.o
 .debug_loc     0x0000000000004efd      0x89c build/stm32g4xx_hal_cortex.o
 .debug_loc     0x0000000000005799       0x80 build/system_stm32g4xx.o
 .debug_loc     0x0000000000005819       0xa2 /usr/lib/gcc/arm-none-eabi/7.3.1/../../../arm-none-eabi/lib/thumb/v7e-m/fpv4-sp/hard/libc_nano.a(lib_a-init.o)
 .debug_loc     0x00000000000058bb      0x175 /usr/lib/gcc/arm-none-eabi/7.3.1/../../../arm-none-eabi/lib/thumb/v7e-m/fpv4-sp/hard/libc_nano.a(lib_a-memset.o)
 .debug_loc     0x0000000000005a30      0xe4b /usr/lib/gcc/arm-none-eabi/7.3.1/thumb/v7e-m/fpv4-sp/hard/libgcc.a(_udivmoddi4.o)

.debug_aranges  0x0000000000000000      0x938
 .debug_aranges
                0x0000000000000000       0x48 build/main.o
 .debug_aranges
                0x0000000000000048       0x60 build/stm32g4xx_it.o
 .debug_aranges
                0x00000000000000a8       0x30 build/stm32g4xx_hal_msp.o
 .debug_aranges
                0x00000000000000d8       0x58 build/stm32g4xx_hal_gpio.o
 .debug_aranges
                0x0000000000000130      0x230 build/stm32g4xx_hal_uart.o
 .debug_aranges
                0x0000000000000360       0x88 build/stm32g4xx_hal_uart_ex.o
 .debug_aranges
                0x00000000000003e8      0x130 build/stm32g4xx_hal.o
 .debug_aranges
                0x0000000000000518       0x98 build/stm32g4xx_hal_rcc.o
 .debug_aranges
                0x00000000000005b0       0xb0 build/stm32g4xx_hal_rcc_ex.o
 .debug_aranges
                0x0000000000000660      0x140 build/stm32g4xx_hal_pwr_ex.o
 .debug_aranges
                0x00000000000007a0       0xa8 build/stm32g4xx_hal_cortex.o
 .debug_aranges
                0x0000000000000848       0x28 build/system_stm32g4xx.o
 .debug_aranges
                0x0000000000000870       0x28 build/startup_stm32g431xx.o
 .debug_aranges
                0x0000000000000898       0x20 /usr/lib/gcc/arm-none-eabi/7.3.1/../../../arm-none-eabi/lib/thumb/v7e-m/fpv4-sp/hard/libc_nano.a(lib_a-init.o)
 .debug_aranges
                0x00000000000008b8       0x20 /usr/lib/gcc/arm-none-eabi/7.3.1/../../../arm-none-eabi/lib/thumb/v7e-m/fpv4-sp/hard/libc_nano.a(lib_a-memset.o)
 .debug_aranges
                0x00000000000008d8       0x20 /usr/lib/gcc/arm-none-eabi/7.3.1/thumb/v7e-m/fpv4-sp/hard/libgcc.a(_aeabi_uldivmod.o)
 .debug_aranges
                0x00000000000008f8       0x20 /usr/lib/gcc/arm-none-eabi/7.3.1/thumb/v7e-m/fpv4-sp/hard/libgcc.a(_udivmoddi4.o)
 .debug_aranges
                0x0000000000000918       0x20 /usr/lib/gcc/arm-none-eabi/7.3.1/thumb/v7e-m/fpv4-sp/hard/libgcc.a(_dvmd_tls.o)

.debug_ranges   0x0000000000000000      0x960
 .debug_ranges  0x0000000000000000       0x38 build/main.o
 .debug_ranges  0x0000000000000038       0x50 build/stm32g4xx_it.o
 .debug_ranges  0x0000000000000088       0x20 build/stm32g4xx_hal_msp.o
 .debug_ranges  0x00000000000000a8       0x48 build/stm32g4xx_hal_gpio.o
 .debug_ranges  0x00000000000000f0      0x220 build/stm32g4xx_hal_uart.o
 .debug_ranges  0x0000000000000310       0x78 build/stm32g4xx_hal_uart_ex.o
 .debug_ranges  0x0000000000000388      0x120 build/stm32g4xx_hal.o
 .debug_ranges  0x00000000000004a8       0xa0 build/stm32g4xx_hal_rcc.o
 .debug_ranges  0x0000000000000548       0xc0 build/stm32g4xx_hal_rcc_ex.o
 .debug_ranges  0x0000000000000608      0x130 build/stm32g4xx_hal_pwr_ex.o
 .debug_ranges  0x0000000000000738      0x110 build/stm32g4xx_hal_cortex.o
 .debug_ranges  0x0000000000000848       0x18 build/system_stm32g4xx.o
 .debug_ranges  0x0000000000000860       0x20 build/startup_stm32g431xx.o
 .debug_ranges  0x0000000000000880       0xe0 /usr/lib/gcc/arm-none-eabi/7.3.1/thumb/v7e-m/fpv4-sp/hard/libgcc.a(_udivmoddi4.o)

.debug_line     0x0000000000000000     0x49f9
 .debug_line    0x0000000000000000      0x30a build/main.o
 .debug_line    0x000000000000030a      0x203 build/stm32g4xx_it.o
 .debug_line    0x000000000000050d      0x217 build/stm32g4xx_hal_msp.o
 .debug_line    0x0000000000000724      0x45e build/stm32g4xx_hal_gpio.o
 .debug_line    0x0000000000000b82     0x10f8 build/stm32g4xx_hal_uart.o
 .debug_line    0x0000000000001c7a      0x596 build/stm32g4xx_hal_uart_ex.o
 .debug_line    0x0000000000002210      0x4be build/stm32g4xx_hal.o
 .debug_line    0x00000000000026ce      0x6ac build/stm32g4xx_hal_rcc.o
 .debug_line    0x0000000000002d7a      0x8f3 build/stm32g4xx_hal_rcc_ex.o
 .debug_line    0x000000000000366d      0x6d0 build/stm32g4xx_hal_pwr_ex.o
 .debug_line    0x0000000000003d3d      0x4dc build/stm32g4xx_hal_cortex.o
 .debug_line    0x0000000000004219      0x1bc build/system_stm32g4xx.o
 .debug_line    0x00000000000043d5       0x77 build/startup_stm32g431xx.o
 .debug_line    0x000000000000444c       0xbf /usr/lib/gcc/arm-none-eabi/7.3.1/../../../arm-none-eabi/lib/thumb/v7e-m/fpv4-sp/hard/libc_nano.a(lib_a-init.o)
 .debug_line    0x000000000000450b      0x1c4 /usr/lib/gcc/arm-none-eabi/7.3.1/../../../arm-none-eabi/lib/thumb/v7e-m/fpv4-sp/hard/libc_nano.a(lib_a-memset.o)
 .debug_line    0x00000000000046cf       0x63 /usr/lib/gcc/arm-none-eabi/7.3.1/thumb/v7e-m/fpv4-sp/hard/libgcc.a(_aeabi_uldivmod.o)
 .debug_line    0x0000000000004732      0x264 /usr/lib/gcc/arm-none-eabi/7.3.1/thumb/v7e-m/fpv4-sp/hard/libgcc.a(_udivmoddi4.o)
 .debug_line    0x0000000000004996       0x63 /usr/lib/gcc/arm-none-eabi/7.3.1/thumb/v7e-m/fpv4-sp/hard/libgcc.a(_dvmd_tls.o)

.debug_str      0x0000000000000000     0x4f38
 .debug_str     0x0000000000000000      0xdd7 build/main.o
                                        0xeab (size before relaxing)
 .debug_str     0x0000000000000dd7       0xb4 build/stm32g4xx_it.o
                                        0x488 (size before relaxing)
 .debug_str     0x0000000000000e8b       0x84 build/stm32g4xx_hal_msp.o
                                        0xae8 (size before relaxing)
 .debug_str     0x0000000000000f0f      0x161 build/stm32g4xx_hal_gpio.o
                                        0x783 (size before relaxing)
 .debug_str     0x0000000000001070      0x89f build/stm32g4xx_hal_uart.o
                                       0x132e (size before relaxing)
 .debug_str     0x000000000000190f      0x1dd build/stm32g4xx_hal_uart_ex.o
                                        0xc04 (size before relaxing)
 .debug_str     0x0000000000001aec      0x864 build/stm32g4xx_hal.o
                                        0xe60 (size before relaxing)
 .debug_str     0x0000000000002350      0x261 build/stm32g4xx_hal_rcc.o
                                        0xa17 (size before relaxing)
 .debug_str     0x00000000000025b1      0x372 build/stm32g4xx_hal_rcc_ex.o
                                        0xc59 (size before relaxing)
 .debug_str     0x0000000000002923      0x4d3 build/stm32g4xx_hal_pwr_ex.o
                                        0xa17 (size before relaxing)
 .debug_str     0x0000000000002df6      0x441 build/stm32g4xx_hal_cortex.o
                                        0xdbd (size before relaxing)
 .debug_str     0x0000000000003237       0x3d build/system_stm32g4xx.o
                                        0x5d2 (size before relaxing)
 .debug_str     0x0000000000003274       0x24 build/startup_stm32g431xx.o
                                         0x69 (size before relaxing)
 .debug_str     0x0000000000003298      0x1cc /usr/lib/gcc/arm-none-eabi/7.3.1/../../../arm-none-eabi/lib/thumb/v7e-m/fpv4-sp/hard/libc_nano.a(lib_a-init.o)
                                        0x267 (size before relaxing)
 .debug_str     0x0000000000003464      0x6eb /usr/lib/gcc/arm-none-eabi/7.3.1/../../../arm-none-eabi/lib/thumb/v7e-m/fpv4-sp/hard/libc_nano.a(lib_a-memset.o)
                                        0x94d (size before relaxing)
 .debug_str     0x0000000000003b4f       0x79 /usr/lib/gcc/arm-none-eabi/7.3.1/thumb/v7e-m/fpv4-sp/hard/libgcc.a(_aeabi_uldivmod.o)
                                         0x87 (size before relaxing)
 .debug_str     0x0000000000003bc8     0x133d /usr/lib/gcc/arm-none-eabi/7.3.1/thumb/v7e-m/fpv4-sp/hard/libgcc.a(_udivmoddi4.o)
                                       0x1421 (size before relaxing)
 .debug_str     0x0000000000004f05       0x33 /usr/lib/gcc/arm-none-eabi/7.3.1/thumb/v7e-m/fpv4-sp/hard/libgcc.a(_dvmd_tls.o)
                                         0x8b (size before relaxing)

.debug_frame    0x0000000000000000     0x17ac
 .debug_frame   0x0000000000000000       0xb8 build/main.o
 .debug_frame   0x00000000000000b8       0xac build/stm32g4xx_it.o
 .debug_frame   0x0000000000000164       0x68 build/stm32g4xx_hal_msp.o
 .debug_frame   0x00000000000001cc      0x11c build/stm32g4xx_hal_gpio.o
 .debug_frame   0x00000000000002e8      0x6ec build/stm32g4xx_hal_uart.o
 .debug_frame   0x00000000000009d4      0x1b0 build/stm32g4xx_hal_uart_ex.o
 .debug_frame   0x0000000000000b84      0x2c0 build/stm32g4xx_hal.o
 .debug_frame   0x0000000000000e44      0x1f0 build/stm32g4xx_hal_rcc.o
 .debug_frame   0x0000000000001034      0x1d8 build/stm32g4xx_hal_rcc_ex.o
 .debug_frame   0x000000000000120c      0x2e8 build/stm32g4xx_hal_pwr_ex.o
 .debug_frame   0x00000000000014f4      0x1c4 build/stm32g4xx_hal_cortex.o
 .debug_frame   0x00000000000016b8       0x30 build/system_stm32g4xx.o
 .debug_frame   0x00000000000016e8       0x2c /usr/lib/gcc/arm-none-eabi/7.3.1/../../../arm-none-eabi/lib/thumb/v7e-m/fpv4-sp/hard/libc_nano.a(lib_a-init.o)
 .debug_frame   0x0000000000001714       0x38 /usr/lib/gcc/arm-none-eabi/7.3.1/../../../arm-none-eabi/lib/thumb/v7e-m/fpv4-sp/hard/libc_nano.a(lib_a-memset.o)
 .debug_frame   0x000000000000174c       0x2c /usr/lib/gcc/arm-none-eabi/7.3.1/thumb/v7e-m/fpv4-sp/hard/libgcc.a(_aeabi_uldivmod.o)
 .debug_frame   0x0000000000001778       0x34 /usr/lib/gcc/arm-none-eabi/7.3.1/thumb/v7e-m/fpv4-sp/hard/libgcc.a(_udivmoddi4.o)

Cross Reference Table

Symbol                                            File
ADC1_2_IRQHandler                                 build/startup_stm32g431xx.o
AHBPrescTable                                     build/system_stm32g4xx.o
                                                  build/stm32g4xx_hal_rcc.o
APBPrescTable                                     build/system_stm32g4xx.o
                                                  build/stm32g4xx_hal_rcc.o
BusFault_Handler                                  build/stm32g4xx_it.o
COMP1_2_3_IRQHandler                              build/startup_stm32g431xx.o
COMP4_IRQHandler                                  build/startup_stm32g431xx.o
CORDIC_IRQHandler                                 build/startup_stm32g431xx.o
CRS_IRQHandler                                    build/startup_stm32g431xx.o
DMA1_Channel1_IRQHandler                          build/startup_stm32g431xx.o
DMA1_Channel2_IRQHandler                          build/startup_stm32g431xx.o
DMA1_Channel3_IRQHandler                          build/startup_stm32g431xx.o
DMA1_Channel4_IRQHandler                          build/startup_stm32g431xx.o
DMA1_Channel5_IRQHandler                          build/startup_stm32g431xx.o
DMA1_Channel6_IRQHandler                          build/startup_stm32g431xx.o
DMA2_Channel1_IRQHandler                          build/startup_stm32g431xx.o
DMA2_Channel2_IRQHandler                          build/startup_stm32g431xx.o
DMA2_Channel3_IRQHandler                          build/startup_stm32g431xx.o
DMA2_Channel4_IRQHandler                          build/startup_stm32g431xx.o
DMA2_Channel5_IRQHandler                          build/startup_stm32g431xx.o
DMA2_Channel6_IRQHandler                          build/startup_stm32g431xx.o
DMAMUX_OVR_IRQHandler                             build/startup_stm32g431xx.o
DebugMon_Handler                                  build/stm32g4xx_it.o
Default_Handler                                   build/startup_stm32g431xx.o
EXTI0_IRQHandler                                  build/startup_stm32g431xx.o
EXTI15_10_IRQHandler                              build/startup_stm32g431xx.o
EXTI1_IRQHandler                                  build/startup_stm32g431xx.o
EXTI2_IRQHandler                                  build/startup_stm32g431xx.o
EXTI3_IRQHandler                                  build/startup_stm32g431xx.o
EXTI4_IRQHandler                                  build/startup_stm32g431xx.o
EXTI9_5_IRQHandler                                build/startup_stm32g431xx.o
Error_Handler                                     build/main.o
FDCAN1_IT0_IRQHandler                             build/startup_stm32g431xx.o
FDCAN1_IT1_IRQHandler                             build/startup_stm32g431xx.o
FLASH_FlushCaches                                 build/stm32g4xx_hal_flash_ex.o
                                                  build/stm32g4xx_hal_flash.o
FLASH_IRQHandler                                  build/startup_stm32g431xx.o
FLASH_PageErase                                   build/stm32g4xx_hal_flash_ex.o
                                                  build/stm32g4xx_hal_flash.o
FLASH_WaitForLastOperation                        build/stm32g4xx_hal_flash.o
                                                  build/stm32g4xx_hal_flash_ex.o
FMAC_IRQHandler                                   build/startup_stm32g431xx.o
FPU_IRQHandler                                    build/startup_stm32g431xx.o
HAL_DBGMCU_DisableDBGSleepMode                    build/stm32g4xx_hal.o
HAL_DBGMCU_DisableDBGStandbyMode                  build/stm32g4xx_hal.o
HAL_DBGMCU_DisableDBGStopMode                     build/stm32g4xx_hal.o
HAL_DBGMCU_EnableDBGSleepMode                     build/stm32g4xx_hal.o
HAL_DBGMCU_EnableDBGStandbyMode                   build/stm32g4xx_hal.o
HAL_DBGMCU_EnableDBGStopMode                      build/stm32g4xx_hal.o
HAL_DMAEx_ConfigMuxRequestGenerator               build/stm32g4xx_hal_dma_ex.o
HAL_DMAEx_ConfigMuxSync                           build/stm32g4xx_hal_dma_ex.o
HAL_DMAEx_DisableMuxRequestGenerator              build/stm32g4xx_hal_dma_ex.o
HAL_DMAEx_EnableMuxRequestGenerator               build/stm32g4xx_hal_dma_ex.o
HAL_DMAEx_MUX_IRQHandler                          build/stm32g4xx_hal_dma_ex.o
HAL_DMA_Abort                                     build/stm32g4xx_hal_dma.o
                                                  build/stm32g4xx_hal_uart.o
HAL_DMA_Abort_IT                                  build/stm32g4xx_hal_dma.o
                                                  build/stm32g4xx_hal_uart.o
HAL_DMA_DeInit                                    build/stm32g4xx_hal_dma.o
HAL_DMA_GetError                                  build/stm32g4xx_hal_dma.o
                                                  build/stm32g4xx_hal_uart.o
HAL_DMA_GetState                                  build/stm32g4xx_hal_dma.o
HAL_DMA_IRQHandler                                build/stm32g4xx_hal_dma.o
HAL_DMA_Init                                      build/stm32g4xx_hal_dma.o
HAL_DMA_PollForTransfer                           build/stm32g4xx_hal_dma.o
HAL_DMA_RegisterCallback                          build/stm32g4xx_hal_dma.o
HAL_DMA_Start                                     build/stm32g4xx_hal_dma.o
HAL_DMA_Start_IT                                  build/stm32g4xx_hal_dma.o
                                                  build/stm32g4xx_hal_uart.o
HAL_DMA_UnRegisterCallback                        build/stm32g4xx_hal_dma.o
HAL_DeInit                                        build/stm32g4xx_hal.o
HAL_Delay                                         build/stm32g4xx_hal.o
HAL_EXTI_ClearConfigLine                          build/stm32g4xx_hal_exti.o
HAL_EXTI_ClearPending                             build/stm32g4xx_hal_exti.o
HAL_EXTI_GenerateSWI                              build/stm32g4xx_hal_exti.o
HAL_EXTI_GetConfigLine                            build/stm32g4xx_hal_exti.o
HAL_EXTI_GetHandle                                build/stm32g4xx_hal_exti.o
HAL_EXTI_GetPending                               build/stm32g4xx_hal_exti.o
HAL_EXTI_IRQHandler                               build/stm32g4xx_hal_exti.o
HAL_EXTI_RegisterCallback                         build/stm32g4xx_hal_exti.o
HAL_EXTI_SetConfigLine                            build/stm32g4xx_hal_exti.o
HAL_FLASHEx_DisableDebugger                       build/stm32g4xx_hal_flash_ex.o
HAL_FLASHEx_DisableRunPowerDown                   build/stm32g4xx_hal_flash_ramfunc.o
HAL_FLASHEx_EnableDebugger                        build/stm32g4xx_hal_flash_ex.o
HAL_FLASHEx_EnableRunPowerDown                    build/stm32g4xx_hal_flash_ramfunc.o
HAL_FLASHEx_EnableSecMemProtection                build/stm32g4xx_hal_flash_ex.o
HAL_FLASHEx_Erase                                 build/stm32g4xx_hal_flash_ex.o
HAL_FLASHEx_Erase_IT                              build/stm32g4xx_hal_flash_ex.o
HAL_FLASHEx_OBGetConfig                           build/stm32g4xx_hal_flash_ex.o
HAL_FLASHEx_OBProgram                             build/stm32g4xx_hal_flash_ex.o
HAL_FLASH_EndOfOperationCallback                  build/stm32g4xx_hal_flash.o
HAL_FLASH_GetError                                build/stm32g4xx_hal_flash.o
HAL_FLASH_IRQHandler                              build/stm32g4xx_hal_flash.o
HAL_FLASH_Lock                                    build/stm32g4xx_hal_flash.o
HAL_FLASH_OB_Launch                               build/stm32g4xx_hal_flash.o
HAL_FLASH_OB_Lock                                 build/stm32g4xx_hal_flash.o
HAL_FLASH_OB_Unlock                               build/stm32g4xx_hal_flash.o
HAL_FLASH_OperationErrorCallback                  build/stm32g4xx_hal_flash.o
HAL_FLASH_Program                                 build/stm32g4xx_hal_flash.o
HAL_FLASH_Program_IT                              build/stm32g4xx_hal_flash.o
HAL_FLASH_Unlock                                  build/stm32g4xx_hal_flash.o
HAL_GPIO_DeInit                                   build/stm32g4xx_hal_gpio.o
                                                  build/stm32g4xx_hal_msp.o
HAL_GPIO_EXTI_Callback                            build/stm32g4xx_hal_gpio.o
HAL_GPIO_EXTI_IRQHandler                          build/stm32g4xx_hal_gpio.o
HAL_GPIO_Init                                     build/stm32g4xx_hal_gpio.o
                                                  build/stm32g4xx_hal_rcc_ex.o
                                                  build/stm32g4xx_hal_rcc.o
                                                  build/stm32g4xx_hal_msp.o
                                                  build/main.o
HAL_GPIO_LockPin                                  build/stm32g4xx_hal_gpio.o
HAL_GPIO_ReadPin                                  build/stm32g4xx_hal_gpio.o
HAL_GPIO_TogglePin                                build/stm32g4xx_hal_gpio.o
HAL_GPIO_WritePin                                 build/stm32g4xx_hal_gpio.o
                                                  build/main.o
HAL_GetDEVID                                      build/stm32g4xx_hal.o
HAL_GetHalVersion                                 build/stm32g4xx_hal.o
HAL_GetREVID                                      build/stm32g4xx_hal.o
HAL_GetTick                                       build/stm32g4xx_hal.o
                                                  build/stm32g4xx_hal_dma.o
                                                  build/stm32g4xx_hal_flash.o
                                                  build/stm32g4xx_hal_rcc_ex.o
                                                  build/stm32g4xx_hal_rcc.o
                                                  build/stm32g4xx_hal_uart_ex.o
                                                  build/stm32g4xx_hal_uart.o
HAL_GetTickFreq                                   build/stm32g4xx_hal.o
HAL_GetTickPrio                                   build/stm32g4xx_hal.o
HAL_HalfDuplex_EnableReceiver                     build/stm32g4xx_hal_uart.o
HAL_HalfDuplex_EnableTransmitter                  build/stm32g4xx_hal_uart.o
HAL_HalfDuplex_Init                               build/stm32g4xx_hal_uart.o
HAL_IncTick                                       build/stm32g4xx_hal.o
                                                  build/stm32g4xx_it.o
HAL_Init                                          build/stm32g4xx_hal.o
                                                  build/main.o
HAL_InitTick                                      build/stm32g4xx_hal.o
                                                  build/stm32g4xx_hal_rcc.o
HAL_LIN_Init                                      build/stm32g4xx_hal_uart.o
HAL_LIN_SendBreak                                 build/stm32g4xx_hal_uart.o
HAL_MPU_ConfigRegion                              build/stm32g4xx_hal_cortex.o
HAL_MPU_Disable                                   build/stm32g4xx_hal_cortex.o
HAL_MPU_Enable                                    build/stm32g4xx_hal_cortex.o
HAL_MspDeInit                                     build/stm32g4xx_hal.o
HAL_MspInit                                       build/stm32g4xx_hal_msp.o
HAL_MultiProcessorEx_AddressLength_Set            build/stm32g4xx_hal_uart_ex.o
HAL_MultiProcessor_DisableMuteMode                build/stm32g4xx_hal_uart.o
HAL_MultiProcessor_EnableMuteMode                 build/stm32g4xx_hal_uart.o
HAL_MultiProcessor_EnterMuteMode                  build/stm32g4xx_hal_uart.o
HAL_MultiProcessor_Init                           build/stm32g4xx_hal_uart.o
HAL_NVIC_ClearPendingIRQ                          build/stm32g4xx_hal_cortex.o
HAL_NVIC_DisableIRQ                               build/stm32g4xx_hal_cortex.o
HAL_NVIC_EnableIRQ                                build/stm32g4xx_hal_cortex.o
HAL_NVIC_GetActive                                build/stm32g4xx_hal_cortex.o
HAL_NVIC_GetPendingIRQ                            build/stm32g4xx_hal_cortex.o
HAL_NVIC_GetPriority                              build/stm32g4xx_hal_cortex.o
HAL_NVIC_GetPriorityGrouping                      build/stm32g4xx_hal_cortex.o
HAL_NVIC_SetPendingIRQ                            build/stm32g4xx_hal_cortex.o
HAL_NVIC_SetPriority                              build/stm32g4xx_hal_cortex.o
                                                  build/stm32g4xx_hal.o
HAL_NVIC_SetPriorityGrouping                      build/stm32g4xx_hal_cortex.o
                                                  build/stm32g4xx_hal.o
HAL_NVIC_SystemReset                              build/stm32g4xx_hal_cortex.o
HAL_PWREx_ConfigPVM                               build/stm32g4xx_hal_pwr_ex.o
HAL_PWREx_ControlVoltageScaling                   build/stm32g4xx_hal_pwr_ex.o
                                                  build/main.o
HAL_PWREx_DisableBatteryCharging                  build/stm32g4xx_hal_pwr_ex.o
HAL_PWREx_DisableGPIOPullDown                     build/stm32g4xx_hal_pwr_ex.o
HAL_PWREx_DisableGPIOPullUp                       build/stm32g4xx_hal_pwr_ex.o
HAL_PWREx_DisableInternalWakeUpLine               build/stm32g4xx_hal_pwr_ex.o
HAL_PWREx_DisableLowPowerRunMode                  build/stm32g4xx_hal_pwr_ex.o
                                                  build/stm32g4xx_hal_pwr.o
HAL_PWREx_DisablePVM1                             build/stm32g4xx_hal_pwr_ex.o
HAL_PWREx_DisablePVM2                             build/stm32g4xx_hal_pwr_ex.o
HAL_PWREx_DisablePVM3                             build/stm32g4xx_hal_pwr_ex.o
HAL_PWREx_DisablePVM4                             build/stm32g4xx_hal_pwr_ex.o
HAL_PWREx_DisablePullUpPullDownConfig             build/stm32g4xx_hal_pwr_ex.o
HAL_PWREx_DisableSRAM2ContentRetention            build/stm32g4xx_hal_pwr_ex.o
HAL_PWREx_DisableUCPDDeadBattery                  build/stm32g4xx_hal_pwr_ex.o
                                                  build/stm32g4xx_hal_msp.o
HAL_PWREx_DisableUCPDStandbyMode                  build/stm32g4xx_hal_pwr_ex.o
HAL_PWREx_EnableBatteryCharging                   build/stm32g4xx_hal_pwr_ex.o
HAL_PWREx_EnableGPIOPullDown                      build/stm32g4xx_hal_pwr_ex.o
HAL_PWREx_EnableGPIOPullUp                        build/stm32g4xx_hal_pwr_ex.o
HAL_PWREx_EnableInternalWakeUpLine                build/stm32g4xx_hal_pwr_ex.o
HAL_PWREx_EnableLowPowerRunMode                   build/stm32g4xx_hal_pwr_ex.o
                                                  build/stm32g4xx_hal_pwr.o
HAL_PWREx_EnablePVM1                              build/stm32g4xx_hal_pwr_ex.o
HAL_PWREx_EnablePVM2                              build/stm32g4xx_hal_pwr_ex.o
HAL_PWREx_EnablePVM3                              build/stm32g4xx_hal_pwr_ex.o
HAL_PWREx_EnablePVM4                              build/stm32g4xx_hal_pwr_ex.o
HAL_PWREx_EnablePullUpPullDownConfig              build/stm32g4xx_hal_pwr_ex.o
HAL_PWREx_EnableSRAM2ContentRetention             build/stm32g4xx_hal_pwr_ex.o
HAL_PWREx_EnableUCPDDeadBattery                   build/stm32g4xx_hal_pwr_ex.o
HAL_PWREx_EnableUCPDStandbyMode                   build/stm32g4xx_hal_pwr_ex.o
HAL_PWREx_EnterSHUTDOWNMode                       build/stm32g4xx_hal_pwr_ex.o
HAL_PWREx_EnterSTOP0Mode                          build/stm32g4xx_hal_pwr_ex.o
                                                  build/stm32g4xx_hal_pwr.o
HAL_PWREx_EnterSTOP1Mode                          build/stm32g4xx_hal_pwr_ex.o
                                                  build/stm32g4xx_hal_pwr.o
HAL_PWREx_GetVoltageRange                         build/stm32g4xx_hal_pwr_ex.o
HAL_PWREx_PVD_PVM_IRQHandler                      build/stm32g4xx_hal_pwr_ex.o
HAL_PWREx_PVM1Callback                            build/stm32g4xx_hal_pwr_ex.o
HAL_PWREx_PVM2Callback                            build/stm32g4xx_hal_pwr_ex.o
HAL_PWREx_PVM3Callback                            build/stm32g4xx_hal_pwr_ex.o
HAL_PWREx_PVM4Callback                            build/stm32g4xx_hal_pwr_ex.o
HAL_PWR_ConfigPVD                                 build/stm32g4xx_hal_pwr.o
HAL_PWR_DeInit                                    build/stm32g4xx_hal_pwr.o
HAL_PWR_DisableBkUpAccess                         build/stm32g4xx_hal_pwr.o
                                                  build/stm32g4xx_hal_rcc_ex.o
HAL_PWR_DisablePVD                                build/stm32g4xx_hal_pwr.o
HAL_PWR_DisableSEVOnPend                          build/stm32g4xx_hal_pwr.o
HAL_PWR_DisableSleepOnExit                        build/stm32g4xx_hal_pwr.o
HAL_PWR_DisableWakeUpPin                          build/stm32g4xx_hal_pwr.o
HAL_PWR_EnableBkUpAccess                          build/stm32g4xx_hal_pwr.o
                                                  build/stm32g4xx_hal_rcc_ex.o
HAL_PWR_EnablePVD                                 build/stm32g4xx_hal_pwr.o
HAL_PWR_EnableSEVOnPend                           build/stm32g4xx_hal_pwr.o
HAL_PWR_EnableSleepOnExit                         build/stm32g4xx_hal_pwr.o
HAL_PWR_EnableWakeUpPin                           build/stm32g4xx_hal_pwr.o
HAL_PWR_EnterSLEEPMode                            build/stm32g4xx_hal_pwr.o
HAL_PWR_EnterSTANDBYMode                          build/stm32g4xx_hal_pwr.o
HAL_PWR_EnterSTOPMode                             build/stm32g4xx_hal_pwr.o
HAL_PWR_PVDCallback                               build/stm32g4xx_hal_pwr.o
                                                  build/stm32g4xx_hal_pwr_ex.o
HAL_RCCEx_CRSConfig                               build/stm32g4xx_hal_rcc_ex.o
HAL_RCCEx_CRSGetSynchronizationInfo               build/stm32g4xx_hal_rcc_ex.o
HAL_RCCEx_CRSSoftwareSynchronizationGenerate      build/stm32g4xx_hal_rcc_ex.o
HAL_RCCEx_CRSWaitSynchronization                  build/stm32g4xx_hal_rcc_ex.o
HAL_RCCEx_CRS_ErrorCallback                       build/stm32g4xx_hal_rcc_ex.o
HAL_RCCEx_CRS_ExpectedSyncCallback                build/stm32g4xx_hal_rcc_ex.o
HAL_RCCEx_CRS_IRQHandler                          build/stm32g4xx_hal_rcc_ex.o
HAL_RCCEx_CRS_SyncOkCallback                      build/stm32g4xx_hal_rcc_ex.o
HAL_RCCEx_CRS_SyncWarnCallback                    build/stm32g4xx_hal_rcc_ex.o
HAL_RCCEx_DisableLSCO                             build/stm32g4xx_hal_rcc_ex.o
HAL_RCCEx_DisableLSECSS                           build/stm32g4xx_hal_rcc_ex.o
HAL_RCCEx_EnableLSCO                              build/stm32g4xx_hal_rcc_ex.o
HAL_RCCEx_EnableLSECSS                            build/stm32g4xx_hal_rcc_ex.o
HAL_RCCEx_EnableLSECSS_IT                         build/stm32g4xx_hal_rcc_ex.o
HAL_RCCEx_GetPeriphCLKConfig                      build/stm32g4xx_hal_rcc_ex.o
HAL_RCCEx_GetPeriphCLKFreq                        build/stm32g4xx_hal_rcc_ex.o
HAL_RCCEx_LSECSS_Callback                         build/stm32g4xx_hal_rcc_ex.o
HAL_RCCEx_LSECSS_IRQHandler                       build/stm32g4xx_hal_rcc_ex.o
HAL_RCCEx_PeriphCLKConfig                         build/stm32g4xx_hal_rcc_ex.o
                                                  build/main.o
HAL_RCC_CSSCallback                               build/stm32g4xx_hal_rcc.o
HAL_RCC_ClockConfig                               build/stm32g4xx_hal_rcc.o
                                                  build/main.o
HAL_RCC_DeInit                                    build/stm32g4xx_hal_rcc.o
HAL_RCC_DisableLSECSS                             build/stm32g4xx_hal_rcc.o
HAL_RCC_EnableCSS                                 build/stm32g4xx_hal_rcc.o
HAL_RCC_EnableLSECSS                              build/stm32g4xx_hal_rcc.o
HAL_RCC_GetClockConfig                            build/stm32g4xx_hal_rcc.o
HAL_RCC_GetHCLKFreq                               build/stm32g4xx_hal_rcc.o
HAL_RCC_GetOscConfig                              build/stm32g4xx_hal_rcc.o
HAL_RCC_GetPCLK1Freq                              build/stm32g4xx_hal_rcc.o
                                                  build/stm32g4xx_hal_rcc_ex.o
                                                  build/stm32g4xx_hal_uart.o
HAL_RCC_GetPCLK2Freq                              build/stm32g4xx_hal_rcc.o
                                                  build/stm32g4xx_hal_rcc_ex.o
                                                  build/stm32g4xx_hal_uart.o
HAL_RCC_GetSysClockFreq                           build/stm32g4xx_hal_rcc.o
                                                  build/stm32g4xx_hal_rcc_ex.o
                                                  build/stm32g4xx_hal_uart.o
HAL_RCC_MCOConfig                                 build/stm32g4xx_hal_rcc.o
HAL_RCC_NMI_IRQHandler                            build/stm32g4xx_hal_rcc.o
HAL_RCC_OscConfig                                 build/stm32g4xx_hal_rcc.o
                                                  build/main.o
HAL_RS485Ex_Init                                  build/stm32g4xx_hal_uart_ex.o
HAL_ResumeTick                                    build/stm32g4xx_hal.o
HAL_SYSCFG_CCMSRAMErase                           build/stm32g4xx_hal.o
HAL_SYSCFG_CCMSRAM_WriteProtectionEnable          build/stm32g4xx_hal.o
HAL_SYSCFG_DisableIOSwitchBooster                 build/stm32g4xx_hal.o
HAL_SYSCFG_DisableIOSwitchVDD                     build/stm32g4xx_hal.o
HAL_SYSCFG_DisableMemorySwappingBank              build/stm32g4xx_hal.o
HAL_SYSCFG_DisableVREFBUF                         build/stm32g4xx_hal.o
HAL_SYSCFG_EnableIOSwitchBooster                  build/stm32g4xx_hal.o
HAL_SYSCFG_EnableIOSwitchVDD                      build/stm32g4xx_hal.o
HAL_SYSCFG_EnableMemorySwappingBank               build/stm32g4xx_hal.o
HAL_SYSCFG_EnableVREFBUF                          build/stm32g4xx_hal.o
HAL_SYSCFG_VREFBUF_HighImpedanceConfig            build/stm32g4xx_hal.o
HAL_SYSCFG_VREFBUF_TrimmingConfig                 build/stm32g4xx_hal.o
HAL_SYSCFG_VREFBUF_VoltageScalingConfig           build/stm32g4xx_hal.o
HAL_SYSTICK_CLKSourceConfig                       build/stm32g4xx_hal_cortex.o
HAL_SYSTICK_Callback                              build/stm32g4xx_hal_cortex.o
HAL_SYSTICK_Config                                build/stm32g4xx_hal_cortex.o
                                                  build/stm32g4xx_hal.o
HAL_SYSTICK_IRQHandler                            build/stm32g4xx_hal_cortex.o
HAL_SetTickFreq                                   build/stm32g4xx_hal.o
HAL_SuspendTick                                   build/stm32g4xx_hal.o
HAL_UARTEx_DisableFifoMode                        build/stm32g4xx_hal_uart_ex.o
                                                  build/main.o
HAL_UARTEx_DisableStopMode                        build/stm32g4xx_hal_uart_ex.o
HAL_UARTEx_EnableFifoMode                         build/stm32g4xx_hal_uart_ex.o
HAL_UARTEx_EnableStopMode                         build/stm32g4xx_hal_uart_ex.o
HAL_UARTEx_RxFifoFullCallback                     build/stm32g4xx_hal_uart_ex.o
                                                  build/stm32g4xx_hal_uart.o
HAL_UARTEx_SetRxFifoThreshold                     build/stm32g4xx_hal_uart_ex.o
                                                  build/main.o
HAL_UARTEx_SetTxFifoThreshold                     build/stm32g4xx_hal_uart_ex.o
                                                  build/main.o
HAL_UARTEx_StopModeWakeUpSourceConfig             build/stm32g4xx_hal_uart_ex.o
HAL_UARTEx_TxFifoEmptyCallback                    build/stm32g4xx_hal_uart_ex.o
                                                  build/stm32g4xx_hal_uart.o
HAL_UARTEx_WakeupCallback                         build/stm32g4xx_hal_uart_ex.o
                                                  build/stm32g4xx_hal_uart.o
HAL_UART_Abort                                    build/stm32g4xx_hal_uart.o
HAL_UART_AbortCpltCallback                        build/stm32g4xx_hal_uart.o
HAL_UART_AbortReceive                             build/stm32g4xx_hal_uart.o
HAL_UART_AbortReceiveCpltCallback                 build/stm32g4xx_hal_uart.o
HAL_UART_AbortReceive_IT                          build/stm32g4xx_hal_uart.o
HAL_UART_AbortTransmit                            build/stm32g4xx_hal_uart.o
HAL_UART_AbortTransmitCpltCallback                build/stm32g4xx_hal_uart.o
HAL_UART_AbortTransmit_IT                         build/stm32g4xx_hal_uart.o
HAL_UART_Abort_IT                                 build/stm32g4xx_hal_uart.o
HAL_UART_DMAPause                                 build/stm32g4xx_hal_uart.o
HAL_UART_DMAResume                                build/stm32g4xx_hal_uart.o
HAL_UART_DMAStop                                  build/stm32g4xx_hal_uart.o
HAL_UART_DeInit                                   build/stm32g4xx_hal_uart.o
HAL_UART_DisableReceiverTimeout                   build/stm32g4xx_hal_uart.o
HAL_UART_EnableReceiverTimeout                    build/stm32g4xx_hal_uart.o
HAL_UART_ErrorCallback                            build/stm32g4xx_hal_uart.o
HAL_UART_GetError                                 build/stm32g4xx_hal_uart.o
HAL_UART_GetState                                 build/stm32g4xx_hal_uart.o
HAL_UART_IRQHandler                               build/stm32g4xx_hal_uart.o
HAL_UART_Init                                     build/stm32g4xx_hal_uart.o
                                                  build/main.o
HAL_UART_MspDeInit                                build/stm32g4xx_hal_msp.o
HAL_UART_MspInit                                  build/stm32g4xx_hal_msp.o
                                                  build/stm32g4xx_hal_uart_ex.o
HAL_UART_Receive                                  build/stm32g4xx_hal_uart.o
HAL_UART_Receive_DMA                              build/stm32g4xx_hal_uart.o
HAL_UART_Receive_IT                               build/stm32g4xx_hal_uart.o
HAL_UART_ReceiverTimeout_Config                   build/stm32g4xx_hal_uart.o
HAL_UART_RxCpltCallback                           build/stm32g4xx_hal_uart.o
HAL_UART_RxHalfCpltCallback                       build/stm32g4xx_hal_uart.o
HAL_UART_Transmit                                 build/stm32g4xx_hal_uart.o
HAL_UART_Transmit_DMA                             build/stm32g4xx_hal_uart.o
HAL_UART_Transmit_IT                              build/stm32g4xx_hal_uart.o
HAL_UART_TxCpltCallback                           build/stm32g4xx_hal_uart.o
HAL_UART_TxHalfCpltCallback                       build/stm32g4xx_hal_uart.o
HardFault_Handler                                 build/stm32g4xx_it.o
I2C1_ER_IRQHandler                                build/startup_stm32g431xx.o
I2C1_EV_IRQHandler                                build/startup_stm32g431xx.o
I2C2_ER_IRQHandler                                build/startup_stm32g431xx.o
I2C2_EV_IRQHandler                                build/startup_stm32g431xx.o
I2C3_ER_IRQHandler                                build/startup_stm32g431xx.o
I2C3_EV_IRQHandler                                build/startup_stm32g431xx.o
LPTIM1_IRQHandler                                 build/startup_stm32g431xx.o
LPUART1_IRQHandler                                build/startup_stm32g431xx.o
MemManage_Handler                                 build/stm32g4xx_it.o
NMI_Handler                                       build/stm32g4xx_it.o
PVD_PVM_IRQHandler                                build/startup_stm32g431xx.o
PendSV_Handler                                    build/stm32g4xx_it.o
RCC_IRQHandler                                    build/startup_stm32g431xx.o
RNG_IRQHandler                                    build/startup_stm32g431xx.o
RTC_Alarm_IRQHandler                              build/startup_stm32g431xx.o
RTC_TAMP_LSECSS_IRQHandler                        build/startup_stm32g431xx.o
RTC_WKUP_IRQHandler                               build/startup_stm32g431xx.o
Reset_Handler                                     build/startup_stm32g431xx.o
SAI1_IRQHandler                                   build/startup_stm32g431xx.o
SPI1_IRQHandler                                   build/startup_stm32g431xx.o
SPI2_IRQHandler                                   build/startup_stm32g431xx.o
SPI3_IRQHandler                                   build/startup_stm32g431xx.o
SVC_Handler                                       build/stm32g4xx_it.o
SysTick_Handler                                   build/stm32g4xx_it.o
SystemClock_Config                                build/main.o
SystemCoreClock                                   build/system_stm32g4xx.o
                                                  build/stm32g4xx_hal_pwr_ex.o
                                                  build/stm32g4xx_hal_rcc.o
                                                  build/stm32g4xx_hal.o
SystemCoreClockUpdate                             build/system_stm32g4xx.o
SystemInit                                        build/system_stm32g4xx.o
                                                  build/startup_stm32g431xx.o
TIM1_BRK_TIM15_IRQHandler                         build/startup_stm32g431xx.o
TIM1_CC_IRQHandler                                build/startup_stm32g431xx.o
TIM1_TRG_COM_TIM17_IRQHandler                     build/startup_stm32g431xx.o
TIM1_UP_TIM16_IRQHandler                          build/startup_stm32g431xx.o
TIM2_IRQHandler                                   build/startup_stm32g431xx.o
TIM3_IRQHandler                                   build/startup_stm32g431xx.o
TIM4_IRQHandler                                   build/startup_stm32g431xx.o
TIM6_DAC_IRQHandler                               build/startup_stm32g431xx.o
TIM7_IRQHandler                                   build/startup_stm32g431xx.o
TIM8_BRK_IRQHandler                               build/startup_stm32g431xx.o
TIM8_CC_IRQHandler                                build/startup_stm32g431xx.o
TIM8_TRG_COM_IRQHandler                           build/startup_stm32g431xx.o
TIM8_UP_IRQHandler                                build/startup_stm32g431xx.o
UART4_IRQHandler                                  build/startup_stm32g431xx.o
UARTPrescTable                                    build/stm32g4xx_hal_uart.o
UART_AdvFeatureConfig                             build/stm32g4xx_hal_uart.o
                                                  build/stm32g4xx_hal_uart_ex.o
UART_CheckIdleState                               build/stm32g4xx_hal_uart.o
                                                  build/stm32g4xx_hal_uart_ex.o
UART_SetConfig                                    build/stm32g4xx_hal_uart.o
                                                  build/stm32g4xx_hal_uart_ex.o
UART_WaitOnFlagUntilTimeout                       build/stm32g4xx_hal_uart.o
                                                  build/stm32g4xx_hal_uart_ex.o
UCPD1_IRQHandler                                  build/startup_stm32g431xx.o
USART1_IRQHandler                                 build/startup_stm32g431xx.o
USART2_IRQHandler                                 build/startup_stm32g431xx.o
USART3_IRQHandler                                 build/startup_stm32g431xx.o
USBWakeUp_IRQHandler                              build/startup_stm32g431xx.o
USB_HP_IRQHandler                                 build/startup_stm32g431xx.o
USB_LP_IRQHandler                                 build/startup_stm32g431xx.o
UsageFault_Handler                                build/stm32g4xx_it.o
WWDG_IRQHandler                                   build/startup_stm32g431xx.o
_ITM_deregisterTMCloneTable                       /usr/lib/gcc/arm-none-eabi/7.3.1/thumb/v7e-m/fpv4-sp/hard/crtbegin.o
_ITM_registerTMCloneTable                         /usr/lib/gcc/arm-none-eabi/7.3.1/thumb/v7e-m/fpv4-sp/hard/crtbegin.o
__TMC_END__                                       /usr/lib/gcc/arm-none-eabi/7.3.1/thumb/v7e-m/fpv4-sp/hard/crtend.o
                                                  /usr/lib/gcc/arm-none-eabi/7.3.1/thumb/v7e-m/fpv4-sp/hard/crtbegin.o
__aeabi_idiv0                                     /usr/lib/gcc/arm-none-eabi/7.3.1/thumb/v7e-m/fpv4-sp/hard/libgcc.a(_dvmd_tls.o)
__aeabi_ldiv0                                     /usr/lib/gcc/arm-none-eabi/7.3.1/thumb/v7e-m/fpv4-sp/hard/libgcc.a(_dvmd_tls.o)
                                                  /usr/lib/gcc/arm-none-eabi/7.3.1/thumb/v7e-m/fpv4-sp/hard/libgcc.a(_aeabi_uldivmod.o)
__aeabi_uldivmod                                  /usr/lib/gcc/arm-none-eabi/7.3.1/thumb/v7e-m/fpv4-sp/hard/libgcc.a(_aeabi_uldivmod.o)
                                                  build/stm32g4xx_hal_uart.o
__atexit_dummy                                    /usr/lib/gcc/arm-none-eabi/7.3.1/../../../arm-none-eabi/lib/thumb/v7e-m/fpv4-sp/hard/libc_nano.a(lib_a-__atexit.o)
__bss_end__                                       /usr/lib/gcc/arm-none-eabi/7.3.1/../../../arm-none-eabi/lib/thumb/v7e-m/fpv4-sp/hard/crt0.o
__bss_start__                                     /usr/lib/gcc/arm-none-eabi/7.3.1/../../../arm-none-eabi/lib/thumb/v7e-m/fpv4-sp/hard/crt0.o
__call_exitprocs                                  /usr/lib/gcc/arm-none-eabi/7.3.1/../../../arm-none-eabi/lib/thumb/v7e-m/fpv4-sp/hard/libc_nano.a(lib_a-__call_atexit.o)
                                                  /usr/lib/gcc/arm-none-eabi/7.3.1/../../../arm-none-eabi/lib/thumb/v7e-m/fpv4-sp/hard/libc_nano.a(lib_a-__atexit.o)
                                                  /usr/lib/gcc/arm-none-eabi/7.3.1/../../../arm-none-eabi/lib/thumb/v7e-m/fpv4-sp/hard/libc_nano.a(lib_a-exit.o)
__deregister_frame_info                           /usr/lib/gcc/arm-none-eabi/7.3.1/thumb/v7e-m/fpv4-sp/hard/crtbegin.o
__dso_handle                                      /usr/lib/gcc/arm-none-eabi/7.3.1/thumb/v7e-m/fpv4-sp/hard/crtbegin.o
__fini_array_end                                  /usr/lib/gcc/arm-none-eabi/7.3.1/../../../arm-none-eabi/lib/thumb/v7e-m/fpv4-sp/hard/libc_nano.a(lib_a-fini.o)
__fini_array_start                                /usr/lib/gcc/arm-none-eabi/7.3.1/../../../arm-none-eabi/lib/thumb/v7e-m/fpv4-sp/hard/libc_nano.a(lib_a-fini.o)
__init_array_end                                  /usr/lib/gcc/arm-none-eabi/7.3.1/../../../arm-none-eabi/lib/thumb/v7e-m/fpv4-sp/hard/libc_nano.a(lib_a-init.o)
__init_array_start                                /usr/lib/gcc/arm-none-eabi/7.3.1/../../../arm-none-eabi/lib/thumb/v7e-m/fpv4-sp/hard/libc_nano.a(lib_a-init.o)
__libc_fini_array                                 /usr/lib/gcc/arm-none-eabi/7.3.1/../../../arm-none-eabi/lib/thumb/v7e-m/fpv4-sp/hard/libc_nano.a(lib_a-fini.o)
                                                  /usr/lib/gcc/arm-none-eabi/7.3.1/../../../arm-none-eabi/lib/thumb/v7e-m/fpv4-sp/hard/crt0.o
__libc_init_array                                 /usr/lib/gcc/arm-none-eabi/7.3.1/../../../arm-none-eabi/lib/thumb/v7e-m/fpv4-sp/hard/libc_nano.a(lib_a-init.o)
                                                  build/startup_stm32g431xx.o
                                                  /usr/lib/gcc/arm-none-eabi/7.3.1/../../../arm-none-eabi/lib/thumb/v7e-m/fpv4-sp/hard/crt0.o
__on_exit_args                                    /usr/lib/gcc/arm-none-eabi/7.3.1/../../../arm-none-eabi/lib/thumb/v7e-m/fpv4-sp/hard/libc_nano.a(lib_a-__atexit.o)
__preinit_array_end                               /usr/lib/gcc/arm-none-eabi/7.3.1/../../../arm-none-eabi/lib/thumb/v7e-m/fpv4-sp/hard/libc_nano.a(lib_a-init.o)
__preinit_array_start                             /usr/lib/gcc/arm-none-eabi/7.3.1/../../../arm-none-eabi/lib/thumb/v7e-m/fpv4-sp/hard/libc_nano.a(lib_a-init.o)
__register_exitproc                               /usr/lib/gcc/arm-none-eabi/7.3.1/../../../arm-none-eabi/lib/thumb/v7e-m/fpv4-sp/hard/libc_nano.a(lib_a-__atexit.o)
                                                  /usr/lib/gcc/arm-none-eabi/7.3.1/../../../arm-none-eabi/lib/thumb/v7e-m/fpv4-sp/hard/libc_nano.a(lib_a-atexit.o)
__register_frame_info                             /usr/lib/gcc/arm-none-eabi/7.3.1/thumb/v7e-m/fpv4-sp/hard/crtbegin.o
__sf_fake_stderr                                  /usr/lib/gcc/arm-none-eabi/7.3.1/../../../arm-none-eabi/lib/thumb/v7e-m/fpv4-sp/hard/libc_nano.a(lib_a-impure.o)
__sf_fake_stdin                                   /usr/lib/gcc/arm-none-eabi/7.3.1/../../../arm-none-eabi/lib/thumb/v7e-m/fpv4-sp/hard/libc_nano.a(lib_a-impure.o)
__sf_fake_stdout                                  /usr/lib/gcc/arm-none-eabi/7.3.1/../../../arm-none-eabi/lib/thumb/v7e-m/fpv4-sp/hard/libc_nano.a(lib_a-impure.o)
__stack                                           /usr/lib/gcc/arm-none-eabi/7.3.1/../../../arm-none-eabi/lib/thumb/v7e-m/fpv4-sp/hard/crt0.o
__udivmoddi4                                      /usr/lib/gcc/arm-none-eabi/7.3.1/thumb/v7e-m/fpv4-sp/hard/libgcc.a(_udivmoddi4.o)
                                                  /usr/lib/gcc/arm-none-eabi/7.3.1/thumb/v7e-m/fpv4-sp/hard/libgcc.a(_aeabi_uldivmod.o)
_ebss                                             build/startup_stm32g431xx.o
_edata                                            build/startup_stm32g431xx.o
_estack                                           build/startup_stm32g431xx.o
_exit                                             /usr/lib/gcc/arm-none-eabi/7.3.1/../../../arm-none-eabi/lib/thumb/v7e-m/fpv4-sp/hard/libnosys.a(_exit.o)
                                                  /usr/lib/gcc/arm-none-eabi/7.3.1/../../../arm-none-eabi/lib/thumb/v7e-m/fpv4-sp/hard/libc_nano.a(lib_a-exit.o)
_fini                                             /usr/lib/gcc/arm-none-eabi/7.3.1/thumb/v7e-m/fpv4-sp/hard/crti.o
                                                  /usr/lib/gcc/arm-none-eabi/7.3.1/../../../arm-none-eabi/lib/thumb/v7e-m/fpv4-sp/hard/libc_nano.a(lib_a-fini.o)
_global_atexit                                    /usr/lib/gcc/arm-none-eabi/7.3.1/../../../arm-none-eabi/lib/thumb/v7e-m/fpv4-sp/hard/libc_nano.a(lib_a-__call_atexit.o)
                                                  /usr/lib/gcc/arm-none-eabi/7.3.1/../../../arm-none-eabi/lib/thumb/v7e-m/fpv4-sp/hard/libc_nano.a(lib_a-__atexit.o)
_global_impure_ptr                                /usr/lib/gcc/arm-none-eabi/7.3.1/../../../arm-none-eabi/lib/thumb/v7e-m/fpv4-sp/hard/libc_nano.a(lib_a-impure.o)
                                                  /usr/lib/gcc/arm-none-eabi/7.3.1/../../../arm-none-eabi/lib/thumb/v7e-m/fpv4-sp/hard/libc_nano.a(lib_a-exit.o)
_impure_ptr                                       /usr/lib/gcc/arm-none-eabi/7.3.1/../../../arm-none-eabi/lib/thumb/v7e-m/fpv4-sp/hard/libc_nano.a(lib_a-impure.o)
_init                                             /usr/lib/gcc/arm-none-eabi/7.3.1/thumb/v7e-m/fpv4-sp/hard/crti.o
                                                  /usr/lib/gcc/arm-none-eabi/7.3.1/../../../arm-none-eabi/lib/thumb/v7e-m/fpv4-sp/hard/libc_nano.a(lib_a-init.o)
_mainCRTStartup                                   /usr/lib/gcc/arm-none-eabi/7.3.1/../../../arm-none-eabi/lib/thumb/v7e-m/fpv4-sp/hard/crt0.o
_sbss                                             build/startup_stm32g431xx.o
_sdata                                            build/startup_stm32g431xx.o
_sidata                                           build/startup_stm32g431xx.o
_start                                            /usr/lib/gcc/arm-none-eabi/7.3.1/../../../arm-none-eabi/lib/thumb/v7e-m/fpv4-sp/hard/crt0.o
assert_failed                                     build/main.o
                                                  build/stm32g4xx_hal_cortex.o
                                                  build/stm32g4xx_hal_pwr_ex.o
                                                  build/stm32g4xx_hal_pwr.o
                                                  build/stm32g4xx_hal_dma_ex.o
                                                  build/stm32g4xx_hal_dma.o
                                                  build/stm32g4xx_hal_exti.o
                                                  build/stm32g4xx_hal_flash_ex.o
                                                  build/stm32g4xx_hal_flash.o
                                                  build/stm32g4xx_hal_rcc_ex.o
                                                  build/stm32g4xx_hal_rcc.o
                                                  build/stm32g4xx_hal.o
                                                  build/stm32g4xx_hal_uart_ex.o
                                                  build/stm32g4xx_hal_uart.o
                                                  build/stm32g4xx_hal_gpio.o
atexit                                            /usr/lib/gcc/arm-none-eabi/7.3.1/../../../arm-none-eabi/lib/thumb/v7e-m/fpv4-sp/hard/libc_nano.a(lib_a-atexit.o)
                                                  /usr/lib/gcc/arm-none-eabi/7.3.1/../../../arm-none-eabi/lib/thumb/v7e-m/fpv4-sp/hard/crt0.o
exit                                              /usr/lib/gcc/arm-none-eabi/7.3.1/../../../arm-none-eabi/lib/thumb/v7e-m/fpv4-sp/hard/libc_nano.a(lib_a-exit.o)
                                                  /usr/lib/gcc/arm-none-eabi/7.3.1/../../../arm-none-eabi/lib/thumb/v7e-m/fpv4-sp/hard/crt0.o
g_pfnVectors                                      build/startup_stm32g431xx.o
hardware_init_hook                                /usr/lib/gcc/arm-none-eabi/7.3.1/../../../arm-none-eabi/lib/thumb/v7e-m/fpv4-sp/hard/crt0.o
hlpuart1                                          build/main.o
main                                              build/main.o
                                                  build/startup_stm32g431xx.o
                                                  /usr/lib/gcc/arm-none-eabi/7.3.1/../../../arm-none-eabi/lib/thumb/v7e-m/fpv4-sp/hard/crt0.o
malloc                                            /usr/lib/gcc/arm-none-eabi/7.3.1/../../../arm-none-eabi/lib/thumb/v7e-m/fpv4-sp/hard/libc_nano.a(lib_a-__atexit.o)
memset                                            /usr/lib/gcc/arm-none-eabi/7.3.1/../../../arm-none-eabi/lib/thumb/v7e-m/fpv4-sp/hard/libc_nano.a(lib_a-memset.o)
                                                  build/main.o
                                                  /usr/lib/gcc/arm-none-eabi/7.3.1/../../../arm-none-eabi/lib/thumb/v7e-m/fpv4-sp/hard/crt0.o
pFlash                                            build/stm32g4xx_hal_flash.o
                                                  build/stm32g4xx_hal_flash_ex.o
software_init_hook                                /usr/lib/gcc/arm-none-eabi/7.3.1/../../../arm-none-eabi/lib/thumb/v7e-m/fpv4-sp/hard/crt0.o
uwTick                                            build/stm32g4xx_hal.o
uwTickFreq                                        build/stm32g4xx_hal.o
uwTickPrio                                        build/stm32g4xx_hal.o
                                                  build/stm32g4xx_hal_rcc.o
